Release 14.5 - xst P.58f (nt64)
Copyright (c) 1995-2012 Xilinx, Inc.  All rights reserved.
--> Parameter TMPDIR set to xst/projnav.tmp


Total REAL time to Xst completion: 1.00 secs
Total CPU time to Xst completion: 0.27 secs
 
--> Parameter xsthdpdir set to xst


Total REAL time to Xst completion: 1.00 secs
Total CPU time to Xst completion: 0.27 secs
 
--> Reading design: MESema.prj

TABLE OF CONTENTS
  1) Synthesis Options Summary
  2) HDL Parsing
  3) HDL Elaboration
  4) HDL Synthesis
       4.1) HDL Synthesis Report
  5) Advanced HDL Synthesis
       5.1) Advanced HDL Synthesis Report
  6) Low Level Synthesis
  7) Partition Report
  8) Design Summary
       8.1) Primitive and Black Box Usage
       8.2) Device utilization summary
       8.3) Partition Resource Summary
       8.4) Timing Report
            8.4.1) Clock Information
            8.4.2) Asynchronous Control Signals Information
            8.4.3) Timing Summary
            8.4.4) Timing Details
            8.4.5) Cross Clock Domains Report


=========================================================================
*                      Synthesis Options Summary                        *
=========================================================================
---- Source Parameters
Input File Name                    : "MESema.prj"
Ignore Synthesis Constraint File   : NO

---- Target Parameters
Output File Name                   : "MESema"
Output Format                      : NGC
Target Device                      : xc6slx16-2-ftg256

---- Source Options
Top Module Name                    : MESema
Automatic FSM Extraction           : YES
FSM Encoding Algorithm             : Auto
Safe Implementation                : No
FSM Style                          : LUT
RAM Extraction                     : Yes
RAM Style                          : Auto
ROM Extraction                     : Yes
Shift Register Extraction          : YES
ROM Style                          : Auto
Resource Sharing                   : YES
Asynchronous To Synchronous        : NO
Shift Register Minimum Size        : 2
Use DSP Block                      : Auto
Automatic Register Balancing       : No

---- Target Options
LUT Combining                      : Auto
Reduce Control Sets                : Auto
Add IO Buffers                     : YES
Global Maximum Fanout              : 100000
Add Generic Clock Buffer(BUFG)     : 16
Register Duplication               : YES
Optimize Instantiated Primitives   : NO
Use Clock Enable                   : Auto
Use Synchronous Set                : Auto
Use Synchronous Reset              : Auto
Pack IO Registers into IOBs        : Auto
Equivalent register Removal        : YES

---- General Options
Optimization Goal                  : Speed
Optimization Effort                : 1
Power Reduction                    : NO
Keep Hierarchy                     : No
Netlist Hierarchy                  : As_Optimized
RTL Output                         : Yes
Global Optimization                : AllClockNets
Read Cores                         : YES
Write Timing Constraints           : NO
Cross Clock Analysis               : NO
Hierarchy Separator                : /
Bus Delimiter                      : <>
Case Specifier                     : Maintain
Slice Utilization Ratio            : 100
BRAM Utilization Ratio             : 100
DSP48 Utilization Ratio            : 100
Auto BRAM Packing                  : NO
Slice Utilization Ratio Delta      : 5

=========================================================================


=========================================================================
*                          HDL Parsing                                  *
=========================================================================
Parsing VHDL file "G:\Logica Secuencial\2do Parcial\MESema\MESema.vhd" into library work
Parsing entity <MESema>.
Parsing architecture <Behavioral> of entity <mesema>.

=========================================================================
*                            HDL Elaboration                            *
=========================================================================

Elaborating entity <MESema> (architecture <Behavioral>) from library <work>.
INFO:HDLCompiler:679 - "G:\Logica Secuencial\2do Parcial\MESema\MESema.vhd" Line 81. Case statement is complete. others clause is never selected

=========================================================================
*                           HDL Synthesis                               *
=========================================================================

Synthesizing Unit <MESema>.
    Related source file is "G:\Logica Secuencial\2do Parcial\MESema\MESema.vhd".
    Found 3-bit register for signal <cnt>.
    Found 2-bit register for signal <edo_p>.
    Found 3-bit register for signal <salida>.
    Found 2-bit register for signal <conta>.
    Found finite state machine <FSM_0> for signal <edo_p>.
    -----------------------------------------------------------------------
    | States             | 4                                              |
    | Transitions        | 14                                             |
    | Inputs             | 5                                              |
    | Outputs            | 3                                              |
    | Clock              | clk (falling_edge)                             |
    | Power Up State     | verde                                          |
    | Encoding           | auto                                           |
    | Implementation     | LUT                                            |
    -----------------------------------------------------------------------
    Found 3-bit adder for signal <cnt[2]_GND_5_o_add_14_OUT> created at line 63.
    Found 2-bit adder for signal <conta[1]_GND_5_o_add_17_OUT> created at line 69.
    Summary:
	inferred   2 Adder/Subtractor(s).
	inferred   8 D-type flip-flop(s).
	inferred   1 Finite State Machine(s).
Unit <MESema> synthesized.

=========================================================================
HDL Synthesis Report

Macro Statistics
# Adders/Subtractors                                   : 2
 2-bit adder                                           : 1
 3-bit adder                                           : 1
# Registers                                            : 3
 2-bit register                                        : 1
 3-bit register                                        : 2
# FSMs                                                 : 1

=========================================================================

=========================================================================
*                       Advanced HDL Synthesis                          *
=========================================================================


Synthesizing (advanced) Unit <MESema>.
The following registers are absorbed into counter <conta>: 1 register on signal <conta>.
The following registers are absorbed into counter <cnt>: 1 register on signal <cnt>.
Unit <MESema> synthesized (advanced).

=========================================================================
Advanced HDL Synthesis Report

Macro Statistics
# Counters                                             : 2
 2-bit up counter                                      : 1
 3-bit up counter                                      : 1
# Registers                                            : 3
 Flip-Flops                                            : 3
# FSMs                                                 : 1

=========================================================================

=========================================================================
*                         Low Level Synthesis                           *
=========================================================================
Analyzing FSM <MFsm> for best encoding.
Optimizing FSM <FSM_0> on signal <edo_p[1:2]> with sequential encoding.
----------------------
 State    | Encoding
----------------------
 verde    | 00
 amarillo | 01
 rojo     | 11
 parpadeo | 10
----------------------

Optimizing unit <MESema> ...

Mapping all equations...
Building and optimizing final netlist ...
Found area constraint ratio of 100 (+ 5) on block MESema, actual ratio is 0.

Final Macro Processing ...

=========================================================================
Final Register Report

Macro Statistics
# Registers                                            : 10
 Flip-Flops                                            : 10

=========================================================================

=========================================================================
*                           Partition Report                            *
=========================================================================

Partition Implementation Status
-------------------------------

  No Partitions were found in this design.

-------------------------------

=========================================================================
*                            Design Summary                             *
=========================================================================

Top Level Output File Name         : MESema.ngc

Primitive and Black Box Usage:
------------------------------
# BELS                             : 12
#      INV                         : 1
#      LUT2                        : 6
#      LUT3                        : 1
#      LUT5                        : 2
#      LUT6                        : 2
# FlipFlops/Latches                : 10
#      FD                          : 5
#      FD_1                        : 5
# Clock Buffers                    : 1
#      BUFGP                       : 1
# IO Buffers                       : 3
#      OBUF                        : 3

Device utilization summary:
---------------------------

Selected Device : 6slx16ftg256-2 


Slice Logic Utilization: 
 Number of Slice Registers:              10  out of  18224     0%  
 Number of Slice LUTs:                   12  out of   9112     0%  
    Number used as Logic:                12  out of   9112     0%  

Slice Logic Distribution: 
 Number of LUT Flip Flop pairs used:     12
   Number with an unused Flip Flop:       2  out of     12    16%  
   Number with an unused LUT:             0  out of     12     0%  
   Number of fully used LUT-FF pairs:    10  out of     12    83%  
   Number of unique control sets:         2

IO Utilization: 
 Number of IOs:                           4
 Number of bonded IOBs:                   4  out of    186     2%  

Specific Feature Utilization:
 Number of BUFG/BUFGCTRL/BUFHCEs:         1  out of     16     6%  

---------------------------
Partition Resource Summary:
---------------------------

  No Partitions were found in this design.

---------------------------


=========================================================================
Timing Report

NOTE: THESE TIMING NUMBERS ARE ONLY A SYNTHESIS ESTIMATE.
      FOR ACCURATE TIMING INFORMATION PLEASE REFER TO THE TRACE REPORT
      GENERATED AFTER PLACE-and-ROUTE.

Clock Information:
------------------
-----------------------------------+------------------------+-------+
Clock Signal                       | Clock buffer(FF name)  | Load  |
-----------------------------------+------------------------+-------+
clk                                | BUFGP                  | 10    |
-----------------------------------+------------------------+-------+

Asynchronous Control Signals Information:
----------------------------------------
No asynchronous control signals found in this design

Timing Summary:
---------------
Speed Grade: -2

   Minimum period: 2.813ns (Maximum Frequency: 355.492MHz)
   Minimum input arrival time before clock: No path found
   Maximum output required time after clock: 4.118ns
   Maximum combinational path delay: No path found

Timing Details:
---------------
All values displayed in nanoseconds (ns)

=========================================================================
Timing constraint: Default period analysis for Clock 'clk'
  Clock period: 2.813ns (frequency: 355.492MHz)
  Total number of paths / destination ports: 37 / 10
-------------------------------------------------------------------------
Delay:               2.813ns (Levels of Logic = 2)
  Source:            conta_1 (FF)
  Destination:       edo_p_FSM_FFd1 (FF)
  Source Clock:      clk falling
  Destination Clock: clk falling

  Data Path: conta_1 to edo_p_FSM_FFd1
                                Gate     Net
    Cell:in->out      fanout   Delay   Delay  Logical Name (Net Name)
    ----------------------------------------  ------------
     FD:C->Q               6   0.525   0.984  conta_1 (conta_1)
     LUT2:I0->O            2   0.250   0.726  PWR_5_o_conta[1]_equal_14_o<1>1 (PWR_5_o_conta[1]_equal_14_o)
     LUT6:I5->O            1   0.254   0.000  edo_p_FSM_FFd1-In1 (edo_p_FSM_FFd1-In)
     FD_1:D                    0.074          edo_p_FSM_FFd1
    ----------------------------------------
    Total                      2.813ns (1.103ns logic, 1.710ns route)
                                       (39.2% logic, 60.8% route)

=========================================================================
Timing constraint: Default OFFSET OUT AFTER for Clock 'clk'
  Total number of paths / destination ports: 3 / 3
-------------------------------------------------------------------------
Offset:              4.118ns (Levels of Logic = 1)
  Source:            tmp_2 (FF)
  Destination:       salida<2> (PAD)
  Source Clock:      clk falling

  Data Path: tmp_2 to salida<2>
                                Gate     Net
    Cell:in->out      fanout   Delay   Delay  Logical Name (Net Name)
    ----------------------------------------  ------------
     FD_1:C->Q             1   0.525   0.681  tmp_2 (tmp_2)
     OBUF:I->O                 2.912          salida_2_OBUF (salida<2>)
    ----------------------------------------
    Total                      4.118ns (3.437ns logic, 0.681ns route)
                                       (83.5% logic, 16.5% route)

=========================================================================

Cross Clock Domains Report:
--------------------------

Clock to Setup on destination clock clk
---------------+---------+---------+---------+---------+
               | Src:Rise| Src:Fall| Src:Rise| Src:Fall|
Source Clock   |Dest:Rise|Dest:Rise|Dest:Fall|Dest:Fall|
---------------+---------+---------+---------+---------+
clk            |         |         |    2.813|         |
---------------+---------+---------+---------+---------+

=========================================================================


Total REAL time to Xst completion: 28.00 secs
Total CPU time to Xst completion: 27.89 secs
 
--> 

Total memory usage is 271072 kilobytes

Number of errors   :    0 (   0 filtered)
Number of warnings :    0 (   0 filtered)
Number of infos    :    0 (   0 filtered)

