ARM GAS  C:\Users\Castro\AppData\Local\Temp\cc4GoJUX.s 			page 1


   1              		.syntax unified
   2              		.cpu cortex-m0
   3              		.fpu softvfp
   4              		.eabi_attribute 20, 1
   5              		.eabi_attribute 21, 1
   6              		.eabi_attribute 23, 3
   7              		.eabi_attribute 24, 1
   8              		.eabi_attribute 25, 1
   9              		.eabi_attribute 26, 1
  10              		.eabi_attribute 30, 1
  11              		.eabi_attribute 34, 0
  12              		.eabi_attribute 18, 4
  13              		.thumb
  14              		.syntax unified
  15              		.file	"cyfitter_cfg.c"
  16              		.text
  17              	.Ltext0:
  18              		.cfi_sections	.debug_frame
  19              		.section	.text.cfg_write_bytes32,"ax",%progbits
  20              		.align	2
  21              		.code	16
  22              		.thumb_func
  23              		.type	cfg_write_bytes32, %function
  24              	cfg_write_bytes32:
  25              	.LFB3:
  26              		.file 1 "Generated_Source\\PSoC4\\cyfitter_cfg.c"
   1:Generated_Source\PSoC4/cyfitter_cfg.c **** 
   2:Generated_Source\PSoC4/cyfitter_cfg.c **** /*******************************************************************************
   3:Generated_Source\PSoC4/cyfitter_cfg.c **** * File Name: cyfitter_cfg.c
   4:Generated_Source\PSoC4/cyfitter_cfg.c **** * 
   5:Generated_Source\PSoC4/cyfitter_cfg.c **** * PSoC Creator  4.2
   6:Generated_Source\PSoC4/cyfitter_cfg.c **** *
   7:Generated_Source\PSoC4/cyfitter_cfg.c **** * Description:
   8:Generated_Source\PSoC4/cyfitter_cfg.c **** * This file contains device initialization code.
   9:Generated_Source\PSoC4/cyfitter_cfg.c **** * Except for the user defined sections in CyClockStartupError(), this file should not be modified.
  10:Generated_Source\PSoC4/cyfitter_cfg.c **** * This file is automatically generated by PSoC Creator.
  11:Generated_Source\PSoC4/cyfitter_cfg.c **** *
  12:Generated_Source\PSoC4/cyfitter_cfg.c **** ********************************************************************************
  13:Generated_Source\PSoC4/cyfitter_cfg.c **** * Copyright (c) 2007-2018 Cypress Semiconductor.  All rights reserved.
  14:Generated_Source\PSoC4/cyfitter_cfg.c **** * You may use this file only in accordance with the license, terms, conditions, 
  15:Generated_Source\PSoC4/cyfitter_cfg.c **** * disclaimers, and limitations in the end user license agreement accompanying 
  16:Generated_Source\PSoC4/cyfitter_cfg.c **** * the software package with which this file was provided.
  17:Generated_Source\PSoC4/cyfitter_cfg.c **** ********************************************************************************/
  18:Generated_Source\PSoC4/cyfitter_cfg.c **** 
  19:Generated_Source\PSoC4/cyfitter_cfg.c **** #include <string.h>
  20:Generated_Source\PSoC4/cyfitter_cfg.c **** #include "cytypes.h"
  21:Generated_Source\PSoC4/cyfitter_cfg.c **** #include "cydevice_trm.h"
  22:Generated_Source\PSoC4/cyfitter_cfg.c **** #include "cyfitter.h"
  23:Generated_Source\PSoC4/cyfitter_cfg.c **** #include "CyLib.h"
  24:Generated_Source\PSoC4/cyfitter_cfg.c **** #include "CyLFClk.h"
  25:Generated_Source\PSoC4/cyfitter_cfg.c **** #include "cyfitter_cfg.h"
  26:Generated_Source\PSoC4/cyfitter_cfg.c **** #include "cyapicallbacks.h"
  27:Generated_Source\PSoC4/cyfitter_cfg.c **** 
  28:Generated_Source\PSoC4/cyfitter_cfg.c **** 
  29:Generated_Source\PSoC4/cyfitter_cfg.c **** #if defined(__GNUC__) || defined(__ARMCC_VERSION)
  30:Generated_Source\PSoC4/cyfitter_cfg.c ****     #define CYPACKED 
  31:Generated_Source\PSoC4/cyfitter_cfg.c ****     #define CYPACKED_ATTR __attribute__ ((packed))
ARM GAS  C:\Users\Castro\AppData\Local\Temp\cc4GoJUX.s 			page 2


  32:Generated_Source\PSoC4/cyfitter_cfg.c ****     #define CYALIGNED __attribute__ ((aligned))
  33:Generated_Source\PSoC4/cyfitter_cfg.c ****     #define CY_CFG_UNUSED __attribute__ ((unused))
  34:Generated_Source\PSoC4/cyfitter_cfg.c ****     #ifndef CY_CFG_SECTION
  35:Generated_Source\PSoC4/cyfitter_cfg.c ****         #define CY_CFG_SECTION __attribute__ ((section(".psocinit")))
  36:Generated_Source\PSoC4/cyfitter_cfg.c ****     #endif
  37:Generated_Source\PSoC4/cyfitter_cfg.c ****     
  38:Generated_Source\PSoC4/cyfitter_cfg.c ****     #if defined(__ARMCC_VERSION)
  39:Generated_Source\PSoC4/cyfitter_cfg.c ****         #define CY_CFG_MEMORY_BARRIER() __memory_changed()
  40:Generated_Source\PSoC4/cyfitter_cfg.c ****     #else
  41:Generated_Source\PSoC4/cyfitter_cfg.c ****         #define CY_CFG_MEMORY_BARRIER() __sync_synchronize()
  42:Generated_Source\PSoC4/cyfitter_cfg.c ****     #endif
  43:Generated_Source\PSoC4/cyfitter_cfg.c ****     
  44:Generated_Source\PSoC4/cyfitter_cfg.c **** #elif defined(__ICCARM__)
  45:Generated_Source\PSoC4/cyfitter_cfg.c ****     #include <intrinsics.h>
  46:Generated_Source\PSoC4/cyfitter_cfg.c **** 
  47:Generated_Source\PSoC4/cyfitter_cfg.c ****     #define CYPACKED __packed
  48:Generated_Source\PSoC4/cyfitter_cfg.c ****     #define CYPACKED_ATTR 
  49:Generated_Source\PSoC4/cyfitter_cfg.c ****     #define CYALIGNED _Pragma("data_alignment=4")
  50:Generated_Source\PSoC4/cyfitter_cfg.c ****     #define CY_CFG_UNUSED _Pragma("diag_suppress=Pe177")
  51:Generated_Source\PSoC4/cyfitter_cfg.c ****     #define CY_CFG_SECTION _Pragma("location=\".psocinit\"")
  52:Generated_Source\PSoC4/cyfitter_cfg.c ****     
  53:Generated_Source\PSoC4/cyfitter_cfg.c ****     #define CY_CFG_MEMORY_BARRIER() __DMB()
  54:Generated_Source\PSoC4/cyfitter_cfg.c ****     
  55:Generated_Source\PSoC4/cyfitter_cfg.c **** #else
  56:Generated_Source\PSoC4/cyfitter_cfg.c ****     #error Unsupported toolchain
  57:Generated_Source\PSoC4/cyfitter_cfg.c **** #endif
  58:Generated_Source\PSoC4/cyfitter_cfg.c **** 
  59:Generated_Source\PSoC4/cyfitter_cfg.c **** #ifndef CYCODE
  60:Generated_Source\PSoC4/cyfitter_cfg.c ****     #define CYCODE
  61:Generated_Source\PSoC4/cyfitter_cfg.c **** #endif
  62:Generated_Source\PSoC4/cyfitter_cfg.c **** #ifndef CYDATA
  63:Generated_Source\PSoC4/cyfitter_cfg.c ****     #define CYDATA
  64:Generated_Source\PSoC4/cyfitter_cfg.c **** #endif
  65:Generated_Source\PSoC4/cyfitter_cfg.c **** #ifndef CYFAR
  66:Generated_Source\PSoC4/cyfitter_cfg.c ****     #define CYFAR
  67:Generated_Source\PSoC4/cyfitter_cfg.c **** #endif
  68:Generated_Source\PSoC4/cyfitter_cfg.c **** #ifndef CYXDATA
  69:Generated_Source\PSoC4/cyfitter_cfg.c ****     #define CYXDATA
  70:Generated_Source\PSoC4/cyfitter_cfg.c **** #endif
  71:Generated_Source\PSoC4/cyfitter_cfg.c **** 
  72:Generated_Source\PSoC4/cyfitter_cfg.c **** 
  73:Generated_Source\PSoC4/cyfitter_cfg.c **** CY_CFG_UNUSED
  74:Generated_Source\PSoC4/cyfitter_cfg.c **** static void CYMEMZERO(void *s, size_t n);
  75:Generated_Source\PSoC4/cyfitter_cfg.c **** CY_CFG_UNUSED
  76:Generated_Source\PSoC4/cyfitter_cfg.c **** static void CYMEMZERO(void *s, size_t n)
  77:Generated_Source\PSoC4/cyfitter_cfg.c **** {
  78:Generated_Source\PSoC4/cyfitter_cfg.c **** 	(void)memset(s, 0, n);
  79:Generated_Source\PSoC4/cyfitter_cfg.c **** }
  80:Generated_Source\PSoC4/cyfitter_cfg.c **** CY_CFG_UNUSED
  81:Generated_Source\PSoC4/cyfitter_cfg.c **** static void CYCONFIGCPY(void *dest, const void *src, size_t n);
  82:Generated_Source\PSoC4/cyfitter_cfg.c **** CY_CFG_UNUSED
  83:Generated_Source\PSoC4/cyfitter_cfg.c **** static void CYCONFIGCPY(void *dest, const void *src, size_t n)
  84:Generated_Source\PSoC4/cyfitter_cfg.c **** {
  85:Generated_Source\PSoC4/cyfitter_cfg.c **** 	(void)memcpy(dest, src, n);
  86:Generated_Source\PSoC4/cyfitter_cfg.c **** }
  87:Generated_Source\PSoC4/cyfitter_cfg.c **** CY_CFG_UNUSED
  88:Generated_Source\PSoC4/cyfitter_cfg.c **** static void CYCONFIGCPYCODE(void *dest, const void *src, size_t n);
ARM GAS  C:\Users\Castro\AppData\Local\Temp\cc4GoJUX.s 			page 3


  89:Generated_Source\PSoC4/cyfitter_cfg.c **** CY_CFG_UNUSED
  90:Generated_Source\PSoC4/cyfitter_cfg.c **** static void CYCONFIGCPYCODE(void *dest, const void *src, size_t n)
  91:Generated_Source\PSoC4/cyfitter_cfg.c **** {
  92:Generated_Source\PSoC4/cyfitter_cfg.c **** 	(void)memcpy(dest, src, n);
  93:Generated_Source\PSoC4/cyfitter_cfg.c **** }
  94:Generated_Source\PSoC4/cyfitter_cfg.c **** 
  95:Generated_Source\PSoC4/cyfitter_cfg.c **** 
  96:Generated_Source\PSoC4/cyfitter_cfg.c **** 
  97:Generated_Source\PSoC4/cyfitter_cfg.c **** 
  98:Generated_Source\PSoC4/cyfitter_cfg.c **** /* Clock startup error codes                                                   */
  99:Generated_Source\PSoC4/cyfitter_cfg.c **** #define CYCLOCKSTART_NO_ERROR    0u
 100:Generated_Source\PSoC4/cyfitter_cfg.c **** #define CYCLOCKSTART_XTAL_ERROR  1u
 101:Generated_Source\PSoC4/cyfitter_cfg.c **** #define CYCLOCKSTART_32KHZ_ERROR 2u
 102:Generated_Source\PSoC4/cyfitter_cfg.c **** #define CYCLOCKSTART_PLL_ERROR   3u
 103:Generated_Source\PSoC4/cyfitter_cfg.c **** #define CYCLOCKSTART_FLL_ERROR   4u
 104:Generated_Source\PSoC4/cyfitter_cfg.c **** #define CYCLOCKSTART_WCO_ERROR   5u
 105:Generated_Source\PSoC4/cyfitter_cfg.c **** 
 106:Generated_Source\PSoC4/cyfitter_cfg.c **** 
 107:Generated_Source\PSoC4/cyfitter_cfg.c **** #ifdef CY_NEED_CYCLOCKSTARTUPERROR
 108:Generated_Source\PSoC4/cyfitter_cfg.c **** /*******************************************************************************
 109:Generated_Source\PSoC4/cyfitter_cfg.c **** * Function Name: CyClockStartupError
 110:Generated_Source\PSoC4/cyfitter_cfg.c **** ********************************************************************************
 111:Generated_Source\PSoC4/cyfitter_cfg.c **** * Summary:
 112:Generated_Source\PSoC4/cyfitter_cfg.c **** *  If an error is encountered during clock configuration (crystal startup error,
 113:Generated_Source\PSoC4/cyfitter_cfg.c **** *  PLL lock error, etc.), the system will end up here.  Unless reimplemented by
 114:Generated_Source\PSoC4/cyfitter_cfg.c **** *  the customer, this function will stop in an infinite loop.
 115:Generated_Source\PSoC4/cyfitter_cfg.c **** *
 116:Generated_Source\PSoC4/cyfitter_cfg.c **** * Parameters:
 117:Generated_Source\PSoC4/cyfitter_cfg.c **** *   void
 118:Generated_Source\PSoC4/cyfitter_cfg.c **** *
 119:Generated_Source\PSoC4/cyfitter_cfg.c **** * Return:
 120:Generated_Source\PSoC4/cyfitter_cfg.c **** *   void
 121:Generated_Source\PSoC4/cyfitter_cfg.c **** *
 122:Generated_Source\PSoC4/cyfitter_cfg.c **** *******************************************************************************/
 123:Generated_Source\PSoC4/cyfitter_cfg.c **** CY_CFG_UNUSED
 124:Generated_Source\PSoC4/cyfitter_cfg.c **** static void CyClockStartupError(uint8 errorCode);
 125:Generated_Source\PSoC4/cyfitter_cfg.c **** CY_CFG_UNUSED
 126:Generated_Source\PSoC4/cyfitter_cfg.c **** static void CyClockStartupError(uint8 errorCode)
 127:Generated_Source\PSoC4/cyfitter_cfg.c **** {
 128:Generated_Source\PSoC4/cyfitter_cfg.c ****     /* To remove the compiler warning if errorCode not used.                */
 129:Generated_Source\PSoC4/cyfitter_cfg.c ****     errorCode = errorCode;
 130:Generated_Source\PSoC4/cyfitter_cfg.c **** 
 131:Generated_Source\PSoC4/cyfitter_cfg.c ****     /* If we have a clock startup error (bad MHz crystal, PLL lock, etc.),  */
 132:Generated_Source\PSoC4/cyfitter_cfg.c ****     /* we will end up here to allow the customer to implement something to  */
 133:Generated_Source\PSoC4/cyfitter_cfg.c ****     /* deal with the clock condition.                                       */
 134:Generated_Source\PSoC4/cyfitter_cfg.c **** 
 135:Generated_Source\PSoC4/cyfitter_cfg.c **** #ifdef CY_CFG_CLOCK_STARTUP_ERROR_CALLBACK
 136:Generated_Source\PSoC4/cyfitter_cfg.c ****     CY_CFG_Clock_Startup_ErrorCallback();
 137:Generated_Source\PSoC4/cyfitter_cfg.c **** #else
 138:Generated_Source\PSoC4/cyfitter_cfg.c ****     /*  If not using CY_CFG_CLOCK_STARTUP_ERROR_CALLBACK, place your clock startup code here. */
 139:Generated_Source\PSoC4/cyfitter_cfg.c ****     /* `#START CyClockStartupError` */
 140:Generated_Source\PSoC4/cyfitter_cfg.c **** 
 141:Generated_Source\PSoC4/cyfitter_cfg.c **** 
 142:Generated_Source\PSoC4/cyfitter_cfg.c **** 
 143:Generated_Source\PSoC4/cyfitter_cfg.c ****     /* `#END` */
 144:Generated_Source\PSoC4/cyfitter_cfg.c **** 
 145:Generated_Source\PSoC4/cyfitter_cfg.c ****     while(1) {}
ARM GAS  C:\Users\Castro\AppData\Local\Temp\cc4GoJUX.s 			page 4


 146:Generated_Source\PSoC4/cyfitter_cfg.c **** #endif /* CY_CFG_CLOCK_STARTUP_ERROR_CALLBACK */
 147:Generated_Source\PSoC4/cyfitter_cfg.c **** }
 148:Generated_Source\PSoC4/cyfitter_cfg.c **** #endif
 149:Generated_Source\PSoC4/cyfitter_cfg.c **** 
 150:Generated_Source\PSoC4/cyfitter_cfg.c **** #define CY_CFG_BASE_ADDR_COUNT 5u
 151:Generated_Source\PSoC4/cyfitter_cfg.c **** CYPACKED typedef struct
 152:Generated_Source\PSoC4/cyfitter_cfg.c **** {
 153:Generated_Source\PSoC4/cyfitter_cfg.c **** 	uint8 offset;
 154:Generated_Source\PSoC4/cyfitter_cfg.c **** 	uint8 value;
 155:Generated_Source\PSoC4/cyfitter_cfg.c **** } CYPACKED_ATTR cy_cfg_addrvalue_t;
 156:Generated_Source\PSoC4/cyfitter_cfg.c **** 
 157:Generated_Source\PSoC4/cyfitter_cfg.c **** 
 158:Generated_Source\PSoC4/cyfitter_cfg.c **** 
 159:Generated_Source\PSoC4/cyfitter_cfg.c **** /*******************************************************************************
 160:Generated_Source\PSoC4/cyfitter_cfg.c **** * Function Name: cfg_write_bytes32
 161:Generated_Source\PSoC4/cyfitter_cfg.c **** ********************************************************************************
 162:Generated_Source\PSoC4/cyfitter_cfg.c **** * Summary:
 163:Generated_Source\PSoC4/cyfitter_cfg.c **** *  This function is used for setting up the chip configuration areas that
 164:Generated_Source\PSoC4/cyfitter_cfg.c **** *  contain relatively sparse data.
 165:Generated_Source\PSoC4/cyfitter_cfg.c **** *
 166:Generated_Source\PSoC4/cyfitter_cfg.c **** * Parameters:
 167:Generated_Source\PSoC4/cyfitter_cfg.c **** *   void
 168:Generated_Source\PSoC4/cyfitter_cfg.c **** *
 169:Generated_Source\PSoC4/cyfitter_cfg.c **** * Return:
 170:Generated_Source\PSoC4/cyfitter_cfg.c **** *   void
 171:Generated_Source\PSoC4/cyfitter_cfg.c **** *
 172:Generated_Source\PSoC4/cyfitter_cfg.c **** *******************************************************************************/
 173:Generated_Source\PSoC4/cyfitter_cfg.c **** static void cfg_write_bytes32(const uint32 addr_table[], const cy_cfg_addrvalue_t data_table[]);
 174:Generated_Source\PSoC4/cyfitter_cfg.c **** static void cfg_write_bytes32(const uint32 addr_table[], const cy_cfg_addrvalue_t data_table[])
 175:Generated_Source\PSoC4/cyfitter_cfg.c **** {
  27              		.loc 1 175 0
  28              		.cfi_startproc
  29              		@ args = 0, pretend = 0, frame = 0
  30              		@ frame_needed = 0, uses_anonymous_args = 0
  31              	.LVL0:
  32 0000 F0B5     		push	{r4, r5, r6, r7, lr}
  33              		.cfi_def_cfa_offset 20
  34              		.cfi_offset 4, -20
  35              		.cfi_offset 5, -16
  36              		.cfi_offset 6, -12
  37              		.cfi_offset 7, -8
  38              		.cfi_offset 14, -4
  39              	.LVL1:
 176:Generated_Source\PSoC4/cyfitter_cfg.c **** 	/* For 32-bit little-endian architectures */
 177:Generated_Source\PSoC4/cyfitter_cfg.c **** 	uint32 i, j = 0u;
  40              		.loc 1 177 0
  41 0002 0025     		movs	r5, #0
 178:Generated_Source\PSoC4/cyfitter_cfg.c **** 	for (i = 0u; i < CY_CFG_BASE_ADDR_COUNT; i++)
  42              		.loc 1 178 0
  43 0004 0027     		movs	r7, #0
  44 0006 11E0     		b	.L2
  45              	.LVL2:
  46              	.L5:
  47              	.LBB2:
 179:Generated_Source\PSoC4/cyfitter_cfg.c **** 	{
 180:Generated_Source\PSoC4/cyfitter_cfg.c **** 		uint32 baseAddr = addr_table[i];
  48              		.loc 1 180 0
ARM GAS  C:\Users\Castro\AppData\Local\Temp\cc4GoJUX.s 			page 5


  49 0008 BB00     		lsls	r3, r7, #2
  50 000a C658     		ldr	r6, [r0, r3]
  51              	.LVL3:
 181:Generated_Source\PSoC4/cyfitter_cfg.c **** 		uint8 count = (uint8)baseAddr;
  52              		.loc 1 181 0
  53 000c F3B2     		uxtb	r3, r6
  54              	.LVL4:
 182:Generated_Source\PSoC4/cyfitter_cfg.c **** 		baseAddr &= 0xFFFFFF00u;
  55              		.loc 1 182 0
  56 000e FF22     		movs	r2, #255
  57 0010 9643     		bics	r6, r2
  58              	.LVL5:
 183:Generated_Source\PSoC4/cyfitter_cfg.c **** 		while (count != 0u)
  59              		.loc 1 183 0
  60 0012 08E0     		b	.L3
  61              	.L4:
 184:Generated_Source\PSoC4/cyfitter_cfg.c **** 		{
 185:Generated_Source\PSoC4/cyfitter_cfg.c **** 			CY_SET_REG8((void *)(baseAddr + data_table[j].offset), data_table[j].value);
  62              		.loc 1 185 0
  63 0014 6A00     		lsls	r2, r5, #1
  64 0016 8A18     		adds	r2, r1, r2
  65 0018 1478     		ldrb	r4, [r2]
  66 001a A419     		adds	r4, r4, r6
  67 001c 5278     		ldrb	r2, [r2, #1]
  68 001e 2270     		strb	r2, [r4]
 186:Generated_Source\PSoC4/cyfitter_cfg.c **** 			j++;
  69              		.loc 1 186 0
  70 0020 0135     		adds	r5, r5, #1
  71              	.LVL6:
 187:Generated_Source\PSoC4/cyfitter_cfg.c **** 			count--;
  72              		.loc 1 187 0
  73 0022 013B     		subs	r3, r3, #1
  74              	.LVL7:
  75 0024 DBB2     		uxtb	r3, r3
  76              	.LVL8:
  77              	.L3:
 183:Generated_Source\PSoC4/cyfitter_cfg.c **** 		{
  78              		.loc 1 183 0
  79 0026 002B     		cmp	r3, #0
  80 0028 F4D1     		bne	.L4
  81              	.LBE2:
 178:Generated_Source\PSoC4/cyfitter_cfg.c **** 	{
  82              		.loc 1 178 0 discriminator 2
  83 002a 0137     		adds	r7, r7, #1
  84              	.LVL9:
  85              	.L2:
 178:Generated_Source\PSoC4/cyfitter_cfg.c **** 	{
  86              		.loc 1 178 0 is_stmt 0 discriminator 1
  87 002c 042F     		cmp	r7, #4
  88 002e EBD9     		bls	.L5
 188:Generated_Source\PSoC4/cyfitter_cfg.c **** 		}
 189:Generated_Source\PSoC4/cyfitter_cfg.c **** 	}
 190:Generated_Source\PSoC4/cyfitter_cfg.c **** }
  89              		.loc 1 190 0 is_stmt 1
  90              		@ sp needed
  91              	.LVL10:
  92              	.LVL11:
ARM GAS  C:\Users\Castro\AppData\Local\Temp\cc4GoJUX.s 			page 6


  93 0030 F0BD     		pop	{r4, r5, r6, r7, pc}
  94              		.cfi_endproc
  95              	.LFE3:
  96              		.size	cfg_write_bytes32, .-cfg_write_bytes32
  97 0032 C046     		.section	.text.CYMEMZERO,"ax",%progbits
  98              		.align	2
  99              		.code	16
 100              		.thumb_func
 101              		.type	CYMEMZERO, %function
 102              	CYMEMZERO:
 103              	.LFB0:
  77:Generated_Source\PSoC4/cyfitter_cfg.c **** 	(void)memset(s, 0, n);
 104              		.loc 1 77 0
 105              		.cfi_startproc
 106              		@ args = 0, pretend = 0, frame = 0
 107              		@ frame_needed = 0, uses_anonymous_args = 0
 108              	.LVL12:
 109 0000 10B5     		push	{r4, lr}
 110              		.cfi_def_cfa_offset 8
 111              		.cfi_offset 4, -8
 112              		.cfi_offset 14, -4
 113 0002 0A00     		movs	r2, r1
  78:Generated_Source\PSoC4/cyfitter_cfg.c **** }
 114              		.loc 1 78 0
 115 0004 0021     		movs	r1, #0
 116              	.LVL13:
 117 0006 FFF7FEFF 		bl	memset
 118              	.LVL14:
  79:Generated_Source\PSoC4/cyfitter_cfg.c **** CY_CFG_UNUSED
 119              		.loc 1 79 0
 120              		@ sp needed
 121 000a 10BD     		pop	{r4, pc}
 122              		.cfi_endproc
 123              	.LFE0:
 124              		.size	CYMEMZERO, .-CYMEMZERO
 125              		.section	.psocinit,"ax",%progbits
 126              		.align	2
 127              		.code	16
 128              		.thumb_func
 129              		.type	ClockSetup, %function
 130              	ClockSetup:
 131              	.LFB4:
 191:Generated_Source\PSoC4/cyfitter_cfg.c **** 
 192:Generated_Source\PSoC4/cyfitter_cfg.c **** 
 193:Generated_Source\PSoC4/cyfitter_cfg.c **** /*******************************************************************************
 194:Generated_Source\PSoC4/cyfitter_cfg.c **** * Function Name: ClockSetup
 195:Generated_Source\PSoC4/cyfitter_cfg.c **** ********************************************************************************
 196:Generated_Source\PSoC4/cyfitter_cfg.c **** *
 197:Generated_Source\PSoC4/cyfitter_cfg.c **** * Summary:
 198:Generated_Source\PSoC4/cyfitter_cfg.c **** *   Performs the initialization of all of the clocks in the device based on the
 199:Generated_Source\PSoC4/cyfitter_cfg.c **** *   settings in the Clock tab of the DWR.  This includes enabling the requested
 200:Generated_Source\PSoC4/cyfitter_cfg.c **** *   clocks and setting the necessary dividers to produce the desired frequency. 
 201:Generated_Source\PSoC4/cyfitter_cfg.c **** *
 202:Generated_Source\PSoC4/cyfitter_cfg.c **** * Parameters:
 203:Generated_Source\PSoC4/cyfitter_cfg.c **** *   void
 204:Generated_Source\PSoC4/cyfitter_cfg.c **** *
 205:Generated_Source\PSoC4/cyfitter_cfg.c **** * Return:
ARM GAS  C:\Users\Castro\AppData\Local\Temp\cc4GoJUX.s 			page 7


 206:Generated_Source\PSoC4/cyfitter_cfg.c **** *   void
 207:Generated_Source\PSoC4/cyfitter_cfg.c **** *
 208:Generated_Source\PSoC4/cyfitter_cfg.c **** *******************************************************************************/
 209:Generated_Source\PSoC4/cyfitter_cfg.c **** static void ClockSetup(void);
 210:Generated_Source\PSoC4/cyfitter_cfg.c **** CY_CFG_SECTION
 211:Generated_Source\PSoC4/cyfitter_cfg.c **** static void ClockSetup(void)
 212:Generated_Source\PSoC4/cyfitter_cfg.c **** {
 132              		.loc 1 212 0
 133              		.cfi_startproc
 134              		@ args = 0, pretend = 0, frame = 0
 135              		@ frame_needed = 0, uses_anonymous_args = 0
 136 0000 70B5     		push	{r4, r5, r6, lr}
 137              		.cfi_def_cfa_offset 16
 138              		.cfi_offset 4, -16
 139              		.cfi_offset 5, -12
 140              		.cfi_offset 6, -8
 141              		.cfi_offset 14, -4
 213:Generated_Source\PSoC4/cyfitter_cfg.c **** 	/* Enable HALF_EN before trimming for the flash accelerator. */
 214:Generated_Source\PSoC4/cyfitter_cfg.c **** 	CY_SET_REG32((void CYXDATA *)(CYREG_CLK_SELECT), (CY_GET_REG32((void *)CYREG_CLK_SELECT) | 0x00040
 142              		.loc 1 214 0
 143 0002 134C     		ldr	r4, .L8
 144 0004 2368     		ldr	r3, [r4]
 145 0006 8022     		movs	r2, #128
 146 0008 D202     		lsls	r2, r2, #11
 147 000a 1343     		orrs	r3, r2
 148 000c 2360     		str	r3, [r4]
 215:Generated_Source\PSoC4/cyfitter_cfg.c **** 
 216:Generated_Source\PSoC4/cyfitter_cfg.c **** 	/* Setup and trim IMO based on desired frequency. */
 217:Generated_Source\PSoC4/cyfitter_cfg.c **** 	CySysClkWriteImoFreq(24u);
 149              		.loc 1 217 0
 150 000e 1820     		movs	r0, #24
 151 0010 FFF7FEFF 		bl	CySysClkWriteImoFreq
 152              	.LVL15:
 218:Generated_Source\PSoC4/cyfitter_cfg.c **** 
 219:Generated_Source\PSoC4/cyfitter_cfg.c **** 	/* Disable HALF_EN since it is not required at this IMO frequency. */
 220:Generated_Source\PSoC4/cyfitter_cfg.c **** 	CY_SET_REG32((void CYXDATA *)(CYREG_CLK_SELECT), (CY_GET_REG32((void *)CYREG_CLK_SELECT) & 0xFFFBF
 153              		.loc 1 220 0
 154 0014 2268     		ldr	r2, [r4]
 155 0016 0F4B     		ldr	r3, .L8+4
 156 0018 1340     		ands	r3, r2
 157 001a 2360     		str	r3, [r4]
 221:Generated_Source\PSoC4/cyfitter_cfg.c **** 	/* CYDEV_CLK_ILO_CONFIG Starting address: CYDEV_CLK_ILO_CONFIG */
 222:Generated_Source\PSoC4/cyfitter_cfg.c **** 	CY_SET_REG32((void *)(CYREG_CLK_ILO_CONFIG), 0x80000006u);
 158              		.loc 1 222 0
 159 001c 0E4A     		ldr	r2, .L8+8
 160 001e 0F4B     		ldr	r3, .L8+12
 161 0020 1A60     		str	r2, [r3]
 223:Generated_Source\PSoC4/cyfitter_cfg.c **** 
 224:Generated_Source\PSoC4/cyfitter_cfg.c **** 
 225:Generated_Source\PSoC4/cyfitter_cfg.c **** 	/* CYDEV_CLK_SELECT00 Starting address: CYDEV_CLK_SELECT00 */
 226:Generated_Source\PSoC4/cyfitter_cfg.c **** 	CY_SET_REG32((void *)(CYREG_CLK_SELECT07), 0x00000010u);
 162              		.loc 1 226 0
 163 0022 1022     		movs	r2, #16
 164 0024 0E4B     		ldr	r3, .L8+16
 165 0026 1A60     		str	r2, [r3]
 227:Generated_Source\PSoC4/cyfitter_cfg.c **** 
 228:Generated_Source\PSoC4/cyfitter_cfg.c **** 	/* CYDEV_CLK_IMO_CONFIG Starting address: CYDEV_CLK_IMO_CONFIG */
ARM GAS  C:\Users\Castro\AppData\Local\Temp\cc4GoJUX.s 			page 8


 229:Generated_Source\PSoC4/cyfitter_cfg.c **** 	CY_SET_REG32((void *)(CYREG_CLK_IMO_CONFIG), 0x82000000u);
 166              		.loc 1 229 0
 167 0028 8222     		movs	r2, #130
 168 002a 1206     		lsls	r2, r2, #24
 169 002c 0D4B     		ldr	r3, .L8+20
 170 002e 1A60     		str	r2, [r3]
 230:Generated_Source\PSoC4/cyfitter_cfg.c **** 
 231:Generated_Source\PSoC4/cyfitter_cfg.c **** 	/* CYDEV_CLK_SELECT Starting address: CYDEV_CLK_SELECT */
 232:Generated_Source\PSoC4/cyfitter_cfg.c **** 	CY_SET_REG32((void *)(CYREG_CLK_SELECT), 0x00000000u);
 171              		.loc 1 232 0
 172 0030 0025     		movs	r5, #0
 173 0032 2560     		str	r5, [r4]
 233:Generated_Source\PSoC4/cyfitter_cfg.c **** 
 234:Generated_Source\PSoC4/cyfitter_cfg.c **** 	/* CYDEV_CLK_DIVIDER_A00 Starting address: CYDEV_CLK_DIVIDER_A00 */
 235:Generated_Source\PSoC4/cyfitter_cfg.c **** 	CY_SET_REG32((void *)(CYREG_CLK_DIVIDER_A00), 0x80000009u);
 174              		.loc 1 235 0
 175 0034 0C4A     		ldr	r2, .L8+24
 176 0036 0D4B     		ldr	r3, .L8+28
 177 0038 1A60     		str	r2, [r3]
 236:Generated_Source\PSoC4/cyfitter_cfg.c **** 
 237:Generated_Source\PSoC4/cyfitter_cfg.c **** 	(void)CyIntSetVector(9u, &CySysWdtIsr);
 178              		.loc 1 237 0
 179 003a 0D49     		ldr	r1, .L8+32
 180 003c 0920     		movs	r0, #9
 181 003e FFF7FEFF 		bl	CyIntSetVector
 182              	.LVL16:
 238:Generated_Source\PSoC4/cyfitter_cfg.c **** 	CyIntEnable(9u);
 183              		.loc 1 238 0
 184 0042 0920     		movs	r0, #9
 185 0044 FFF7FEFF 		bl	CyIntEnable
 186              	.LVL17:
 239:Generated_Source\PSoC4/cyfitter_cfg.c **** 	CY_SET_REG32((void *)(CYREG_WDT_CONFIG), 0x00000000u);
 187              		.loc 1 239 0
 188 0048 0A4B     		ldr	r3, .L8+36
 189 004a 1D60     		str	r5, [r3]
 240:Generated_Source\PSoC4/cyfitter_cfg.c **** }
 190              		.loc 1 240 0
 191              		@ sp needed
 192 004c 70BD     		pop	{r4, r5, r6, pc}
 193              	.L9:
 194 004e C046     		.align	2
 195              	.L8:
 196 0050 00010B40 		.word	1074462976
 197 0054 FFFFFBFF 		.word	-262145
 198 0058 06000080 		.word	-2147483642
 199 005c 04010B40 		.word	1074462980
 200 0060 1C020240 		.word	1073873436
 201 0064 08010B40 		.word	1074462984
 202 0068 09000080 		.word	-2147483639
 203 006c 00000240 		.word	1073872896
 204 0070 00000000 		.word	CySysWdtIsr
 205 0074 0C020B40 		.word	1074463244
 206              		.cfi_endproc
 207              	.LFE4:
 208              		.size	ClockSetup, .-ClockSetup
 209              		.section	.text.SetAnalogRoutingPumps,"ax",%progbits
 210              		.align	2
ARM GAS  C:\Users\Castro\AppData\Local\Temp\cc4GoJUX.s 			page 9


 211              		.global	SetAnalogRoutingPumps
 212              		.code	16
 213              		.thumb_func
 214              		.type	SetAnalogRoutingPumps, %function
 215              	SetAnalogRoutingPumps:
 216              	.LFB6:
 241:Generated_Source\PSoC4/cyfitter_cfg.c **** 
 242:Generated_Source\PSoC4/cyfitter_cfg.c **** 
 243:Generated_Source\PSoC4/cyfitter_cfg.c **** /* Analog API Functions */
 244:Generated_Source\PSoC4/cyfitter_cfg.c **** 
 245:Generated_Source\PSoC4/cyfitter_cfg.c **** 
 246:Generated_Source\PSoC4/cyfitter_cfg.c **** /*******************************************************************************
 247:Generated_Source\PSoC4/cyfitter_cfg.c **** * Function Name: AnalogSetDefault
 248:Generated_Source\PSoC4/cyfitter_cfg.c **** ********************************************************************************
 249:Generated_Source\PSoC4/cyfitter_cfg.c **** *
 250:Generated_Source\PSoC4/cyfitter_cfg.c **** * Summary:
 251:Generated_Source\PSoC4/cyfitter_cfg.c **** *  Sets up the analog portions of the chip to default values based on chip
 252:Generated_Source\PSoC4/cyfitter_cfg.c **** *  configuration options from the project.
 253:Generated_Source\PSoC4/cyfitter_cfg.c **** *
 254:Generated_Source\PSoC4/cyfitter_cfg.c **** * Parameters:
 255:Generated_Source\PSoC4/cyfitter_cfg.c **** *  void
 256:Generated_Source\PSoC4/cyfitter_cfg.c **** *
 257:Generated_Source\PSoC4/cyfitter_cfg.c **** * Return:
 258:Generated_Source\PSoC4/cyfitter_cfg.c **** *  void
 259:Generated_Source\PSoC4/cyfitter_cfg.c **** *
 260:Generated_Source\PSoC4/cyfitter_cfg.c **** *******************************************************************************/
 261:Generated_Source\PSoC4/cyfitter_cfg.c **** static void AnalogSetDefault(void);
 262:Generated_Source\PSoC4/cyfitter_cfg.c **** static void AnalogSetDefault(void)
 263:Generated_Source\PSoC4/cyfitter_cfg.c **** {
 264:Generated_Source\PSoC4/cyfitter_cfg.c **** 	CY_SET_XTND_REG32((void CYFAR *)CYREG_SAR_MUX_SWITCH0, 0x00000008u);
 265:Generated_Source\PSoC4/cyfitter_cfg.c **** 	SetAnalogRoutingPumps(1);
 266:Generated_Source\PSoC4/cyfitter_cfg.c **** }
 267:Generated_Source\PSoC4/cyfitter_cfg.c **** 
 268:Generated_Source\PSoC4/cyfitter_cfg.c **** 
 269:Generated_Source\PSoC4/cyfitter_cfg.c **** /*******************************************************************************
 270:Generated_Source\PSoC4/cyfitter_cfg.c **** * Function Name: SetAnalogRoutingPumps
 271:Generated_Source\PSoC4/cyfitter_cfg.c **** ********************************************************************************
 272:Generated_Source\PSoC4/cyfitter_cfg.c **** *
 273:Generated_Source\PSoC4/cyfitter_cfg.c **** * Summary:
 274:Generated_Source\PSoC4/cyfitter_cfg.c **** * Enables or disables the analog pumps feeding analog routing switches.
 275:Generated_Source\PSoC4/cyfitter_cfg.c **** * Intended to be called at startup, based on the Vdda system configuration;
 276:Generated_Source\PSoC4/cyfitter_cfg.c **** * may be called during operation when the user informs us that the Vdda voltage crossed the pump th
 277:Generated_Source\PSoC4/cyfitter_cfg.c **** *
 278:Generated_Source\PSoC4/cyfitter_cfg.c **** * Parameters:
 279:Generated_Source\PSoC4/cyfitter_cfg.c **** *  enabled - 1 to enable the pumps, 0 to disable the pumps
 280:Generated_Source\PSoC4/cyfitter_cfg.c **** *
 281:Generated_Source\PSoC4/cyfitter_cfg.c **** * Return:
 282:Generated_Source\PSoC4/cyfitter_cfg.c **** *  void
 283:Generated_Source\PSoC4/cyfitter_cfg.c **** *
 284:Generated_Source\PSoC4/cyfitter_cfg.c **** *******************************************************************************/
 285:Generated_Source\PSoC4/cyfitter_cfg.c **** void SetAnalogRoutingPumps(uint8 enabled)
 286:Generated_Source\PSoC4/cyfitter_cfg.c **** {
 217              		.loc 1 286 0
 218              		.cfi_startproc
 219              		@ args = 0, pretend = 0, frame = 0
 220              		@ frame_needed = 0, uses_anonymous_args = 0
 221              		@ link register save eliminated.
ARM GAS  C:\Users\Castro\AppData\Local\Temp\cc4GoJUX.s 			page 10


 222              	.LVL18:
 287:Generated_Source\PSoC4/cyfitter_cfg.c **** 	uint32 regValue = CY_GET_XTND_REG32((void *)(CYREG_SAR_PUMP_CTRL));
 223              		.loc 1 287 0
 224 0000 064B     		ldr	r3, .L13
 225 0002 1B68     		ldr	r3, [r3]
 226              	.LVL19:
 288:Generated_Source\PSoC4/cyfitter_cfg.c **** 	if (enabled != 0u)
 227              		.loc 1 288 0
 228 0004 0028     		cmp	r0, #0
 229 0006 03D0     		beq	.L11
 289:Generated_Source\PSoC4/cyfitter_cfg.c **** 	{
 290:Generated_Source\PSoC4/cyfitter_cfg.c **** 		regValue |= 0x80000000u;
 230              		.loc 1 290 0
 231 0008 8022     		movs	r2, #128
 232 000a 1206     		lsls	r2, r2, #24
 233 000c 1343     		orrs	r3, r2
 234              	.LVL20:
 235 000e 01E0     		b	.L12
 236              	.L11:
 291:Generated_Source\PSoC4/cyfitter_cfg.c **** 	}
 292:Generated_Source\PSoC4/cyfitter_cfg.c **** 	else
 293:Generated_Source\PSoC4/cyfitter_cfg.c **** 	{
 294:Generated_Source\PSoC4/cyfitter_cfg.c **** 		regValue &= ~0x80000000u;
 237              		.loc 1 294 0
 238 0010 5B00     		lsls	r3, r3, #1
 239              	.LVL21:
 240 0012 5B08     		lsrs	r3, r3, #1
 241              	.LVL22:
 242              	.L12:
 295:Generated_Source\PSoC4/cyfitter_cfg.c **** 	}
 296:Generated_Source\PSoC4/cyfitter_cfg.c **** 	CY_SET_XTND_REG32((void *)(CYREG_SAR_PUMP_CTRL), regValue);
 243              		.loc 1 296 0
 244 0014 014A     		ldr	r2, .L13
 245 0016 1360     		str	r3, [r2]
 297:Generated_Source\PSoC4/cyfitter_cfg.c **** }
 246              		.loc 1 297 0
 247              		@ sp needed
 248 0018 7047     		bx	lr
 249              	.L14:
 250 001a C046     		.align	2
 251              	.L13:
 252 001c 80031A40 		.word	1075446656
 253              		.cfi_endproc
 254              	.LFE6:
 255              		.size	SetAnalogRoutingPumps, .-SetAnalogRoutingPumps
 256              		.section	.text.AnalogSetDefault,"ax",%progbits
 257              		.align	2
 258              		.code	16
 259              		.thumb_func
 260              		.type	AnalogSetDefault, %function
 261              	AnalogSetDefault:
 262              	.LFB5:
 263:Generated_Source\PSoC4/cyfitter_cfg.c **** 	CY_SET_XTND_REG32((void CYFAR *)CYREG_SAR_MUX_SWITCH0, 0x00000008u);
 263              		.loc 1 263 0
 264              		.cfi_startproc
 265              		@ args = 0, pretend = 0, frame = 0
 266              		@ frame_needed = 0, uses_anonymous_args = 0
ARM GAS  C:\Users\Castro\AppData\Local\Temp\cc4GoJUX.s 			page 11


 267 0000 10B5     		push	{r4, lr}
 268              		.cfi_def_cfa_offset 8
 269              		.cfi_offset 4, -8
 270              		.cfi_offset 14, -4
 264:Generated_Source\PSoC4/cyfitter_cfg.c **** 	SetAnalogRoutingPumps(1);
 271              		.loc 1 264 0
 272 0002 0822     		movs	r2, #8
 273 0004 024B     		ldr	r3, .L16
 274 0006 1A60     		str	r2, [r3]
 265:Generated_Source\PSoC4/cyfitter_cfg.c **** }
 275              		.loc 1 265 0
 276 0008 0120     		movs	r0, #1
 277 000a FFF7FEFF 		bl	SetAnalogRoutingPumps
 278              	.LVL23:
 266:Generated_Source\PSoC4/cyfitter_cfg.c **** 
 279              		.loc 1 266 0
 280              		@ sp needed
 281 000e 10BD     		pop	{r4, pc}
 282              	.L17:
 283              		.align	2
 284              	.L16:
 285 0010 00031A40 		.word	1075446528
 286              		.cfi_endproc
 287              	.LFE5:
 288              		.size	AnalogSetDefault, .-AnalogSetDefault
 289              		.section	.psocinit
 290              		.align	2
 291              		.global	cyfitter_cfg
 292              		.code	16
 293              		.thumb_func
 294              		.type	cyfitter_cfg, %function
 295              	cyfitter_cfg:
 296              	.LFB7:
 298:Generated_Source\PSoC4/cyfitter_cfg.c **** 
 299:Generated_Source\PSoC4/cyfitter_cfg.c **** 
 300:Generated_Source\PSoC4/cyfitter_cfg.c **** 
 301:Generated_Source\PSoC4/cyfitter_cfg.c **** 
 302:Generated_Source\PSoC4/cyfitter_cfg.c **** /*******************************************************************************
 303:Generated_Source\PSoC4/cyfitter_cfg.c **** * Function Name: cyfitter_cfg
 304:Generated_Source\PSoC4/cyfitter_cfg.c **** ********************************************************************************
 305:Generated_Source\PSoC4/cyfitter_cfg.c **** * Summary:
 306:Generated_Source\PSoC4/cyfitter_cfg.c **** *  This function is called by the start-up code for the selected device. It
 307:Generated_Source\PSoC4/cyfitter_cfg.c **** *  performs all of the necessary device configuration based on the design
 308:Generated_Source\PSoC4/cyfitter_cfg.c **** *  settings.  This includes settings from the Design Wide Resources (DWR) such
 309:Generated_Source\PSoC4/cyfitter_cfg.c **** *  as Clocks and Pins as well as any component configuration that is necessary.
 310:Generated_Source\PSoC4/cyfitter_cfg.c **** *
 311:Generated_Source\PSoC4/cyfitter_cfg.c **** * Parameters:
 312:Generated_Source\PSoC4/cyfitter_cfg.c **** *   void
 313:Generated_Source\PSoC4/cyfitter_cfg.c **** *
 314:Generated_Source\PSoC4/cyfitter_cfg.c **** * Return:
 315:Generated_Source\PSoC4/cyfitter_cfg.c **** *   void
 316:Generated_Source\PSoC4/cyfitter_cfg.c **** *
 317:Generated_Source\PSoC4/cyfitter_cfg.c **** *******************************************************************************/
 318:Generated_Source\PSoC4/cyfitter_cfg.c **** CY_CFG_SECTION
 319:Generated_Source\PSoC4/cyfitter_cfg.c **** void cyfitter_cfg(void)
 320:Generated_Source\PSoC4/cyfitter_cfg.c **** {
 297              		.loc 1 320 0
ARM GAS  C:\Users\Castro\AppData\Local\Temp\cc4GoJUX.s 			page 12


 298              		.cfi_startproc
 299              		@ args = 0, pretend = 0, frame = 0
 300              		@ frame_needed = 0, uses_anonymous_args = 0
 301 0078 10B5     		push	{r4, lr}
 302              		.cfi_def_cfa_offset 8
 303              		.cfi_offset 4, -8
 304              		.cfi_offset 14, -4
 321:Generated_Source\PSoC4/cyfitter_cfg.c **** 	/* Disable interrupts by default. Let user enable if/when they want. */
 322:Generated_Source\PSoC4/cyfitter_cfg.c **** 	CyGlobalIntDisable;
 305              		.loc 1 322 0
 306              		.syntax divided
 307              	@ 322 "Generated_Source\PSoC4\cyfitter_cfg.c" 1
 308 007a 72B6     		CPSID   i
 309              	@ 0 "" 2
 310              	.LVL24:
 311              		.thumb
 312              		.syntax unified
 313              	.LBB3:
 323:Generated_Source\PSoC4/cyfitter_cfg.c **** 
 324:Generated_Source\PSoC4/cyfitter_cfg.c **** 	{
 325:Generated_Source\PSoC4/cyfitter_cfg.c **** 		static const uint32 CYCODE cy_cfg_addr_table[] = {
 326:Generated_Source\PSoC4/cyfitter_cfg.c **** 			0x400F3204u, /* Base address: 0x400F3200 Count: 4 */
 327:Generated_Source\PSoC4/cyfitter_cfg.c **** 			0x400F3304u, /* Base address: 0x400F3300 Count: 4 */
 328:Generated_Source\PSoC4/cyfitter_cfg.c **** 			0x400F4104u, /* Base address: 0x400F4100 Count: 4 */
 329:Generated_Source\PSoC4/cyfitter_cfg.c **** 			0x400F4202u, /* Base address: 0x400F4200 Count: 2 */
 330:Generated_Source\PSoC4/cyfitter_cfg.c **** 			0x400F4303u, /* Base address: 0x400F4300 Count: 3 */
 331:Generated_Source\PSoC4/cyfitter_cfg.c **** 		};
 332:Generated_Source\PSoC4/cyfitter_cfg.c **** 
 333:Generated_Source\PSoC4/cyfitter_cfg.c **** 		static const cy_cfg_addrvalue_t CYCODE cy_cfg_data_table[] = {
 334:Generated_Source\PSoC4/cyfitter_cfg.c **** 			{0x38u, 0xA0u},
 335:Generated_Source\PSoC4/cyfitter_cfg.c **** 			{0x3Eu, 0x50u},
 336:Generated_Source\PSoC4/cyfitter_cfg.c **** 			{0x58u, 0x04u},
 337:Generated_Source\PSoC4/cyfitter_cfg.c **** 			{0x5Fu, 0x01u},
 338:Generated_Source\PSoC4/cyfitter_cfg.c **** 			{0x1Du, 0x20u},
 339:Generated_Source\PSoC4/cyfitter_cfg.c **** 			{0x1Fu, 0x40u},
 340:Generated_Source\PSoC4/cyfitter_cfg.c **** 			{0x87u, 0x40u},
 341:Generated_Source\PSoC4/cyfitter_cfg.c **** 			{0x89u, 0x20u},
 342:Generated_Source\PSoC4/cyfitter_cfg.c **** 			{0x63u, 0x10u},
 343:Generated_Source\PSoC4/cyfitter_cfg.c **** 			{0x87u, 0x10u},
 344:Generated_Source\PSoC4/cyfitter_cfg.c **** 			{0xD8u, 0x40u},
 345:Generated_Source\PSoC4/cyfitter_cfg.c **** 			{0xE2u, 0x10u},
 346:Generated_Source\PSoC4/cyfitter_cfg.c **** 			{0x74u, 0x10u},
 347:Generated_Source\PSoC4/cyfitter_cfg.c **** 			{0xDCu, 0x02u},
 348:Generated_Source\PSoC4/cyfitter_cfg.c **** 			{0x88u, 0x10u},
 349:Generated_Source\PSoC4/cyfitter_cfg.c **** 			{0xA4u, 0x10u},
 350:Generated_Source\PSoC4/cyfitter_cfg.c **** 			{0xE4u, 0x01u},
 351:Generated_Source\PSoC4/cyfitter_cfg.c **** 		};
 352:Generated_Source\PSoC4/cyfitter_cfg.c **** 
 353:Generated_Source\PSoC4/cyfitter_cfg.c **** 
 354:Generated_Source\PSoC4/cyfitter_cfg.c **** 
 355:Generated_Source\PSoC4/cyfitter_cfg.c **** 		CYPACKED typedef struct {
 356:Generated_Source\PSoC4/cyfitter_cfg.c **** 			void CYFAR *address;
 357:Generated_Source\PSoC4/cyfitter_cfg.c **** 			uint16 size;
 358:Generated_Source\PSoC4/cyfitter_cfg.c **** 		} CYPACKED_ATTR cfg_memset_t;
 359:Generated_Source\PSoC4/cyfitter_cfg.c **** 
 360:Generated_Source\PSoC4/cyfitter_cfg.c **** 		static const cfg_memset_t CYCODE cfg_memset_list[] = {
 361:Generated_Source\PSoC4/cyfitter_cfg.c **** 			/* address, size */
ARM GAS  C:\Users\Castro\AppData\Local\Temp\cc4GoJUX.s 			page 13


 362:Generated_Source\PSoC4/cyfitter_cfg.c **** 			{(void CYFAR *)(CYDEV_UDB_P0_U0_BASE), 1024u},
 363:Generated_Source\PSoC4/cyfitter_cfg.c **** 			{(void CYFAR *)(CYDEV_UDB_DSI0_BASE), 1024u},
 364:Generated_Source\PSoC4/cyfitter_cfg.c **** 		};
 365:Generated_Source\PSoC4/cyfitter_cfg.c **** 
 366:Generated_Source\PSoC4/cyfitter_cfg.c **** 		uint8 CYDATA i;
 367:Generated_Source\PSoC4/cyfitter_cfg.c **** 
 368:Generated_Source\PSoC4/cyfitter_cfg.c **** 		/* Zero out critical memory blocks before beginning configuration */
 369:Generated_Source\PSoC4/cyfitter_cfg.c **** 		for (i = 0u; i < (sizeof(cfg_memset_list)/sizeof(cfg_memset_list[0])); i++)
 314              		.loc 1 369 0
 315 007c 0024     		movs	r4, #0
 316 007e 0FE0     		b	.L19
 317              	.LVL25:
 318              	.L20:
 319              	.LBB4:
 370:Generated_Source\PSoC4/cyfitter_cfg.c **** 		{
 371:Generated_Source\PSoC4/cyfitter_cfg.c **** 			const cfg_memset_t CYCODE * CYDATA ms = &cfg_memset_list[i];
 372:Generated_Source\PSoC4/cyfitter_cfg.c **** 			CYMEMZERO(ms->address, (size_t)(uint32)(ms->size));
 320              		.loc 1 372 0 discriminator 3
 321 0080 2948     		ldr	r0, .L21
 322 0082 6200     		lsls	r2, r4, #1
 323 0084 1319     		adds	r3, r2, r4
 324 0086 5900     		lsls	r1, r3, #1
 325 0088 0B00     		movs	r3, r1
 326 008a 4118     		adds	r1, r0, r1
 327 008c 8988     		ldrh	r1, [r1, #4]
 328 008e 1A5A     		ldrh	r2, [r3, r0]
 329 0090 C318     		adds	r3, r0, r3
 330 0092 5888     		ldrh	r0, [r3, #2]
 331 0094 0004     		lsls	r0, r0, #16
 332 0096 1043     		orrs	r0, r2
 333 0098 FFF7FEFF 		bl	CYMEMZERO
 334              	.LVL26:
 335              	.LBE4:
 369:Generated_Source\PSoC4/cyfitter_cfg.c **** 		{
 336              		.loc 1 369 0 discriminator 3
 337 009c 0134     		adds	r4, r4, #1
 338              	.LVL27:
 339 009e E4B2     		uxtb	r4, r4
 340              	.LVL28:
 341              	.L19:
 369:Generated_Source\PSoC4/cyfitter_cfg.c **** 		{
 342              		.loc 1 369 0 is_stmt 0 discriminator 1
 343 00a0 012C     		cmp	r4, #1
 344 00a2 EDD9     		bls	.L20
 373:Generated_Source\PSoC4/cyfitter_cfg.c **** 		}
 374:Generated_Source\PSoC4/cyfitter_cfg.c **** 
 375:Generated_Source\PSoC4/cyfitter_cfg.c **** 		cfg_write_bytes32(cy_cfg_addr_table, cy_cfg_data_table);
 345              		.loc 1 375 0 is_stmt 1
 346 00a4 2048     		ldr	r0, .L21
 347 00a6 0100     		movs	r1, r0
 348 00a8 0C31     		adds	r1, r1, #12
 349 00aa 3030     		adds	r0, r0, #48
 350 00ac FFF7FEFF 		bl	cfg_write_bytes32
 351              	.LVL29:
 376:Generated_Source\PSoC4/cyfitter_cfg.c **** 
 377:Generated_Source\PSoC4/cyfitter_cfg.c **** 		/* HSIOM Starting address: CYDEV_HSIOM_BASE */
 378:Generated_Source\PSoC4/cyfitter_cfg.c **** 		CY_SET_REG32((void *)(CYREG_HSIOM_PORT_SEL1), 0x60000000u);
ARM GAS  C:\Users\Castro\AppData\Local\Temp\cc4GoJUX.s 			page 14


 352              		.loc 1 378 0
 353 00b0 C022     		movs	r2, #192
 354 00b2 D205     		lsls	r2, r2, #23
 355 00b4 1D4B     		ldr	r3, .L21+4
 356 00b6 1A60     		str	r2, [r3]
 379:Generated_Source\PSoC4/cyfitter_cfg.c **** 		CY_SET_REG32((void *)(CYREG_HSIOM_PORT_SEL3), 0x0000EE00u);
 357              		.loc 1 379 0
 358 00b8 EE22     		movs	r2, #238
 359 00ba 1202     		lsls	r2, r2, #8
 360 00bc 1C4B     		ldr	r3, .L21+8
 361 00be 1A60     		str	r2, [r3]
 380:Generated_Source\PSoC4/cyfitter_cfg.c **** 
 381:Generated_Source\PSoC4/cyfitter_cfg.c **** 		/* UDB_PA_0 Starting address: CYDEV_UDB_PA0_BASE */
 382:Generated_Source\PSoC4/cyfitter_cfg.c **** 		CY_SET_REG32((void *)(CYDEV_UDB_PA0_BASE), 0x00990000u);
 362              		.loc 1 382 0
 363 00c0 9923     		movs	r3, #153
 364 00c2 1B04     		lsls	r3, r3, #16
 365 00c4 1B4A     		ldr	r2, .L21+12
 366 00c6 1360     		str	r3, [r2]
 383:Generated_Source\PSoC4/cyfitter_cfg.c **** 
 384:Generated_Source\PSoC4/cyfitter_cfg.c **** 		/* UDB_PA_1 Starting address: CYDEV_UDB_PA1_BASE */
 385:Generated_Source\PSoC4/cyfitter_cfg.c **** 		CY_SET_REG32((void *)(CYDEV_UDB_PA1_BASE), 0x00990000u);
 367              		.loc 1 385 0
 368 00c8 1B4A     		ldr	r2, .L21+16
 369 00ca 1360     		str	r3, [r2]
 386:Generated_Source\PSoC4/cyfitter_cfg.c **** 		CY_SET_REG32((void *)(CYREG_UDB_PA1_CFG8), 0x80000000u);
 370              		.loc 1 386 0
 371 00cc 8021     		movs	r1, #128
 372 00ce 0906     		lsls	r1, r1, #24
 373 00d0 1A4A     		ldr	r2, .L21+20
 374 00d2 1160     		str	r1, [r2]
 387:Generated_Source\PSoC4/cyfitter_cfg.c **** 
 388:Generated_Source\PSoC4/cyfitter_cfg.c **** 		/* UDB_PA_2 Starting address: CYDEV_UDB_PA2_BASE */
 389:Generated_Source\PSoC4/cyfitter_cfg.c **** 		CY_SET_REG32((void *)(CYDEV_UDB_PA2_BASE), 0x00990000u);
 375              		.loc 1 389 0
 376 00d4 1A4A     		ldr	r2, .L21+24
 377 00d6 1360     		str	r3, [r2]
 390:Generated_Source\PSoC4/cyfitter_cfg.c **** 
 391:Generated_Source\PSoC4/cyfitter_cfg.c **** 		/* UDB_PA_3 Starting address: CYDEV_UDB_PA3_BASE */
 392:Generated_Source\PSoC4/cyfitter_cfg.c **** 		CY_SET_REG32((void *)(CYDEV_UDB_PA3_BASE), 0x00990000u);
 378              		.loc 1 392 0
 379 00d8 1A4A     		ldr	r2, .L21+28
 380 00da 1360     		str	r3, [r2]
 393:Generated_Source\PSoC4/cyfitter_cfg.c **** 
 394:Generated_Source\PSoC4/cyfitter_cfg.c **** 		/* Enable UDB array and digital routing */
 395:Generated_Source\PSoC4/cyfitter_cfg.c **** 		CY_SET_XTND_REG8((void *)CYREG_UDB_UDBIF_WAIT_CFG, (uint8)((CY_GET_XTND_REG8((void *)CYREG_UDB_UD
 381              		.loc 1 395 0
 382 00dc 1A49     		ldr	r1, .L21+32
 383 00de 0B78     		ldrb	r3, [r1]
 384 00e0 3C22     		movs	r2, #60
 385 00e2 9343     		bics	r3, r2
 386 00e4 1422     		movs	r2, #20
 387 00e6 1343     		orrs	r3, r2
 388 00e8 DBB2     		uxtb	r3, r3
 389 00ea 0B70     		strb	r3, [r1]
 396:Generated_Source\PSoC4/cyfitter_cfg.c **** 		CY_SET_XTND_REG8((void *)CYREG_UDB_UDBIF_BANK_CTL, (uint8)(CY_GET_XTND_REG8((void *)CYREG_UDB_UDB
 390              		.loc 1 396 0
ARM GAS  C:\Users\Castro\AppData\Local\Temp\cc4GoJUX.s 			page 15


 391 00ec 174A     		ldr	r2, .L21+36
 392 00ee 1178     		ldrb	r1, [r2]
 393 00f0 1623     		movs	r3, #22
 394 00f2 0B43     		orrs	r3, r1
 395 00f4 DBB2     		uxtb	r3, r3
 396 00f6 1370     		strb	r3, [r2]
 397              	.LBE3:
 397:Generated_Source\PSoC4/cyfitter_cfg.c **** 	}
 398:Generated_Source\PSoC4/cyfitter_cfg.c **** 
 399:Generated_Source\PSoC4/cyfitter_cfg.c **** 	/* Perform second pass device configuration. These items must be configured in specific order afte
 400:Generated_Source\PSoC4/cyfitter_cfg.c **** 	/* IOPINS0_0 Starting address: CYDEV_PRT0_BASE */
 401:Generated_Source\PSoC4/cyfitter_cfg.c **** 	CY_SET_REG32((void *)(CYREG_PRT0_PC), 0x00D89249u);
 398              		.loc 1 401 0
 399 00f8 154A     		ldr	r2, .L21+40
 400 00fa 164B     		ldr	r3, .L21+44
 401 00fc 1A60     		str	r2, [r3]
 402:Generated_Source\PSoC4/cyfitter_cfg.c **** 
 403:Generated_Source\PSoC4/cyfitter_cfg.c **** 	/* IOPINS0_1 Starting address: CYDEV_PRT1_BASE */
 404:Generated_Source\PSoC4/cyfitter_cfg.c **** 	CY_SET_REG32((void *)(CYDEV_PRT1_BASE), 0x00000080u);
 402              		.loc 1 404 0
 403 00fe 8023     		movs	r3, #128
 404 0100 154A     		ldr	r2, .L21+48
 405 0102 1360     		str	r3, [r2]
 405:Generated_Source\PSoC4/cyfitter_cfg.c **** 	CY_SET_REG32((void *)(CYREG_PRT1_PC), 0x00036DB6u);
 406              		.loc 1 405 0
 407 0104 1549     		ldr	r1, .L21+52
 408 0106 164A     		ldr	r2, .L21+56
 409 0108 1160     		str	r1, [r2]
 406:Generated_Source\PSoC4/cyfitter_cfg.c **** 	CY_SET_REG32((void *)(CYREG_PRT1_PC2), 0x00000080u);
 410              		.loc 1 406 0
 411 010a 164A     		ldr	r2, .L21+60
 412 010c 1360     		str	r3, [r2]
 407:Generated_Source\PSoC4/cyfitter_cfg.c **** 
 408:Generated_Source\PSoC4/cyfitter_cfg.c **** 	/* IOPINS0_2 Starting address: CYDEV_PRT2_BASE */
 409:Generated_Source\PSoC4/cyfitter_cfg.c **** 	CY_SET_REG32((void *)(CYDEV_PRT2_BASE), 0x00000008u);
 413              		.loc 1 409 0
 414 010e 783B     		subs	r3, r3, #120
 415 0110 154A     		ldr	r2, .L21+64
 416 0112 1360     		str	r3, [r2]
 410:Generated_Source\PSoC4/cyfitter_cfg.c **** 	CY_SET_REG32((void *)(CYREG_PRT2_PC2), 0x00000008u);
 417              		.loc 1 410 0
 418 0114 154A     		ldr	r2, .L21+68
 419 0116 1360     		str	r3, [r2]
 411:Generated_Source\PSoC4/cyfitter_cfg.c **** 
 412:Generated_Source\PSoC4/cyfitter_cfg.c **** 	/* IOPINS0_3 Starting address: CYDEV_PRT3_BASE */
 413:Generated_Source\PSoC4/cyfitter_cfg.c **** 	CY_SET_REG32((void *)(CYREG_PRT3_PC), 0x00240D80u);
 420              		.loc 1 413 0
 421 0118 154A     		ldr	r2, .L21+72
 422 011a 164B     		ldr	r3, .L21+76
 423 011c 1A60     		str	r2, [r3]
 414:Generated_Source\PSoC4/cyfitter_cfg.c **** 
 415:Generated_Source\PSoC4/cyfitter_cfg.c **** 
 416:Generated_Source\PSoC4/cyfitter_cfg.c **** 	/* Setup clocks based on selections from Clock DWR */
 417:Generated_Source\PSoC4/cyfitter_cfg.c **** 	ClockSetup();
 424              		.loc 1 417 0
 425 011e FFF76FFF 		bl	ClockSetup
 426              	.LVL30:
ARM GAS  C:\Users\Castro\AppData\Local\Temp\cc4GoJUX.s 			page 16


 418:Generated_Source\PSoC4/cyfitter_cfg.c **** 
 419:Generated_Source\PSoC4/cyfitter_cfg.c **** 	/* Perform basic analog initialization to defaults */
 420:Generated_Source\PSoC4/cyfitter_cfg.c **** 	AnalogSetDefault();
 427              		.loc 1 420 0
 428 0122 FFF7FEFF 		bl	AnalogSetDefault
 429              	.LVL31:
 421:Generated_Source\PSoC4/cyfitter_cfg.c **** 
 422:Generated_Source\PSoC4/cyfitter_cfg.c **** }
 430              		.loc 1 422 0
 431              		@ sp needed
 432              	.LVL32:
 433 0126 10BD     		pop	{r4, pc}
 434              	.L22:
 435              		.align	2
 436              	.L21:
 437 0128 00000000 		.word	.LANCHOR0
 438 012c 04000140 		.word	1073807364
 439 0130 0C000140 		.word	1073807372
 440 0134 00500F40 		.word	1074745344
 441 0138 10500F40 		.word	1074745360
 442 013c 18500F40 		.word	1074745368
 443 0140 20500F40 		.word	1074745376
 444 0144 30500F40 		.word	1074745392
 445 0148 01700F40 		.word	1074753537
 446 014c 00700F40 		.word	1074753536
 447 0150 4992D800 		.word	14193225
 448 0154 08000440 		.word	1074003976
 449 0158 00010440 		.word	1074004224
 450 015c B66D0300 		.word	224694
 451 0160 08010440 		.word	1074004232
 452 0164 18010440 		.word	1074004248
 453 0168 00020440 		.word	1074004480
 454 016c 18020440 		.word	1074004504
 455 0170 800D2400 		.word	2362752
 456 0174 08030440 		.word	1074004744
 457              		.cfi_endproc
 458              	.LFE7:
 459              		.size	cyfitter_cfg, .-cyfitter_cfg
 460              		.section	.rodata
 461              		.align	2
 462              		.set	.LANCHOR0,. + 0
 463              		.type	cfg_memset_list.4876, %object
 464              		.size	cfg_memset_list.4876, 12
 465              	cfg_memset_list.4876:
 466 0000 00300F40 		.word	1074737152
 467 0004 0004     		.short	1024
 468 0006 00400F40 		.4byte	1074741248
 469 000a 0004     		.short	1024
 470              		.type	cy_cfg_data_table.4871, %object
 471              		.size	cy_cfg_data_table.4871, 34
 472              	cy_cfg_data_table.4871:
 473 000c 38       		.byte	56
 474 000d A0       		.byte	-96
 475 000e 3E       		.byte	62
 476 000f 50       		.byte	80
 477 0010 58       		.byte	88
 478 0011 04       		.byte	4
ARM GAS  C:\Users\Castro\AppData\Local\Temp\cc4GoJUX.s 			page 17


 479 0012 5F       		.byte	95
 480 0013 01       		.byte	1
 481 0014 1D       		.byte	29
 482 0015 20       		.byte	32
 483 0016 1F       		.byte	31
 484 0017 40       		.byte	64
 485 0018 87       		.byte	-121
 486 0019 40       		.byte	64
 487 001a 89       		.byte	-119
 488 001b 20       		.byte	32
 489 001c 63       		.byte	99
 490 001d 10       		.byte	16
 491 001e 87       		.byte	-121
 492 001f 10       		.byte	16
 493 0020 D8       		.byte	-40
 494 0021 40       		.byte	64
 495 0022 E2       		.byte	-30
 496 0023 10       		.byte	16
 497 0024 74       		.byte	116
 498 0025 10       		.byte	16
 499 0026 DC       		.byte	-36
 500 0027 02       		.byte	2
 501 0028 88       		.byte	-120
 502 0029 10       		.byte	16
 503 002a A4       		.byte	-92
 504 002b 10       		.byte	16
 505 002c E4       		.byte	-28
 506 002d 01       		.byte	1
 507 002e 0000     		.space	2
 508              		.type	cy_cfg_addr_table.4870, %object
 509              		.size	cy_cfg_addr_table.4870, 20
 510              	cy_cfg_addr_table.4870:
 511 0030 04320F40 		.word	1074737668
 512 0034 04330F40 		.word	1074737924
 513 0038 04410F40 		.word	1074741508
 514 003c 02420F40 		.word	1074741762
 515 0040 03430F40 		.word	1074742019
 516              		.text
 517              	.Letext0:
 518              		.file 2 "c:\\program files (x86)\\cypress\\psoc creator\\4.2\\psoc creator\\import\\gnu\\arm\\5.4.
 519              		.file 3 "Generated_Source\\PSoC4\\cytypes.h"
 520              		.file 4 "Generated_Source\\PSoC4\\CyLib.h"
 521              		.section	.debug_info,"",%progbits
 522              	.Ldebug_info0:
 523 0000 00040000 		.4byte	0x400
 524 0004 0400     		.2byte	0x4
 525 0006 00000000 		.4byte	.Ldebug_abbrev0
 526 000a 04       		.byte	0x4
 527 000b 01       		.uleb128 0x1
 528 000c 9E010000 		.4byte	.LASF44
 529 0010 0C       		.byte	0xc
 530 0011 D3020000 		.4byte	.LASF45
 531 0015 6E000000 		.4byte	.LASF46
 532 0019 00000000 		.4byte	.Ldebug_ranges0+0
 533 001d 00000000 		.4byte	0
 534 0021 00000000 		.4byte	.Ldebug_line0
 535 0025 02       		.uleb128 0x2
ARM GAS  C:\Users\Castro\AppData\Local\Temp\cc4GoJUX.s 			page 18


 536 0026 04       		.byte	0x4
 537 0027 05       		.byte	0x5
 538 0028 696E7400 		.ascii	"int\000"
 539 002c 03       		.uleb128 0x3
 540 002d 06000000 		.4byte	.LASF12
 541 0031 02       		.byte	0x2
 542 0032 D8       		.byte	0xd8
 543 0033 37000000 		.4byte	0x37
 544 0037 04       		.uleb128 0x4
 545 0038 04       		.byte	0x4
 546 0039 07       		.byte	0x7
 547 003a 65010000 		.4byte	.LASF0
 548 003e 04       		.uleb128 0x4
 549 003f 08       		.byte	0x8
 550 0040 05       		.byte	0x5
 551 0041 5E020000 		.4byte	.LASF1
 552 0045 04       		.uleb128 0x4
 553 0046 08       		.byte	0x8
 554 0047 04       		.byte	0x4
 555 0048 BB020000 		.4byte	.LASF2
 556 004c 04       		.uleb128 0x4
 557 004d 01       		.byte	0x1
 558 004e 06       		.byte	0x6
 559 004f C7020000 		.4byte	.LASF3
 560 0053 04       		.uleb128 0x4
 561 0054 01       		.byte	0x1
 562 0055 08       		.byte	0x8
 563 0056 F7000000 		.4byte	.LASF4
 564 005a 04       		.uleb128 0x4
 565 005b 02       		.byte	0x2
 566 005c 05       		.byte	0x5
 567 005d 93020000 		.4byte	.LASF5
 568 0061 04       		.uleb128 0x4
 569 0062 02       		.byte	0x2
 570 0063 07       		.byte	0x7
 571 0064 4B020000 		.4byte	.LASF6
 572 0068 04       		.uleb128 0x4
 573 0069 04       		.byte	0x4
 574 006a 05       		.byte	0x5
 575 006b B2020000 		.4byte	.LASF7
 576 006f 04       		.uleb128 0x4
 577 0070 04       		.byte	0x4
 578 0071 07       		.byte	0x7
 579 0072 BF000000 		.4byte	.LASF8
 580 0076 04       		.uleb128 0x4
 581 0077 08       		.byte	0x8
 582 0078 07       		.byte	0x7
 583 0079 87010000 		.4byte	.LASF9
 584 007d 04       		.uleb128 0x4
 585 007e 04       		.byte	0x4
 586 007f 07       		.byte	0x7
 587 0080 42020000 		.4byte	.LASF10
 588 0084 05       		.uleb128 0x5
 589 0085 04       		.byte	0x4
 590 0086 04       		.uleb128 0x4
 591 0087 01       		.byte	0x1
 592 0088 08       		.byte	0x8
ARM GAS  C:\Users\Castro\AppData\Local\Temp\cc4GoJUX.s 			page 19


 593 0089 6C020000 		.4byte	.LASF11
 594 008d 06       		.uleb128 0x6
 595 008e D1000000 		.4byte	.LASF13
 596 0092 03       		.byte	0x3
 597 0093 E401     		.2byte	0x1e4
 598 0095 53000000 		.4byte	0x53
 599 0099 06       		.uleb128 0x6
 600 009a 4C010000 		.4byte	.LASF14
 601 009e 03       		.byte	0x3
 602 009f E501     		.2byte	0x1e5
 603 00a1 61000000 		.4byte	0x61
 604 00a5 06       		.uleb128 0x6
 605 00a6 5E010000 		.4byte	.LASF15
 606 00aa 03       		.byte	0x3
 607 00ab E601     		.2byte	0x1e6
 608 00ad 6F000000 		.4byte	0x6f
 609 00b1 04       		.uleb128 0x4
 610 00b2 04       		.byte	0x4
 611 00b3 04       		.byte	0x4
 612 00b4 68000000 		.4byte	.LASF16
 613 00b8 04       		.uleb128 0x4
 614 00b9 08       		.byte	0x8
 615 00ba 04       		.byte	0x4
 616 00bb 0C010000 		.4byte	.LASF17
 617 00bf 06       		.uleb128 0x6
 618 00c0 BA000000 		.4byte	.LASF18
 619 00c4 03       		.byte	0x3
 620 00c5 8E02     		.2byte	0x28e
 621 00c7 CB000000 		.4byte	0xcb
 622 00cb 07       		.uleb128 0x7
 623 00cc 8D000000 		.4byte	0x8d
 624 00d0 06       		.uleb128 0x6
 625 00d1 00000000 		.4byte	.LASF19
 626 00d5 03       		.byte	0x3
 627 00d6 9002     		.2byte	0x290
 628 00d8 DC000000 		.4byte	0xdc
 629 00dc 07       		.uleb128 0x7
 630 00dd A5000000 		.4byte	0xa5
 631 00e1 08       		.uleb128 0x8
 632 00e2 02       		.byte	0x2
 633 00e3 01       		.byte	0x1
 634 00e4 97       		.byte	0x97
 635 00e5 02010000 		.4byte	0x102
 636 00e9 09       		.uleb128 0x9
 637 00ea 84020000 		.4byte	.LASF20
 638 00ee 01       		.byte	0x1
 639 00ef 99       		.byte	0x99
 640 00f0 8D000000 		.4byte	0x8d
 641 00f4 00       		.byte	0
 642 00f5 09       		.uleb128 0x9
 643 00f6 2D000000 		.4byte	.LASF21
 644 00fa 01       		.byte	0x1
 645 00fb 9A       		.byte	0x9a
 646 00fc 8D000000 		.4byte	0x8d
 647 0100 01       		.byte	0x1
 648 0101 00       		.byte	0
 649 0102 03       		.uleb128 0x3
ARM GAS  C:\Users\Castro\AppData\Local\Temp\cc4GoJUX.s 			page 20


 650 0103 71020000 		.4byte	.LASF22
 651 0107 01       		.byte	0x1
 652 0108 9B       		.byte	0x9b
 653 0109 E1000000 		.4byte	0xe1
 654 010d 0A       		.uleb128 0xa
 655 010e 13010000 		.4byte	.LASF27
 656 0112 01       		.byte	0x1
 657 0113 AE       		.byte	0xae
 658 0114 00000000 		.4byte	.LFB3
 659 0118 32000000 		.4byte	.LFE3-.LFB3
 660 011c 01       		.uleb128 0x1
 661 011d 9C       		.byte	0x9c
 662 011e 7F010000 		.4byte	0x17f
 663 0122 0B       		.uleb128 0xb
 664 0123 41010000 		.4byte	.LASF23
 665 0127 01       		.byte	0x1
 666 0128 AE       		.byte	0xae
 667 0129 7F010000 		.4byte	0x17f
 668 012d 01       		.uleb128 0x1
 669 012e 50       		.byte	0x50
 670 012f 0B       		.uleb128 0xb
 671 0130 53010000 		.4byte	.LASF24
 672 0134 01       		.byte	0x1
 673 0135 AE       		.byte	0xae
 674 0136 8A010000 		.4byte	0x18a
 675 013a 01       		.uleb128 0x1
 676 013b 51       		.byte	0x51
 677 013c 0C       		.uleb128 0xc
 678 013d 6900     		.ascii	"i\000"
 679 013f 01       		.byte	0x1
 680 0140 B1       		.byte	0xb1
 681 0141 A5000000 		.4byte	0xa5
 682 0145 00000000 		.4byte	.LLST0
 683 0149 0C       		.uleb128 0xc
 684 014a 6A00     		.ascii	"j\000"
 685 014c 01       		.byte	0x1
 686 014d B1       		.byte	0xb1
 687 014e A5000000 		.4byte	0xa5
 688 0152 1F000000 		.4byte	.LLST1
 689 0156 0D       		.uleb128 0xd
 690 0157 08000000 		.4byte	.LBB2
 691 015b 22000000 		.4byte	.LBE2-.LBB2
 692 015f 0E       		.uleb128 0xe
 693 0160 39020000 		.4byte	.LASF25
 694 0164 01       		.byte	0x1
 695 0165 B4       		.byte	0xb4
 696 0166 A5000000 		.4byte	0xa5
 697 016a 3E000000 		.4byte	.LLST2
 698 016e 0E       		.uleb128 0xe
 699 016f 33000000 		.4byte	.LASF26
 700 0173 01       		.byte	0x1
 701 0174 B5       		.byte	0xb5
 702 0175 8D000000 		.4byte	0x8d
 703 0179 51000000 		.4byte	.LLST3
 704 017d 00       		.byte	0
 705 017e 00       		.byte	0
 706 017f 0F       		.uleb128 0xf
ARM GAS  C:\Users\Castro\AppData\Local\Temp\cc4GoJUX.s 			page 21


 707 0180 04       		.byte	0x4
 708 0181 85010000 		.4byte	0x185
 709 0185 10       		.uleb128 0x10
 710 0186 A5000000 		.4byte	0xa5
 711 018a 0F       		.uleb128 0xf
 712 018b 04       		.byte	0x4
 713 018c 90010000 		.4byte	0x190
 714 0190 10       		.uleb128 0x10
 715 0191 02010000 		.4byte	0x102
 716 0195 0A       		.uleb128 0xa
 717 0196 D7000000 		.4byte	.LASF28
 718 019a 01       		.byte	0x1
 719 019b 4C       		.byte	0x4c
 720 019c 00000000 		.4byte	.LFB0
 721 01a0 0C000000 		.4byte	.LFE0-.LFB0
 722 01a4 01       		.uleb128 0x1
 723 01a5 9C       		.byte	0x9c
 724 01a6 E2010000 		.4byte	0x1e2
 725 01aa 11       		.uleb128 0x11
 726 01ab 7300     		.ascii	"s\000"
 727 01ad 01       		.byte	0x1
 728 01ae 4C       		.byte	0x4c
 729 01af 84000000 		.4byte	0x84
 730 01b3 6F000000 		.4byte	.LLST4
 731 01b7 11       		.uleb128 0x11
 732 01b8 6E00     		.ascii	"n\000"
 733 01ba 01       		.byte	0x1
 734 01bb 4C       		.byte	0x4c
 735 01bc 2C000000 		.4byte	0x2c
 736 01c0 90000000 		.4byte	.LLST5
 737 01c4 12       		.uleb128 0x12
 738 01c5 0A000000 		.4byte	.LVL14
 739 01c9 D9030000 		.4byte	0x3d9
 740 01cd 13       		.uleb128 0x13
 741 01ce 01       		.uleb128 0x1
 742 01cf 50       		.byte	0x50
 743 01d0 03       		.uleb128 0x3
 744 01d1 F3       		.byte	0xf3
 745 01d2 01       		.uleb128 0x1
 746 01d3 50       		.byte	0x50
 747 01d4 13       		.uleb128 0x13
 748 01d5 01       		.uleb128 0x1
 749 01d6 51       		.byte	0x51
 750 01d7 01       		.uleb128 0x1
 751 01d8 30       		.byte	0x30
 752 01d9 13       		.uleb128 0x13
 753 01da 01       		.uleb128 0x1
 754 01db 52       		.byte	0x52
 755 01dc 03       		.uleb128 0x3
 756 01dd F3       		.byte	0xf3
 757 01de 01       		.uleb128 0x1
 758 01df 51       		.byte	0x51
 759 01e0 00       		.byte	0
 760 01e1 00       		.byte	0
 761 01e2 0A       		.uleb128 0xa
 762 01e3 39000000 		.4byte	.LASF29
 763 01e7 01       		.byte	0x1
ARM GAS  C:\Users\Castro\AppData\Local\Temp\cc4GoJUX.s 			page 22


 764 01e8 D3       		.byte	0xd3
 765 01e9 00000000 		.4byte	.LFB4
 766 01ed 78000000 		.4byte	.LFE4-.LFB4
 767 01f1 01       		.uleb128 0x1
 768 01f2 9C       		.byte	0x9c
 769 01f3 2D020000 		.4byte	0x22d
 770 01f7 14       		.uleb128 0x14
 771 01f8 14000000 		.4byte	.LVL15
 772 01fc E2030000 		.4byte	0x3e2
 773 0200 0A020000 		.4byte	0x20a
 774 0204 13       		.uleb128 0x13
 775 0205 01       		.uleb128 0x1
 776 0206 50       		.byte	0x50
 777 0207 01       		.uleb128 0x1
 778 0208 48       		.byte	0x48
 779 0209 00       		.byte	0
 780 020a 14       		.uleb128 0x14
 781 020b 42000000 		.4byte	.LVL16
 782 020f ED030000 		.4byte	0x3ed
 783 0213 1D020000 		.4byte	0x21d
 784 0217 13       		.uleb128 0x13
 785 0218 01       		.uleb128 0x1
 786 0219 50       		.byte	0x50
 787 021a 01       		.uleb128 0x1
 788 021b 39       		.byte	0x39
 789 021c 00       		.byte	0
 790 021d 12       		.uleb128 0x12
 791 021e 48000000 		.4byte	.LVL17
 792 0222 F8030000 		.4byte	0x3f8
 793 0226 13       		.uleb128 0x13
 794 0227 01       		.uleb128 0x1
 795 0228 50       		.byte	0x50
 796 0229 01       		.uleb128 0x1
 797 022a 39       		.byte	0x39
 798 022b 00       		.byte	0
 799 022c 00       		.byte	0
 800 022d 15       		.uleb128 0x15
 801 022e E1000000 		.4byte	.LASF33
 802 0232 01       		.byte	0x1
 803 0233 1D01     		.2byte	0x11d
 804 0235 00000000 		.4byte	.LFB6
 805 0239 20000000 		.4byte	.LFE6-.LFB6
 806 023d 01       		.uleb128 0x1
 807 023e 9C       		.byte	0x9c
 808 023f 62020000 		.4byte	0x262
 809 0243 16       		.uleb128 0x16
 810 0244 8B020000 		.4byte	.LASF30
 811 0248 01       		.byte	0x1
 812 0249 1D01     		.2byte	0x11d
 813 024b 8D000000 		.4byte	0x8d
 814 024f 01       		.uleb128 0x1
 815 0250 50       		.byte	0x50
 816 0251 17       		.uleb128 0x17
 817 0252 F9020000 		.4byte	.LASF31
 818 0256 01       		.byte	0x1
 819 0257 1F01     		.2byte	0x11f
 820 0259 A5000000 		.4byte	0xa5
ARM GAS  C:\Users\Castro\AppData\Local\Temp\cc4GoJUX.s 			page 23


 821 025d BC000000 		.4byte	.LLST6
 822 0261 00       		.byte	0
 823 0262 18       		.uleb128 0x18
 824 0263 0D000000 		.4byte	.LASF32
 825 0267 01       		.byte	0x1
 826 0268 0601     		.2byte	0x106
 827 026a 00000000 		.4byte	.LFB5
 828 026e 14000000 		.4byte	.LFE5-.LFB5
 829 0272 01       		.uleb128 0x1
 830 0273 9C       		.byte	0x9c
 831 0274 88020000 		.4byte	0x288
 832 0278 12       		.uleb128 0x12
 833 0279 0E000000 		.4byte	.LVL23
 834 027d 2D020000 		.4byte	0x22d
 835 0281 13       		.uleb128 0x13
 836 0282 01       		.uleb128 0x1
 837 0283 50       		.byte	0x50
 838 0284 01       		.uleb128 0x1
 839 0285 31       		.byte	0x31
 840 0286 00       		.byte	0
 841 0287 00       		.byte	0
 842 0288 15       		.uleb128 0x15
 843 0289 72010000 		.4byte	.LASF34
 844 028d 01       		.byte	0x1
 845 028e 3F01     		.2byte	0x13f
 846 0290 78000000 		.4byte	.LFB7
 847 0294 00010000 		.4byte	.LFE7-.LFB7
 848 0298 01       		.uleb128 0x1
 849 0299 9C       		.byte	0x9c
 850 029a AF030000 		.4byte	0x3af
 851 029e 19       		.uleb128 0x19
 852 029f 7C000000 		.4byte	.LBB3
 853 02a3 7C000000 		.4byte	.LBE3-.LBB3
 854 02a7 9C030000 		.4byte	0x39c
 855 02ab 1A       		.uleb128 0x1a
 856 02ac 44000000 		.4byte	.LASF35
 857 02b0 01       		.byte	0x1
 858 02b1 4501     		.2byte	0x145
 859 02b3 BF030000 		.4byte	0x3bf
 860 02b7 05       		.uleb128 0x5
 861 02b8 03       		.byte	0x3
 862 02b9 30000000 		.4byte	cy_cfg_addr_table.4870
 863 02bd 1A       		.uleb128 0x1a
 864 02be 56000000 		.4byte	.LASF36
 865 02c2 01       		.byte	0x1
 866 02c3 4D01     		.2byte	0x14d
 867 02c5 D4030000 		.4byte	0x3d4
 868 02c9 05       		.uleb128 0x5
 869 02ca 03       		.byte	0x3
 870 02cb 0C000000 		.4byte	cy_cfg_data_table.4871
 871 02cf 1B       		.uleb128 0x1b
 872 02d0 06       		.byte	0x6
 873 02d1 01       		.byte	0x1
 874 02d2 6301     		.2byte	0x163
 875 02d4 F3020000 		.4byte	0x2f3
 876 02d8 1C       		.uleb128 0x1c
 877 02d9 7F010000 		.4byte	.LASF37
ARM GAS  C:\Users\Castro\AppData\Local\Temp\cc4GoJUX.s 			page 24


 878 02dd 01       		.byte	0x1
 879 02de 6401     		.2byte	0x164
 880 02e0 84000000 		.4byte	0x84
 881 02e4 00       		.byte	0
 882 02e5 1C       		.uleb128 0x1c
 883 02e6 B5000000 		.4byte	.LASF38
 884 02ea 01       		.byte	0x1
 885 02eb 6501     		.2byte	0x165
 886 02ed 99000000 		.4byte	0x99
 887 02f1 04       		.byte	0x4
 888 02f2 00       		.byte	0
 889 02f3 06       		.uleb128 0x6
 890 02f4 2C020000 		.4byte	.LASF39
 891 02f8 01       		.byte	0x1
 892 02f9 6601     		.2byte	0x166
 893 02fb CF020000 		.4byte	0x2cf
 894 02ff 1D       		.uleb128 0x1d
 895 0300 0F030000 		.4byte	0x30f
 896 0304 0F030000 		.4byte	0x30f
 897 0308 1E       		.uleb128 0x1e
 898 0309 7D000000 		.4byte	0x7d
 899 030d 01       		.byte	0x1
 900 030e 00       		.byte	0
 901 030f 10       		.uleb128 0x10
 902 0310 F3020000 		.4byte	0x2f3
 903 0314 1A       		.uleb128 0x1a
 904 0315 31010000 		.4byte	.LASF40
 905 0319 01       		.byte	0x1
 906 031a 6801     		.2byte	0x168
 907 031c 26030000 		.4byte	0x326
 908 0320 05       		.uleb128 0x5
 909 0321 03       		.byte	0x3
 910 0322 00000000 		.4byte	cfg_memset_list.4876
 911 0326 10       		.uleb128 0x10
 912 0327 FF020000 		.4byte	0x2ff
 913 032b 1F       		.uleb128 0x1f
 914 032c 6900     		.ascii	"i\000"
 915 032e 01       		.byte	0x1
 916 032f 6E01     		.2byte	0x16e
 917 0331 8D000000 		.4byte	0x8d
 918 0335 DA000000 		.4byte	.LLST7
 919 0339 19       		.uleb128 0x19
 920 033a 80000000 		.4byte	.LBB4
 921 033e 1C000000 		.4byte	.LBE4-.LBB4
 922 0342 7F030000 		.4byte	0x37f
 923 0346 1F       		.uleb128 0x1f
 924 0347 6D7300   		.ascii	"ms\000"
 925 034a 01       		.byte	0x1
 926 034b 7301     		.2byte	0x173
 927 034d 55030000 		.4byte	0x355
 928 0351 04010000 		.4byte	.LLST8
 929 0355 0F       		.uleb128 0xf
 930 0356 04       		.byte	0x4
 931 0357 0F030000 		.4byte	0x30f
 932 035b 12       		.uleb128 0x12
 933 035c 9C000000 		.4byte	.LVL26
 934 0360 95010000 		.4byte	0x195
ARM GAS  C:\Users\Castro\AppData\Local\Temp\cc4GoJUX.s 			page 25


 935 0364 13       		.uleb128 0x13
 936 0365 01       		.uleb128 0x1
 937 0366 51       		.byte	0x51
 938 0367 15       		.uleb128 0x15
 939 0368 74       		.byte	0x74
 940 0369 00       		.sleb128 0
 941 036a 31       		.byte	0x31
 942 036b 24       		.byte	0x24
 943 036c 74       		.byte	0x74
 944 036d 00       		.sleb128 0
 945 036e 22       		.byte	0x22
 946 036f 31       		.byte	0x31
 947 0370 24       		.byte	0x24
 948 0371 03       		.byte	0x3
 949 0372 04000000 		.4byte	.LANCHOR0+4
 950 0376 22       		.byte	0x22
 951 0377 94       		.byte	0x94
 952 0378 02       		.byte	0x2
 953 0379 0A       		.byte	0xa
 954 037a FFFF     		.2byte	0xffff
 955 037c 1A       		.byte	0x1a
 956 037d 00       		.byte	0
 957 037e 00       		.byte	0
 958 037f 12       		.uleb128 0x12
 959 0380 B0000000 		.4byte	.LVL29
 960 0384 0D010000 		.4byte	0x10d
 961 0388 13       		.uleb128 0x13
 962 0389 01       		.uleb128 0x1
 963 038a 50       		.byte	0x50
 964 038b 05       		.uleb128 0x5
 965 038c 03       		.byte	0x3
 966 038d 30000000 		.4byte	.LANCHOR0+48
 967 0391 13       		.uleb128 0x13
 968 0392 01       		.uleb128 0x1
 969 0393 51       		.byte	0x51
 970 0394 05       		.uleb128 0x5
 971 0395 03       		.byte	0x3
 972 0396 0C000000 		.4byte	.LANCHOR0+12
 973 039a 00       		.byte	0
 974 039b 00       		.byte	0
 975 039c 20       		.uleb128 0x20
 976 039d 22010000 		.4byte	.LVL30
 977 03a1 E2010000 		.4byte	0x1e2
 978 03a5 20       		.uleb128 0x20
 979 03a6 26010000 		.4byte	.LVL31
 980 03aa 62020000 		.4byte	0x262
 981 03ae 00       		.byte	0
 982 03af 1D       		.uleb128 0x1d
 983 03b0 85010000 		.4byte	0x185
 984 03b4 BF030000 		.4byte	0x3bf
 985 03b8 1E       		.uleb128 0x1e
 986 03b9 7D000000 		.4byte	0x7d
 987 03bd 04       		.byte	0x4
 988 03be 00       		.byte	0
 989 03bf 10       		.uleb128 0x10
 990 03c0 AF030000 		.4byte	0x3af
 991 03c4 1D       		.uleb128 0x1d
ARM GAS  C:\Users\Castro\AppData\Local\Temp\cc4GoJUX.s 			page 26


 992 03c5 90010000 		.4byte	0x190
 993 03c9 D4030000 		.4byte	0x3d4
 994 03cd 1E       		.uleb128 0x1e
 995 03ce 7D000000 		.4byte	0x7d
 996 03d2 10       		.byte	0x10
 997 03d3 00       		.byte	0
 998 03d4 10       		.uleb128 0x10
 999 03d5 C4030000 		.4byte	0x3c4
 1000 03d9 21       		.uleb128 0x21
 1001 03da 05010000 		.4byte	.LASF47
 1002 03de 05010000 		.4byte	.LASF47
 1003 03e2 22       		.uleb128 0x22
 1004 03e3 9D020000 		.4byte	.LASF41
 1005 03e7 9D020000 		.4byte	.LASF41
 1006 03eb 04       		.byte	0x4
 1007 03ec 6C       		.byte	0x6c
 1008 03ed 22       		.uleb128 0x22
 1009 03ee 1E000000 		.4byte	.LASF42
 1010 03f2 1E000000 		.4byte	.LASF42
 1011 03f6 04       		.byte	0x4
 1012 03f7 BD       		.byte	0xbd
 1013 03f8 22       		.uleb128 0x22
 1014 03f9 25010000 		.4byte	.LASF43
 1015 03fd 25010000 		.4byte	.LASF43
 1016 0401 04       		.byte	0x4
 1017 0402 C3       		.byte	0xc3
 1018 0403 00       		.byte	0
 1019              		.section	.debug_abbrev,"",%progbits
 1020              	.Ldebug_abbrev0:
 1021 0000 01       		.uleb128 0x1
 1022 0001 11       		.uleb128 0x11
 1023 0002 01       		.byte	0x1
 1024 0003 25       		.uleb128 0x25
 1025 0004 0E       		.uleb128 0xe
 1026 0005 13       		.uleb128 0x13
 1027 0006 0B       		.uleb128 0xb
 1028 0007 03       		.uleb128 0x3
 1029 0008 0E       		.uleb128 0xe
 1030 0009 1B       		.uleb128 0x1b
 1031 000a 0E       		.uleb128 0xe
 1032 000b 55       		.uleb128 0x55
 1033 000c 17       		.uleb128 0x17
 1034 000d 11       		.uleb128 0x11
 1035 000e 01       		.uleb128 0x1
 1036 000f 10       		.uleb128 0x10
 1037 0010 17       		.uleb128 0x17
 1038 0011 00       		.byte	0
 1039 0012 00       		.byte	0
 1040 0013 02       		.uleb128 0x2
 1041 0014 24       		.uleb128 0x24
 1042 0015 00       		.byte	0
 1043 0016 0B       		.uleb128 0xb
 1044 0017 0B       		.uleb128 0xb
 1045 0018 3E       		.uleb128 0x3e
 1046 0019 0B       		.uleb128 0xb
 1047 001a 03       		.uleb128 0x3
 1048 001b 08       		.uleb128 0x8
ARM GAS  C:\Users\Castro\AppData\Local\Temp\cc4GoJUX.s 			page 27


 1049 001c 00       		.byte	0
 1050 001d 00       		.byte	0
 1051 001e 03       		.uleb128 0x3
 1052 001f 16       		.uleb128 0x16
 1053 0020 00       		.byte	0
 1054 0021 03       		.uleb128 0x3
 1055 0022 0E       		.uleb128 0xe
 1056 0023 3A       		.uleb128 0x3a
 1057 0024 0B       		.uleb128 0xb
 1058 0025 3B       		.uleb128 0x3b
 1059 0026 0B       		.uleb128 0xb
 1060 0027 49       		.uleb128 0x49
 1061 0028 13       		.uleb128 0x13
 1062 0029 00       		.byte	0
 1063 002a 00       		.byte	0
 1064 002b 04       		.uleb128 0x4
 1065 002c 24       		.uleb128 0x24
 1066 002d 00       		.byte	0
 1067 002e 0B       		.uleb128 0xb
 1068 002f 0B       		.uleb128 0xb
 1069 0030 3E       		.uleb128 0x3e
 1070 0031 0B       		.uleb128 0xb
 1071 0032 03       		.uleb128 0x3
 1072 0033 0E       		.uleb128 0xe
 1073 0034 00       		.byte	0
 1074 0035 00       		.byte	0
 1075 0036 05       		.uleb128 0x5
 1076 0037 0F       		.uleb128 0xf
 1077 0038 00       		.byte	0
 1078 0039 0B       		.uleb128 0xb
 1079 003a 0B       		.uleb128 0xb
 1080 003b 00       		.byte	0
 1081 003c 00       		.byte	0
 1082 003d 06       		.uleb128 0x6
 1083 003e 16       		.uleb128 0x16
 1084 003f 00       		.byte	0
 1085 0040 03       		.uleb128 0x3
 1086 0041 0E       		.uleb128 0xe
 1087 0042 3A       		.uleb128 0x3a
 1088 0043 0B       		.uleb128 0xb
 1089 0044 3B       		.uleb128 0x3b
 1090 0045 05       		.uleb128 0x5
 1091 0046 49       		.uleb128 0x49
 1092 0047 13       		.uleb128 0x13
 1093 0048 00       		.byte	0
 1094 0049 00       		.byte	0
 1095 004a 07       		.uleb128 0x7
 1096 004b 35       		.uleb128 0x35
 1097 004c 00       		.byte	0
 1098 004d 49       		.uleb128 0x49
 1099 004e 13       		.uleb128 0x13
 1100 004f 00       		.byte	0
 1101 0050 00       		.byte	0
 1102 0051 08       		.uleb128 0x8
 1103 0052 13       		.uleb128 0x13
 1104 0053 01       		.byte	0x1
 1105 0054 0B       		.uleb128 0xb
ARM GAS  C:\Users\Castro\AppData\Local\Temp\cc4GoJUX.s 			page 28


 1106 0055 0B       		.uleb128 0xb
 1107 0056 3A       		.uleb128 0x3a
 1108 0057 0B       		.uleb128 0xb
 1109 0058 3B       		.uleb128 0x3b
 1110 0059 0B       		.uleb128 0xb
 1111 005a 01       		.uleb128 0x1
 1112 005b 13       		.uleb128 0x13
 1113 005c 00       		.byte	0
 1114 005d 00       		.byte	0
 1115 005e 09       		.uleb128 0x9
 1116 005f 0D       		.uleb128 0xd
 1117 0060 00       		.byte	0
 1118 0061 03       		.uleb128 0x3
 1119 0062 0E       		.uleb128 0xe
 1120 0063 3A       		.uleb128 0x3a
 1121 0064 0B       		.uleb128 0xb
 1122 0065 3B       		.uleb128 0x3b
 1123 0066 0B       		.uleb128 0xb
 1124 0067 49       		.uleb128 0x49
 1125 0068 13       		.uleb128 0x13
 1126 0069 38       		.uleb128 0x38
 1127 006a 0B       		.uleb128 0xb
 1128 006b 00       		.byte	0
 1129 006c 00       		.byte	0
 1130 006d 0A       		.uleb128 0xa
 1131 006e 2E       		.uleb128 0x2e
 1132 006f 01       		.byte	0x1
 1133 0070 03       		.uleb128 0x3
 1134 0071 0E       		.uleb128 0xe
 1135 0072 3A       		.uleb128 0x3a
 1136 0073 0B       		.uleb128 0xb
 1137 0074 3B       		.uleb128 0x3b
 1138 0075 0B       		.uleb128 0xb
 1139 0076 27       		.uleb128 0x27
 1140 0077 19       		.uleb128 0x19
 1141 0078 11       		.uleb128 0x11
 1142 0079 01       		.uleb128 0x1
 1143 007a 12       		.uleb128 0x12
 1144 007b 06       		.uleb128 0x6
 1145 007c 40       		.uleb128 0x40
 1146 007d 18       		.uleb128 0x18
 1147 007e 9742     		.uleb128 0x2117
 1148 0080 19       		.uleb128 0x19
 1149 0081 01       		.uleb128 0x1
 1150 0082 13       		.uleb128 0x13
 1151 0083 00       		.byte	0
 1152 0084 00       		.byte	0
 1153 0085 0B       		.uleb128 0xb
 1154 0086 05       		.uleb128 0x5
 1155 0087 00       		.byte	0
 1156 0088 03       		.uleb128 0x3
 1157 0089 0E       		.uleb128 0xe
 1158 008a 3A       		.uleb128 0x3a
 1159 008b 0B       		.uleb128 0xb
 1160 008c 3B       		.uleb128 0x3b
 1161 008d 0B       		.uleb128 0xb
 1162 008e 49       		.uleb128 0x49
ARM GAS  C:\Users\Castro\AppData\Local\Temp\cc4GoJUX.s 			page 29


 1163 008f 13       		.uleb128 0x13
 1164 0090 02       		.uleb128 0x2
 1165 0091 18       		.uleb128 0x18
 1166 0092 00       		.byte	0
 1167 0093 00       		.byte	0
 1168 0094 0C       		.uleb128 0xc
 1169 0095 34       		.uleb128 0x34
 1170 0096 00       		.byte	0
 1171 0097 03       		.uleb128 0x3
 1172 0098 08       		.uleb128 0x8
 1173 0099 3A       		.uleb128 0x3a
 1174 009a 0B       		.uleb128 0xb
 1175 009b 3B       		.uleb128 0x3b
 1176 009c 0B       		.uleb128 0xb
 1177 009d 49       		.uleb128 0x49
 1178 009e 13       		.uleb128 0x13
 1179 009f 02       		.uleb128 0x2
 1180 00a0 17       		.uleb128 0x17
 1181 00a1 00       		.byte	0
 1182 00a2 00       		.byte	0
 1183 00a3 0D       		.uleb128 0xd
 1184 00a4 0B       		.uleb128 0xb
 1185 00a5 01       		.byte	0x1
 1186 00a6 11       		.uleb128 0x11
 1187 00a7 01       		.uleb128 0x1
 1188 00a8 12       		.uleb128 0x12
 1189 00a9 06       		.uleb128 0x6
 1190 00aa 00       		.byte	0
 1191 00ab 00       		.byte	0
 1192 00ac 0E       		.uleb128 0xe
 1193 00ad 34       		.uleb128 0x34
 1194 00ae 00       		.byte	0
 1195 00af 03       		.uleb128 0x3
 1196 00b0 0E       		.uleb128 0xe
 1197 00b1 3A       		.uleb128 0x3a
 1198 00b2 0B       		.uleb128 0xb
 1199 00b3 3B       		.uleb128 0x3b
 1200 00b4 0B       		.uleb128 0xb
 1201 00b5 49       		.uleb128 0x49
 1202 00b6 13       		.uleb128 0x13
 1203 00b7 02       		.uleb128 0x2
 1204 00b8 17       		.uleb128 0x17
 1205 00b9 00       		.byte	0
 1206 00ba 00       		.byte	0
 1207 00bb 0F       		.uleb128 0xf
 1208 00bc 0F       		.uleb128 0xf
 1209 00bd 00       		.byte	0
 1210 00be 0B       		.uleb128 0xb
 1211 00bf 0B       		.uleb128 0xb
 1212 00c0 49       		.uleb128 0x49
 1213 00c1 13       		.uleb128 0x13
 1214 00c2 00       		.byte	0
 1215 00c3 00       		.byte	0
 1216 00c4 10       		.uleb128 0x10
 1217 00c5 26       		.uleb128 0x26
 1218 00c6 00       		.byte	0
 1219 00c7 49       		.uleb128 0x49
ARM GAS  C:\Users\Castro\AppData\Local\Temp\cc4GoJUX.s 			page 30


 1220 00c8 13       		.uleb128 0x13
 1221 00c9 00       		.byte	0
 1222 00ca 00       		.byte	0
 1223 00cb 11       		.uleb128 0x11
 1224 00cc 05       		.uleb128 0x5
 1225 00cd 00       		.byte	0
 1226 00ce 03       		.uleb128 0x3
 1227 00cf 08       		.uleb128 0x8
 1228 00d0 3A       		.uleb128 0x3a
 1229 00d1 0B       		.uleb128 0xb
 1230 00d2 3B       		.uleb128 0x3b
 1231 00d3 0B       		.uleb128 0xb
 1232 00d4 49       		.uleb128 0x49
 1233 00d5 13       		.uleb128 0x13
 1234 00d6 02       		.uleb128 0x2
 1235 00d7 17       		.uleb128 0x17
 1236 00d8 00       		.byte	0
 1237 00d9 00       		.byte	0
 1238 00da 12       		.uleb128 0x12
 1239 00db 898201   		.uleb128 0x4109
 1240 00de 01       		.byte	0x1
 1241 00df 11       		.uleb128 0x11
 1242 00e0 01       		.uleb128 0x1
 1243 00e1 31       		.uleb128 0x31
 1244 00e2 13       		.uleb128 0x13
 1245 00e3 00       		.byte	0
 1246 00e4 00       		.byte	0
 1247 00e5 13       		.uleb128 0x13
 1248 00e6 8A8201   		.uleb128 0x410a
 1249 00e9 00       		.byte	0
 1250 00ea 02       		.uleb128 0x2
 1251 00eb 18       		.uleb128 0x18
 1252 00ec 9142     		.uleb128 0x2111
 1253 00ee 18       		.uleb128 0x18
 1254 00ef 00       		.byte	0
 1255 00f0 00       		.byte	0
 1256 00f1 14       		.uleb128 0x14
 1257 00f2 898201   		.uleb128 0x4109
 1258 00f5 01       		.byte	0x1
 1259 00f6 11       		.uleb128 0x11
 1260 00f7 01       		.uleb128 0x1
 1261 00f8 31       		.uleb128 0x31
 1262 00f9 13       		.uleb128 0x13
 1263 00fa 01       		.uleb128 0x1
 1264 00fb 13       		.uleb128 0x13
 1265 00fc 00       		.byte	0
 1266 00fd 00       		.byte	0
 1267 00fe 15       		.uleb128 0x15
 1268 00ff 2E       		.uleb128 0x2e
 1269 0100 01       		.byte	0x1
 1270 0101 3F       		.uleb128 0x3f
 1271 0102 19       		.uleb128 0x19
 1272 0103 03       		.uleb128 0x3
 1273 0104 0E       		.uleb128 0xe
 1274 0105 3A       		.uleb128 0x3a
 1275 0106 0B       		.uleb128 0xb
 1276 0107 3B       		.uleb128 0x3b
ARM GAS  C:\Users\Castro\AppData\Local\Temp\cc4GoJUX.s 			page 31


 1277 0108 05       		.uleb128 0x5
 1278 0109 27       		.uleb128 0x27
 1279 010a 19       		.uleb128 0x19
 1280 010b 11       		.uleb128 0x11
 1281 010c 01       		.uleb128 0x1
 1282 010d 12       		.uleb128 0x12
 1283 010e 06       		.uleb128 0x6
 1284 010f 40       		.uleb128 0x40
 1285 0110 18       		.uleb128 0x18
 1286 0111 9742     		.uleb128 0x2117
 1287 0113 19       		.uleb128 0x19
 1288 0114 01       		.uleb128 0x1
 1289 0115 13       		.uleb128 0x13
 1290 0116 00       		.byte	0
 1291 0117 00       		.byte	0
 1292 0118 16       		.uleb128 0x16
 1293 0119 05       		.uleb128 0x5
 1294 011a 00       		.byte	0
 1295 011b 03       		.uleb128 0x3
 1296 011c 0E       		.uleb128 0xe
 1297 011d 3A       		.uleb128 0x3a
 1298 011e 0B       		.uleb128 0xb
 1299 011f 3B       		.uleb128 0x3b
 1300 0120 05       		.uleb128 0x5
 1301 0121 49       		.uleb128 0x49
 1302 0122 13       		.uleb128 0x13
 1303 0123 02       		.uleb128 0x2
 1304 0124 18       		.uleb128 0x18
 1305 0125 00       		.byte	0
 1306 0126 00       		.byte	0
 1307 0127 17       		.uleb128 0x17
 1308 0128 34       		.uleb128 0x34
 1309 0129 00       		.byte	0
 1310 012a 03       		.uleb128 0x3
 1311 012b 0E       		.uleb128 0xe
 1312 012c 3A       		.uleb128 0x3a
 1313 012d 0B       		.uleb128 0xb
 1314 012e 3B       		.uleb128 0x3b
 1315 012f 05       		.uleb128 0x5
 1316 0130 49       		.uleb128 0x49
 1317 0131 13       		.uleb128 0x13
 1318 0132 02       		.uleb128 0x2
 1319 0133 17       		.uleb128 0x17
 1320 0134 00       		.byte	0
 1321 0135 00       		.byte	0
 1322 0136 18       		.uleb128 0x18
 1323 0137 2E       		.uleb128 0x2e
 1324 0138 01       		.byte	0x1
 1325 0139 03       		.uleb128 0x3
 1326 013a 0E       		.uleb128 0xe
 1327 013b 3A       		.uleb128 0x3a
 1328 013c 0B       		.uleb128 0xb
 1329 013d 3B       		.uleb128 0x3b
 1330 013e 05       		.uleb128 0x5
 1331 013f 27       		.uleb128 0x27
 1332 0140 19       		.uleb128 0x19
 1333 0141 11       		.uleb128 0x11
ARM GAS  C:\Users\Castro\AppData\Local\Temp\cc4GoJUX.s 			page 32


 1334 0142 01       		.uleb128 0x1
 1335 0143 12       		.uleb128 0x12
 1336 0144 06       		.uleb128 0x6
 1337 0145 40       		.uleb128 0x40
 1338 0146 18       		.uleb128 0x18
 1339 0147 9742     		.uleb128 0x2117
 1340 0149 19       		.uleb128 0x19
 1341 014a 01       		.uleb128 0x1
 1342 014b 13       		.uleb128 0x13
 1343 014c 00       		.byte	0
 1344 014d 00       		.byte	0
 1345 014e 19       		.uleb128 0x19
 1346 014f 0B       		.uleb128 0xb
 1347 0150 01       		.byte	0x1
 1348 0151 11       		.uleb128 0x11
 1349 0152 01       		.uleb128 0x1
 1350 0153 12       		.uleb128 0x12
 1351 0154 06       		.uleb128 0x6
 1352 0155 01       		.uleb128 0x1
 1353 0156 13       		.uleb128 0x13
 1354 0157 00       		.byte	0
 1355 0158 00       		.byte	0
 1356 0159 1A       		.uleb128 0x1a
 1357 015a 34       		.uleb128 0x34
 1358 015b 00       		.byte	0
 1359 015c 03       		.uleb128 0x3
 1360 015d 0E       		.uleb128 0xe
 1361 015e 3A       		.uleb128 0x3a
 1362 015f 0B       		.uleb128 0xb
 1363 0160 3B       		.uleb128 0x3b
 1364 0161 05       		.uleb128 0x5
 1365 0162 49       		.uleb128 0x49
 1366 0163 13       		.uleb128 0x13
 1367 0164 02       		.uleb128 0x2
 1368 0165 18       		.uleb128 0x18
 1369 0166 00       		.byte	0
 1370 0167 00       		.byte	0
 1371 0168 1B       		.uleb128 0x1b
 1372 0169 13       		.uleb128 0x13
 1373 016a 01       		.byte	0x1
 1374 016b 0B       		.uleb128 0xb
 1375 016c 0B       		.uleb128 0xb
 1376 016d 3A       		.uleb128 0x3a
 1377 016e 0B       		.uleb128 0xb
 1378 016f 3B       		.uleb128 0x3b
 1379 0170 05       		.uleb128 0x5
 1380 0171 01       		.uleb128 0x1
 1381 0172 13       		.uleb128 0x13
 1382 0173 00       		.byte	0
 1383 0174 00       		.byte	0
 1384 0175 1C       		.uleb128 0x1c
 1385 0176 0D       		.uleb128 0xd
 1386 0177 00       		.byte	0
 1387 0178 03       		.uleb128 0x3
 1388 0179 0E       		.uleb128 0xe
 1389 017a 3A       		.uleb128 0x3a
 1390 017b 0B       		.uleb128 0xb
ARM GAS  C:\Users\Castro\AppData\Local\Temp\cc4GoJUX.s 			page 33


 1391 017c 3B       		.uleb128 0x3b
 1392 017d 05       		.uleb128 0x5
 1393 017e 49       		.uleb128 0x49
 1394 017f 13       		.uleb128 0x13
 1395 0180 38       		.uleb128 0x38
 1396 0181 0B       		.uleb128 0xb
 1397 0182 00       		.byte	0
 1398 0183 00       		.byte	0
 1399 0184 1D       		.uleb128 0x1d
 1400 0185 01       		.uleb128 0x1
 1401 0186 01       		.byte	0x1
 1402 0187 49       		.uleb128 0x49
 1403 0188 13       		.uleb128 0x13
 1404 0189 01       		.uleb128 0x1
 1405 018a 13       		.uleb128 0x13
 1406 018b 00       		.byte	0
 1407 018c 00       		.byte	0
 1408 018d 1E       		.uleb128 0x1e
 1409 018e 21       		.uleb128 0x21
 1410 018f 00       		.byte	0
 1411 0190 49       		.uleb128 0x49
 1412 0191 13       		.uleb128 0x13
 1413 0192 2F       		.uleb128 0x2f
 1414 0193 0B       		.uleb128 0xb
 1415 0194 00       		.byte	0
 1416 0195 00       		.byte	0
 1417 0196 1F       		.uleb128 0x1f
 1418 0197 34       		.uleb128 0x34
 1419 0198 00       		.byte	0
 1420 0199 03       		.uleb128 0x3
 1421 019a 08       		.uleb128 0x8
 1422 019b 3A       		.uleb128 0x3a
 1423 019c 0B       		.uleb128 0xb
 1424 019d 3B       		.uleb128 0x3b
 1425 019e 05       		.uleb128 0x5
 1426 019f 49       		.uleb128 0x49
 1427 01a0 13       		.uleb128 0x13
 1428 01a1 02       		.uleb128 0x2
 1429 01a2 17       		.uleb128 0x17
 1430 01a3 00       		.byte	0
 1431 01a4 00       		.byte	0
 1432 01a5 20       		.uleb128 0x20
 1433 01a6 898201   		.uleb128 0x4109
 1434 01a9 00       		.byte	0
 1435 01aa 11       		.uleb128 0x11
 1436 01ab 01       		.uleb128 0x1
 1437 01ac 31       		.uleb128 0x31
 1438 01ad 13       		.uleb128 0x13
 1439 01ae 00       		.byte	0
 1440 01af 00       		.byte	0
 1441 01b0 21       		.uleb128 0x21
 1442 01b1 2E       		.uleb128 0x2e
 1443 01b2 00       		.byte	0
 1444 01b3 3F       		.uleb128 0x3f
 1445 01b4 19       		.uleb128 0x19
 1446 01b5 3C       		.uleb128 0x3c
 1447 01b6 19       		.uleb128 0x19
ARM GAS  C:\Users\Castro\AppData\Local\Temp\cc4GoJUX.s 			page 34


 1448 01b7 6E       		.uleb128 0x6e
 1449 01b8 0E       		.uleb128 0xe
 1450 01b9 03       		.uleb128 0x3
 1451 01ba 0E       		.uleb128 0xe
 1452 01bb 00       		.byte	0
 1453 01bc 00       		.byte	0
 1454 01bd 22       		.uleb128 0x22
 1455 01be 2E       		.uleb128 0x2e
 1456 01bf 00       		.byte	0
 1457 01c0 3F       		.uleb128 0x3f
 1458 01c1 19       		.uleb128 0x19
 1459 01c2 3C       		.uleb128 0x3c
 1460 01c3 19       		.uleb128 0x19
 1461 01c4 6E       		.uleb128 0x6e
 1462 01c5 0E       		.uleb128 0xe
 1463 01c6 03       		.uleb128 0x3
 1464 01c7 0E       		.uleb128 0xe
 1465 01c8 3A       		.uleb128 0x3a
 1466 01c9 0B       		.uleb128 0xb
 1467 01ca 3B       		.uleb128 0x3b
 1468 01cb 0B       		.uleb128 0xb
 1469 01cc 00       		.byte	0
 1470 01cd 00       		.byte	0
 1471 01ce 00       		.byte	0
 1472              		.section	.debug_loc,"",%progbits
 1473              	.Ldebug_loc0:
 1474              	.LLST0:
 1475 0000 02000000 		.4byte	.LVL1
 1476 0004 08000000 		.4byte	.LVL2
 1477 0008 0200     		.2byte	0x2
 1478 000a 30       		.byte	0x30
 1479 000b 9F       		.byte	0x9f
 1480 000c 08000000 		.4byte	.LVL2
 1481 0010 30000000 		.4byte	.LVL11
 1482 0014 0100     		.2byte	0x1
 1483 0016 57       		.byte	0x57
 1484 0017 00000000 		.4byte	0
 1485 001b 00000000 		.4byte	0
 1486              	.LLST1:
 1487 001f 02000000 		.4byte	.LVL1
 1488 0023 08000000 		.4byte	.LVL2
 1489 0027 0200     		.2byte	0x2
 1490 0029 30       		.byte	0x30
 1491 002a 9F       		.byte	0x9f
 1492 002b 08000000 		.4byte	.LVL2
 1493 002f 30000000 		.4byte	.LVL10
 1494 0033 0100     		.2byte	0x1
 1495 0035 55       		.byte	0x55
 1496 0036 00000000 		.4byte	0
 1497 003a 00000000 		.4byte	0
 1498              	.LLST2:
 1499 003e 0C000000 		.4byte	.LVL3
 1500 0042 2C000000 		.4byte	.LVL9
 1501 0046 0100     		.2byte	0x1
 1502 0048 56       		.byte	0x56
 1503 0049 00000000 		.4byte	0
 1504 004d 00000000 		.4byte	0
ARM GAS  C:\Users\Castro\AppData\Local\Temp\cc4GoJUX.s 			page 35


 1505              	.LLST3:
 1506 0051 0E000000 		.4byte	.LVL4
 1507 0055 24000000 		.4byte	.LVL7
 1508 0059 0100     		.2byte	0x1
 1509 005b 53       		.byte	0x53
 1510 005c 26000000 		.4byte	.LVL8
 1511 0060 2C000000 		.4byte	.LVL9
 1512 0064 0100     		.2byte	0x1
 1513 0066 53       		.byte	0x53
 1514 0067 00000000 		.4byte	0
 1515 006b 00000000 		.4byte	0
 1516              	.LLST4:
 1517 006f 00000000 		.4byte	.LVL12
 1518 0073 09000000 		.4byte	.LVL14-1
 1519 0077 0100     		.2byte	0x1
 1520 0079 50       		.byte	0x50
 1521 007a 09000000 		.4byte	.LVL14-1
 1522 007e 0C000000 		.4byte	.LFE0
 1523 0082 0400     		.2byte	0x4
 1524 0084 F3       		.byte	0xf3
 1525 0085 01       		.uleb128 0x1
 1526 0086 50       		.byte	0x50
 1527 0087 9F       		.byte	0x9f
 1528 0088 00000000 		.4byte	0
 1529 008c 00000000 		.4byte	0
 1530              	.LLST5:
 1531 0090 00000000 		.4byte	.LVL12
 1532 0094 06000000 		.4byte	.LVL13
 1533 0098 0100     		.2byte	0x1
 1534 009a 51       		.byte	0x51
 1535 009b 06000000 		.4byte	.LVL13
 1536 009f 09000000 		.4byte	.LVL14-1
 1537 00a3 0100     		.2byte	0x1
 1538 00a5 52       		.byte	0x52
 1539 00a6 09000000 		.4byte	.LVL14-1
 1540 00aa 0C000000 		.4byte	.LFE0
 1541 00ae 0400     		.2byte	0x4
 1542 00b0 F3       		.byte	0xf3
 1543 00b1 01       		.uleb128 0x1
 1544 00b2 51       		.byte	0x51
 1545 00b3 9F       		.byte	0x9f
 1546 00b4 00000000 		.4byte	0
 1547 00b8 00000000 		.4byte	0
 1548              	.LLST6:
 1549 00bc 04000000 		.4byte	.LVL19
 1550 00c0 12000000 		.4byte	.LVL21
 1551 00c4 0100     		.2byte	0x1
 1552 00c6 53       		.byte	0x53
 1553 00c7 14000000 		.4byte	.LVL22
 1554 00cb 20000000 		.4byte	.LFE6
 1555 00cf 0100     		.2byte	0x1
 1556 00d1 53       		.byte	0x53
 1557 00d2 00000000 		.4byte	0
 1558 00d6 00000000 		.4byte	0
 1559              	.LLST7:
 1560 00da 7C000000 		.4byte	.LVL24
 1561 00de 80000000 		.4byte	.LVL25
ARM GAS  C:\Users\Castro\AppData\Local\Temp\cc4GoJUX.s 			page 36


 1562 00e2 0200     		.2byte	0x2
 1563 00e4 30       		.byte	0x30
 1564 00e5 9F       		.byte	0x9f
 1565 00e6 80000000 		.4byte	.LVL25
 1566 00ea 9E000000 		.4byte	.LVL27
 1567 00ee 0100     		.2byte	0x1
 1568 00f0 54       		.byte	0x54
 1569 00f1 A0000000 		.4byte	.LVL28
 1570 00f5 26010000 		.4byte	.LVL32
 1571 00f9 0100     		.2byte	0x1
 1572 00fb 54       		.byte	0x54
 1573 00fc 00000000 		.4byte	0
 1574 0100 00000000 		.4byte	0
 1575              	.LLST8:
 1576 0104 80000000 		.4byte	.LVL25
 1577 0108 9E000000 		.4byte	.LVL27
 1578 010c 0B00     		.2byte	0xb
 1579 010e 74       		.byte	0x74
 1580 010f 00       		.sleb128 0
 1581 0110 36       		.byte	0x36
 1582 0111 1E       		.byte	0x1e
 1583 0112 03       		.byte	0x3
 1584 0113 00000000 		.4byte	cfg_memset_list.4876
 1585 0117 22       		.byte	0x22
 1586 0118 9F       		.byte	0x9f
 1587 0119 9E000000 		.4byte	.LVL27
 1588 011d A0000000 		.4byte	.LVL28
 1589 0121 0B00     		.2byte	0xb
 1590 0123 74       		.byte	0x74
 1591 0124 7F       		.sleb128 -1
 1592 0125 36       		.byte	0x36
 1593 0126 1E       		.byte	0x1e
 1594 0127 03       		.byte	0x3
 1595 0128 00000000 		.4byte	cfg_memset_list.4876
 1596 012c 22       		.byte	0x22
 1597 012d 9F       		.byte	0x9f
 1598 012e 00000000 		.4byte	0
 1599 0132 00000000 		.4byte	0
 1600              		.section	.debug_aranges,"",%progbits
 1601 0000 44000000 		.4byte	0x44
 1602 0004 0200     		.2byte	0x2
 1603 0006 00000000 		.4byte	.Ldebug_info0
 1604 000a 04       		.byte	0x4
 1605 000b 00       		.byte	0
 1606 000c 0000     		.2byte	0
 1607 000e 0000     		.2byte	0
 1608 0010 00000000 		.4byte	.LFB3
 1609 0014 32000000 		.4byte	.LFE3-.LFB3
 1610 0018 00000000 		.4byte	.LFB0
 1611 001c 0C000000 		.4byte	.LFE0-.LFB0
 1612 0020 00000000 		.4byte	.LFB4
 1613 0024 78000000 		.4byte	.LFE4-.LFB4
 1614 0028 00000000 		.4byte	.LFB6
 1615 002c 20000000 		.4byte	.LFE6-.LFB6
 1616 0030 00000000 		.4byte	.LFB5
 1617 0034 14000000 		.4byte	.LFE5-.LFB5
 1618 0038 78000000 		.4byte	.LFB7
ARM GAS  C:\Users\Castro\AppData\Local\Temp\cc4GoJUX.s 			page 37


 1619 003c 00010000 		.4byte	.LFE7-.LFB7
 1620 0040 00000000 		.4byte	0
 1621 0044 00000000 		.4byte	0
 1622              		.section	.debug_ranges,"",%progbits
 1623              	.Ldebug_ranges0:
 1624 0000 00000000 		.4byte	.LFB3
 1625 0004 32000000 		.4byte	.LFE3
 1626 0008 00000000 		.4byte	.LFB0
 1627 000c 0C000000 		.4byte	.LFE0
 1628 0010 00000000 		.4byte	.LFB4
 1629 0014 78000000 		.4byte	.LFE4
 1630 0018 00000000 		.4byte	.LFB6
 1631 001c 20000000 		.4byte	.LFE6
 1632 0020 00000000 		.4byte	.LFB5
 1633 0024 14000000 		.4byte	.LFE5
 1634 0028 78000000 		.4byte	.LFB7
 1635 002c 78010000 		.4byte	.LFE7
 1636 0030 00000000 		.4byte	0
 1637 0034 00000000 		.4byte	0
 1638              		.section	.debug_line,"",%progbits
 1639              	.Ldebug_line0:
 1640 0000 8A010000 		.section	.debug_str,"MS",%progbits,1
 1640      0200D600 
 1640      00000201 
 1640      FB0E0D00 
 1640      01010101 
 1641              	.LASF19:
 1642 0000 72656733 		.ascii	"reg32\000"
 1642      3200
 1643              	.LASF12:
 1644 0006 73697A65 		.ascii	"size_t\000"
 1644      5F7400
 1645              	.LASF32:
 1646 000d 416E616C 		.ascii	"AnalogSetDefault\000"
 1646      6F675365 
 1646      74446566 
 1646      61756C74 
 1646      00
 1647              	.LASF42:
 1648 001e 4379496E 		.ascii	"CyIntSetVector\000"
 1648      74536574 
 1648      56656374 
 1648      6F7200
 1649              	.LASF21:
 1650 002d 76616C75 		.ascii	"value\000"
 1650      6500
 1651              	.LASF26:
 1652 0033 636F756E 		.ascii	"count\000"
 1652      7400
 1653              	.LASF29:
 1654 0039 436C6F63 		.ascii	"ClockSetup\000"
 1654      6B536574 
 1654      757000
 1655              	.LASF35:
 1656 0044 63795F63 		.ascii	"cy_cfg_addr_table\000"
 1656      66675F61 
 1656      6464725F 
ARM GAS  C:\Users\Castro\AppData\Local\Temp\cc4GoJUX.s 			page 38


 1656      7461626C 
 1656      6500
 1657              	.LASF36:
 1658 0056 63795F63 		.ascii	"cy_cfg_data_table\000"
 1658      66675F64 
 1658      6174615F 
 1658      7461626C 
 1658      6500
 1659              	.LASF16:
 1660 0068 666C6F61 		.ascii	"float\000"
 1660      7400
 1661              	.LASF46:
 1662 006e 453A5C4C 		.ascii	"E:\\Logica Secuencial\\Exposicion\\distorsion\\Work"
 1662      6F676963 
 1662      61205365 
 1662      6375656E 
 1662      6369616C 
 1663 009d 73706163 		.ascii	"spaceDAC\\Design01.cydsn\000"
 1663      65444143 
 1663      5C446573 
 1663      69676E30 
 1663      312E6379 
 1664              	.LASF38:
 1665 00b5 73697A65 		.ascii	"size\000"
 1665      00
 1666              	.LASF18:
 1667 00ba 72656738 		.ascii	"reg8\000"
 1667      00
 1668              	.LASF8:
 1669 00bf 6C6F6E67 		.ascii	"long unsigned int\000"
 1669      20756E73 
 1669      69676E65 
 1669      6420696E 
 1669      7400
 1670              	.LASF13:
 1671 00d1 75696E74 		.ascii	"uint8\000"
 1671      3800
 1672              	.LASF28:
 1673 00d7 43594D45 		.ascii	"CYMEMZERO\000"
 1673      4D5A4552 
 1673      4F00
 1674              	.LASF33:
 1675 00e1 53657441 		.ascii	"SetAnalogRoutingPumps\000"
 1675      6E616C6F 
 1675      67526F75 
 1675      74696E67 
 1675      50756D70 
 1676              	.LASF4:
 1677 00f7 756E7369 		.ascii	"unsigned char\000"
 1677      676E6564 
 1677      20636861 
 1677      7200
 1678              	.LASF47:
 1679 0105 6D656D73 		.ascii	"memset\000"
 1679      657400
 1680              	.LASF17:
 1681 010c 646F7562 		.ascii	"double\000"
ARM GAS  C:\Users\Castro\AppData\Local\Temp\cc4GoJUX.s 			page 39


 1681      6C6500
 1682              	.LASF27:
 1683 0113 6366675F 		.ascii	"cfg_write_bytes32\000"
 1683      77726974 
 1683      655F6279 
 1683      74657333 
 1683      3200
 1684              	.LASF43:
 1685 0125 4379496E 		.ascii	"CyIntEnable\000"
 1685      74456E61 
 1685      626C6500 
 1686              	.LASF40:
 1687 0131 6366675F 		.ascii	"cfg_memset_list\000"
 1687      6D656D73 
 1687      65745F6C 
 1687      69737400 
 1688              	.LASF23:
 1689 0141 61646472 		.ascii	"addr_table\000"
 1689      5F746162 
 1689      6C6500
 1690              	.LASF14:
 1691 014c 75696E74 		.ascii	"uint16\000"
 1691      313600
 1692              	.LASF24:
 1693 0153 64617461 		.ascii	"data_table\000"
 1693      5F746162 
 1693      6C6500
 1694              	.LASF15:
 1695 015e 75696E74 		.ascii	"uint32\000"
 1695      333200
 1696              	.LASF0:
 1697 0165 756E7369 		.ascii	"unsigned int\000"
 1697      676E6564 
 1697      20696E74 
 1697      00
 1698              	.LASF34:
 1699 0172 63796669 		.ascii	"cyfitter_cfg\000"
 1699      74746572 
 1699      5F636667 
 1699      00
 1700              	.LASF37:
 1701 017f 61646472 		.ascii	"address\000"
 1701      65737300 
 1702              	.LASF9:
 1703 0187 6C6F6E67 		.ascii	"long long unsigned int\000"
 1703      206C6F6E 
 1703      6720756E 
 1703      7369676E 
 1703      65642069 
 1704              	.LASF44:
 1705 019e 474E5520 		.ascii	"GNU C11 5.4.1 20160609 (release) [ARM/embedded-5-br"
 1705      43313120 
 1705      352E342E 
 1705      31203230 
 1705      31363036 
 1706 01d1 616E6368 		.ascii	"anch revision 237715] -mcpu=cortex-m0 -mthumb -g -O"
 1706      20726576 
ARM GAS  C:\Users\Castro\AppData\Local\Temp\cc4GoJUX.s 			page 40


 1706      6973696F 
 1706      6E203233 
 1706      37373135 
 1707 0204 67202D66 		.ascii	"g -ffunction-sections -ffat-lto-objects\000"
 1707      66756E63 
 1707      74696F6E 
 1707      2D736563 
 1707      74696F6E 
 1708              	.LASF39:
 1709 022c 6366675F 		.ascii	"cfg_memset_t\000"
 1709      6D656D73 
 1709      65745F74 
 1709      00
 1710              	.LASF25:
 1711 0239 62617365 		.ascii	"baseAddr\000"
 1711      41646472 
 1711      00
 1712              	.LASF10:
 1713 0242 73697A65 		.ascii	"sizetype\000"
 1713      74797065 
 1713      00
 1714              	.LASF6:
 1715 024b 73686F72 		.ascii	"short unsigned int\000"
 1715      7420756E 
 1715      7369676E 
 1715      65642069 
 1715      6E7400
 1716              	.LASF1:
 1717 025e 6C6F6E67 		.ascii	"long long int\000"
 1717      206C6F6E 
 1717      6720696E 
 1717      7400
 1718              	.LASF11:
 1719 026c 63686172 		.ascii	"char\000"
 1719      00
 1720              	.LASF22:
 1721 0271 63795F63 		.ascii	"cy_cfg_addrvalue_t\000"
 1721      66675F61 
 1721      64647276 
 1721      616C7565 
 1721      5F7400
 1722              	.LASF20:
 1723 0284 6F666673 		.ascii	"offset\000"
 1723      657400
 1724              	.LASF30:
 1725 028b 656E6162 		.ascii	"enabled\000"
 1725      6C656400 
 1726              	.LASF5:
 1727 0293 73686F72 		.ascii	"short int\000"
 1727      7420696E 
 1727      7400
 1728              	.LASF41:
 1729 029d 43795379 		.ascii	"CySysClkWriteImoFreq\000"
 1729      73436C6B 
 1729      57726974 
 1729      65496D6F 
 1729      46726571 
ARM GAS  C:\Users\Castro\AppData\Local\Temp\cc4GoJUX.s 			page 41


 1730              	.LASF7:
 1731 02b2 6C6F6E67 		.ascii	"long int\000"
 1731      20696E74 
 1731      00
 1732              	.LASF2:
 1733 02bb 6C6F6E67 		.ascii	"long double\000"
 1733      20646F75 
 1733      626C6500 
 1734              	.LASF3:
 1735 02c7 7369676E 		.ascii	"signed char\000"
 1735      65642063 
 1735      68617200 
 1736              	.LASF45:
 1737 02d3 47656E65 		.ascii	"Generated_Source\\PSoC4\\cyfitter_cfg.c\000"
 1737      72617465 
 1737      645F536F 
 1737      75726365 
 1737      5C50536F 
 1738              	.LASF31:
 1739 02f9 72656756 		.ascii	"regValue\000"
 1739      616C7565 
 1739      00
 1740              		.ident	"GCC: (GNU Tools for ARM Embedded Processors) 5.4.1 20160609 (release) [ARM/embedded-5-bran
