ARM GAS  C:\Users\Castro\AppData\Local\Temp\cc4j37Mm.s 			page 1


   1              		.syntax unified
   2              		.cpu cortex-m0
   3              		.fpu softvfp
   4              		.eabi_attribute 20, 1
   5              		.eabi_attribute 21, 1
   6              		.eabi_attribute 23, 3
   7              		.eabi_attribute 24, 1
   8              		.eabi_attribute 25, 1
   9              		.eabi_attribute 26, 1
  10              		.eabi_attribute 30, 1
  11              		.eabi_attribute 34, 0
  12              		.eabi_attribute 18, 4
  13              		.thumb
  14              		.syntax unified
  15              		.file	"Pin_3.c"
  16              		.text
  17              	.Ltext0:
  18              		.cfi_sections	.debug_frame
  19              		.section	.text.Pin_3_SetDriveMode,"ax",%progbits
  20              		.align	2
  21              		.global	Pin_3_SetDriveMode
  22              		.code	16
  23              		.thumb_func
  24              		.type	Pin_3_SetDriveMode, %function
  25              	Pin_3_SetDriveMode:
  26              	.LFB0:
  27              		.file 1 "Generated_Source\\PSoC4\\Pin_3.c"
   1:Generated_Source\PSoC4/Pin_3.c **** /*******************************************************************************
   2:Generated_Source\PSoC4/Pin_3.c **** * File Name: Pin_3.c  
   3:Generated_Source\PSoC4/Pin_3.c **** * Version 2.20
   4:Generated_Source\PSoC4/Pin_3.c **** *
   5:Generated_Source\PSoC4/Pin_3.c **** * Description:
   6:Generated_Source\PSoC4/Pin_3.c **** *  This file contains API to enable firmware control of a Pins component.
   7:Generated_Source\PSoC4/Pin_3.c **** *
   8:Generated_Source\PSoC4/Pin_3.c **** ********************************************************************************
   9:Generated_Source\PSoC4/Pin_3.c **** * Copyright 2008-2015, Cypress Semiconductor Corporation.  All rights reserved.
  10:Generated_Source\PSoC4/Pin_3.c **** * You may use this file only in accordance with the license, terms, conditions, 
  11:Generated_Source\PSoC4/Pin_3.c **** * disclaimers, and limitations in the end user license agreement accompanying 
  12:Generated_Source\PSoC4/Pin_3.c **** * the software package with which this file was provided.
  13:Generated_Source\PSoC4/Pin_3.c **** *******************************************************************************/
  14:Generated_Source\PSoC4/Pin_3.c **** 
  15:Generated_Source\PSoC4/Pin_3.c **** #include "cytypes.h"
  16:Generated_Source\PSoC4/Pin_3.c **** #include "Pin_3.h"
  17:Generated_Source\PSoC4/Pin_3.c **** 
  18:Generated_Source\PSoC4/Pin_3.c **** 
  19:Generated_Source\PSoC4/Pin_3.c **** #if defined(Pin_3__PC)
  20:Generated_Source\PSoC4/Pin_3.c ****     #define Pin_3_SetP4PinDriveMode(shift, mode)  \
  21:Generated_Source\PSoC4/Pin_3.c ****     do { \
  22:Generated_Source\PSoC4/Pin_3.c ****         Pin_3_PC =   (Pin_3_PC & \
  23:Generated_Source\PSoC4/Pin_3.c ****                                 (uint32)(~(uint32)(Pin_3_DRIVE_MODE_IND_MASK << \
  24:Generated_Source\PSoC4/Pin_3.c ****                                 (Pin_3_DRIVE_MODE_BITS * (shift))))) | \
  25:Generated_Source\PSoC4/Pin_3.c ****                                 (uint32)((uint32)(mode) << \
  26:Generated_Source\PSoC4/Pin_3.c ****                                 (Pin_3_DRIVE_MODE_BITS * (shift))); \
  27:Generated_Source\PSoC4/Pin_3.c ****     } while (0)
  28:Generated_Source\PSoC4/Pin_3.c **** #else
  29:Generated_Source\PSoC4/Pin_3.c ****     #if (CY_PSOC4_4200L)
  30:Generated_Source\PSoC4/Pin_3.c ****         #define Pin_3_SetP4PinDriveMode(shift, mode)  \
ARM GAS  C:\Users\Castro\AppData\Local\Temp\cc4j37Mm.s 			page 2


  31:Generated_Source\PSoC4/Pin_3.c ****         do { \
  32:Generated_Source\PSoC4/Pin_3.c ****             Pin_3_USBIO_CTRL_REG = (Pin_3_USBIO_CTRL_REG & \
  33:Generated_Source\PSoC4/Pin_3.c ****                                     (uint32)(~(uint32)(Pin_3_DRIVE_MODE_IND_MASK << \
  34:Generated_Source\PSoC4/Pin_3.c ****                                     (Pin_3_DRIVE_MODE_BITS * (shift))))) | \
  35:Generated_Source\PSoC4/Pin_3.c ****                                     (uint32)((uint32)(mode) << \
  36:Generated_Source\PSoC4/Pin_3.c ****                                     (Pin_3_DRIVE_MODE_BITS * (shift))); \
  37:Generated_Source\PSoC4/Pin_3.c ****         } while (0)
  38:Generated_Source\PSoC4/Pin_3.c ****     #endif
  39:Generated_Source\PSoC4/Pin_3.c **** #endif
  40:Generated_Source\PSoC4/Pin_3.c ****   
  41:Generated_Source\PSoC4/Pin_3.c **** 
  42:Generated_Source\PSoC4/Pin_3.c **** #if defined(Pin_3__PC) || (CY_PSOC4_4200L) 
  43:Generated_Source\PSoC4/Pin_3.c ****     /*******************************************************************************
  44:Generated_Source\PSoC4/Pin_3.c ****     * Function Name: Pin_3_SetDriveMode
  45:Generated_Source\PSoC4/Pin_3.c ****     ****************************************************************************//**
  46:Generated_Source\PSoC4/Pin_3.c ****     *
  47:Generated_Source\PSoC4/Pin_3.c ****     * \brief Sets the drive mode for each of the Pins component's pins.
  48:Generated_Source\PSoC4/Pin_3.c ****     * 
  49:Generated_Source\PSoC4/Pin_3.c ****     * <b>Note</b> This affects all pins in the Pins component instance. Use the
  50:Generated_Source\PSoC4/Pin_3.c ****     * Per-Pin APIs if you wish to control individual pin's drive modes.
  51:Generated_Source\PSoC4/Pin_3.c ****     *
  52:Generated_Source\PSoC4/Pin_3.c ****     * <b>Note</b> USBIOs have limited drive functionality. Refer to the Drive Mode
  53:Generated_Source\PSoC4/Pin_3.c ****     * parameter for more information.
  54:Generated_Source\PSoC4/Pin_3.c ****     *
  55:Generated_Source\PSoC4/Pin_3.c ****     * \param mode
  56:Generated_Source\PSoC4/Pin_3.c ****     *  Mode for the selected signals. Valid options are documented in 
  57:Generated_Source\PSoC4/Pin_3.c ****     *  \ref driveMode.
  58:Generated_Source\PSoC4/Pin_3.c ****     *
  59:Generated_Source\PSoC4/Pin_3.c ****     * \return
  60:Generated_Source\PSoC4/Pin_3.c ****     *  None
  61:Generated_Source\PSoC4/Pin_3.c ****     *
  62:Generated_Source\PSoC4/Pin_3.c ****     * \sideeffect
  63:Generated_Source\PSoC4/Pin_3.c ****     *  If you use read-modify-write operations that are not atomic, the ISR can
  64:Generated_Source\PSoC4/Pin_3.c ****     *  cause corruption of this function. An ISR that interrupts this function 
  65:Generated_Source\PSoC4/Pin_3.c ****     *  and performs writes to the Pins component Drive Mode registers can cause 
  66:Generated_Source\PSoC4/Pin_3.c ****     *  corrupted port data. To avoid this issue, you should either use the Per-Pin
  67:Generated_Source\PSoC4/Pin_3.c ****     *  APIs (primary method) or disable interrupts around this function.
  68:Generated_Source\PSoC4/Pin_3.c ****     *
  69:Generated_Source\PSoC4/Pin_3.c ****     * \funcusage
  70:Generated_Source\PSoC4/Pin_3.c ****     *  \snippet Pin_3_SUT.c usage_Pin_3_SetDriveMode
  71:Generated_Source\PSoC4/Pin_3.c ****     *******************************************************************************/
  72:Generated_Source\PSoC4/Pin_3.c ****     void Pin_3_SetDriveMode(uint8 mode)
  73:Generated_Source\PSoC4/Pin_3.c ****     {
  28              		.loc 1 73 0
  29              		.cfi_startproc
  30              		@ args = 0, pretend = 0, frame = 0
  31              		@ frame_needed = 0, uses_anonymous_args = 0
  32              		@ link register save eliminated.
  33              	.LVL0:
  74:Generated_Source\PSoC4/Pin_3.c **** 		Pin_3_SetP4PinDriveMode(Pin_3__0__SHIFT, mode);
  34              		.loc 1 74 0
  35 0000 064B     		ldr	r3, .L2
  36 0002 1968     		ldr	r1, [r3]
  37 0004 064A     		ldr	r2, .L2+4
  38 0006 0A40     		ands	r2, r1
  39 0008 8104     		lsls	r1, r0, #18
  40 000a 0A43     		orrs	r2, r1
ARM GAS  C:\Users\Castro\AppData\Local\Temp\cc4j37Mm.s 			page 3


  41 000c 1A60     		str	r2, [r3]
  75:Generated_Source\PSoC4/Pin_3.c **** 		Pin_3_SetP4PinDriveMode(Pin_3__1__SHIFT, mode);
  42              		.loc 1 75 0
  43 000e 1968     		ldr	r1, [r3]
  44 0010 044A     		ldr	r2, .L2+8
  45 0012 0A40     		ands	r2, r1
  46 0014 4005     		lsls	r0, r0, #21
  47              	.LVL1:
  48 0016 1043     		orrs	r0, r2
  49 0018 1860     		str	r0, [r3]
  76:Generated_Source\PSoC4/Pin_3.c ****     }
  50              		.loc 1 76 0
  51              		@ sp needed
  52 001a 7047     		bx	lr
  53              	.L3:
  54              		.align	2
  55              	.L2:
  56 001c 08000440 		.word	1074003976
  57 0020 FFFFE3FF 		.word	-1835009
  58 0024 FFFF1FFF 		.word	-14680065
  59              		.cfi_endproc
  60              	.LFE0:
  61              		.size	Pin_3_SetDriveMode, .-Pin_3_SetDriveMode
  62              		.section	.text.Pin_3_Write,"ax",%progbits
  63              		.align	2
  64              		.global	Pin_3_Write
  65              		.code	16
  66              		.thumb_func
  67              		.type	Pin_3_Write, %function
  68              	Pin_3_Write:
  69              	.LFB1:
  77:Generated_Source\PSoC4/Pin_3.c **** #endif
  78:Generated_Source\PSoC4/Pin_3.c **** 
  79:Generated_Source\PSoC4/Pin_3.c **** 
  80:Generated_Source\PSoC4/Pin_3.c **** /*******************************************************************************
  81:Generated_Source\PSoC4/Pin_3.c **** * Function Name: Pin_3_Write
  82:Generated_Source\PSoC4/Pin_3.c **** ****************************************************************************//**
  83:Generated_Source\PSoC4/Pin_3.c **** *
  84:Generated_Source\PSoC4/Pin_3.c **** * \brief Writes the value to the physical port (data output register), masking
  85:Generated_Source\PSoC4/Pin_3.c **** *  and shifting the bits appropriately. 
  86:Generated_Source\PSoC4/Pin_3.c **** *
  87:Generated_Source\PSoC4/Pin_3.c **** * The data output register controls the signal applied to the physical pin in 
  88:Generated_Source\PSoC4/Pin_3.c **** * conjunction with the drive mode parameter. This function avoids changing 
  89:Generated_Source\PSoC4/Pin_3.c **** * other bits in the port by using the appropriate method (read-modify-write or
  90:Generated_Source\PSoC4/Pin_3.c **** * bit banding).
  91:Generated_Source\PSoC4/Pin_3.c **** *
  92:Generated_Source\PSoC4/Pin_3.c **** * <b>Note</b> This function should not be used on a hardware digital output pin 
  93:Generated_Source\PSoC4/Pin_3.c **** * as it is driven by the hardware signal attached to it.
  94:Generated_Source\PSoC4/Pin_3.c **** *
  95:Generated_Source\PSoC4/Pin_3.c **** * \param value
  96:Generated_Source\PSoC4/Pin_3.c **** *  Value to write to the component instance.
  97:Generated_Source\PSoC4/Pin_3.c **** *
  98:Generated_Source\PSoC4/Pin_3.c **** * \return 
  99:Generated_Source\PSoC4/Pin_3.c **** *  None 
 100:Generated_Source\PSoC4/Pin_3.c **** *
 101:Generated_Source\PSoC4/Pin_3.c **** * \sideeffect
 102:Generated_Source\PSoC4/Pin_3.c **** *  If you use read-modify-write operations that are not atomic; the Interrupt 
ARM GAS  C:\Users\Castro\AppData\Local\Temp\cc4j37Mm.s 			page 4


 103:Generated_Source\PSoC4/Pin_3.c **** *  Service Routines (ISR) can cause corruption of this function. An ISR that 
 104:Generated_Source\PSoC4/Pin_3.c **** *  interrupts this function and performs writes to the Pins component data 
 105:Generated_Source\PSoC4/Pin_3.c **** *  register can cause corrupted port data. To avoid this issue, you should 
 106:Generated_Source\PSoC4/Pin_3.c **** *  either use the Per-Pin APIs (primary method) or disable interrupts around 
 107:Generated_Source\PSoC4/Pin_3.c **** *  this function.
 108:Generated_Source\PSoC4/Pin_3.c **** *
 109:Generated_Source\PSoC4/Pin_3.c **** * \funcusage
 110:Generated_Source\PSoC4/Pin_3.c **** *  \snippet Pin_3_SUT.c usage_Pin_3_Write
 111:Generated_Source\PSoC4/Pin_3.c **** *******************************************************************************/
 112:Generated_Source\PSoC4/Pin_3.c **** void Pin_3_Write(uint8 value)
 113:Generated_Source\PSoC4/Pin_3.c **** {
  70              		.loc 1 113 0
  71              		.cfi_startproc
  72              		@ args = 0, pretend = 0, frame = 0
  73              		@ frame_needed = 0, uses_anonymous_args = 0
  74              		@ link register save eliminated.
  75              	.LVL2:
 114:Generated_Source\PSoC4/Pin_3.c ****     uint8 drVal = (uint8)(Pin_3_DR & (uint8)(~Pin_3_MASK));
  76              		.loc 1 114 0
  77 0000 0449     		ldr	r1, .L5
  78 0002 0A68     		ldr	r2, [r1]
  79 0004 3F23     		movs	r3, #63
  80 0006 1A40     		ands	r2, r3
  81              	.LVL3:
 115:Generated_Source\PSoC4/Pin_3.c ****     drVal = (drVal | ((uint8)(value << Pin_3_SHIFT) & Pin_3_MASK));
  82              		.loc 1 115 0
  83 0008 8301     		lsls	r3, r0, #6
  84 000a D8B2     		uxtb	r0, r3
  85              	.LVL4:
  86 000c 1043     		orrs	r0, r2
  87              	.LVL5:
 116:Generated_Source\PSoC4/Pin_3.c ****     Pin_3_DR = (uint32)drVal;
  88              		.loc 1 116 0
  89 000e 0860     		str	r0, [r1]
 117:Generated_Source\PSoC4/Pin_3.c **** }
  90              		.loc 1 117 0
  91              		@ sp needed
  92 0010 7047     		bx	lr
  93              	.L6:
  94 0012 C046     		.align	2
  95              	.L5:
  96 0014 00000440 		.word	1074003968
  97              		.cfi_endproc
  98              	.LFE1:
  99              		.size	Pin_3_Write, .-Pin_3_Write
 100              		.section	.text.Pin_3_Read,"ax",%progbits
 101              		.align	2
 102              		.global	Pin_3_Read
 103              		.code	16
 104              		.thumb_func
 105              		.type	Pin_3_Read, %function
 106              	Pin_3_Read:
 107              	.LFB2:
 118:Generated_Source\PSoC4/Pin_3.c **** 
 119:Generated_Source\PSoC4/Pin_3.c **** 
 120:Generated_Source\PSoC4/Pin_3.c **** /*******************************************************************************
 121:Generated_Source\PSoC4/Pin_3.c **** * Function Name: Pin_3_Read
ARM GAS  C:\Users\Castro\AppData\Local\Temp\cc4j37Mm.s 			page 5


 122:Generated_Source\PSoC4/Pin_3.c **** ****************************************************************************//**
 123:Generated_Source\PSoC4/Pin_3.c **** *
 124:Generated_Source\PSoC4/Pin_3.c **** * \brief Reads the associated physical port (pin status register) and masks 
 125:Generated_Source\PSoC4/Pin_3.c **** *  the required bits according to the width and bit position of the component
 126:Generated_Source\PSoC4/Pin_3.c **** *  instance. 
 127:Generated_Source\PSoC4/Pin_3.c **** *
 128:Generated_Source\PSoC4/Pin_3.c **** * The pin's status register returns the current logic level present on the 
 129:Generated_Source\PSoC4/Pin_3.c **** * physical pin.
 130:Generated_Source\PSoC4/Pin_3.c **** *
 131:Generated_Source\PSoC4/Pin_3.c **** * \return 
 132:Generated_Source\PSoC4/Pin_3.c **** *  The current value for the pins in the component as a right justified number.
 133:Generated_Source\PSoC4/Pin_3.c **** *
 134:Generated_Source\PSoC4/Pin_3.c **** * \funcusage
 135:Generated_Source\PSoC4/Pin_3.c **** *  \snippet Pin_3_SUT.c usage_Pin_3_Read  
 136:Generated_Source\PSoC4/Pin_3.c **** *******************************************************************************/
 137:Generated_Source\PSoC4/Pin_3.c **** uint8 Pin_3_Read(void)
 138:Generated_Source\PSoC4/Pin_3.c **** {
 108              		.loc 1 138 0
 109              		.cfi_startproc
 110              		@ args = 0, pretend = 0, frame = 0
 111              		@ frame_needed = 0, uses_anonymous_args = 0
 112              		@ link register save eliminated.
 139:Generated_Source\PSoC4/Pin_3.c ****     return (uint8)((Pin_3_PS & Pin_3_MASK) >> Pin_3_SHIFT);
 113              		.loc 1 139 0
 114 0000 024B     		ldr	r3, .L8
 115 0002 1868     		ldr	r0, [r3]
 116 0004 8009     		lsrs	r0, r0, #6
 117 0006 0323     		movs	r3, #3
 118 0008 1840     		ands	r0, r3
 140:Generated_Source\PSoC4/Pin_3.c **** }
 119              		.loc 1 140 0
 120              		@ sp needed
 121 000a 7047     		bx	lr
 122              	.L9:
 123              		.align	2
 124              	.L8:
 125 000c 04000440 		.word	1074003972
 126              		.cfi_endproc
 127              	.LFE2:
 128              		.size	Pin_3_Read, .-Pin_3_Read
 129              		.section	.text.Pin_3_ReadDataReg,"ax",%progbits
 130              		.align	2
 131              		.global	Pin_3_ReadDataReg
 132              		.code	16
 133              		.thumb_func
 134              		.type	Pin_3_ReadDataReg, %function
 135              	Pin_3_ReadDataReg:
 136              	.LFB3:
 141:Generated_Source\PSoC4/Pin_3.c **** 
 142:Generated_Source\PSoC4/Pin_3.c **** 
 143:Generated_Source\PSoC4/Pin_3.c **** /*******************************************************************************
 144:Generated_Source\PSoC4/Pin_3.c **** * Function Name: Pin_3_ReadDataReg
 145:Generated_Source\PSoC4/Pin_3.c **** ****************************************************************************//**
 146:Generated_Source\PSoC4/Pin_3.c **** *
 147:Generated_Source\PSoC4/Pin_3.c **** * \brief Reads the associated physical port's data output register and masks 
 148:Generated_Source\PSoC4/Pin_3.c **** *  the correct bits according to the width and bit position of the component 
 149:Generated_Source\PSoC4/Pin_3.c **** *  instance. 
ARM GAS  C:\Users\Castro\AppData\Local\Temp\cc4j37Mm.s 			page 6


 150:Generated_Source\PSoC4/Pin_3.c **** *
 151:Generated_Source\PSoC4/Pin_3.c **** * The data output register controls the signal applied to the physical pin in 
 152:Generated_Source\PSoC4/Pin_3.c **** * conjunction with the drive mode parameter. This is not the same as the 
 153:Generated_Source\PSoC4/Pin_3.c **** * preferred Pin_3_Read() API because the 
 154:Generated_Source\PSoC4/Pin_3.c **** * Pin_3_ReadDataReg() reads the data register instead of the status 
 155:Generated_Source\PSoC4/Pin_3.c **** * register. For output pins this is a useful function to determine the value 
 156:Generated_Source\PSoC4/Pin_3.c **** * just written to the pin.
 157:Generated_Source\PSoC4/Pin_3.c **** *
 158:Generated_Source\PSoC4/Pin_3.c **** * \return 
 159:Generated_Source\PSoC4/Pin_3.c **** *  The current value of the data register masked and shifted into a right 
 160:Generated_Source\PSoC4/Pin_3.c **** *  justified number for the component instance.
 161:Generated_Source\PSoC4/Pin_3.c **** *
 162:Generated_Source\PSoC4/Pin_3.c **** * \funcusage
 163:Generated_Source\PSoC4/Pin_3.c **** *  \snippet Pin_3_SUT.c usage_Pin_3_ReadDataReg 
 164:Generated_Source\PSoC4/Pin_3.c **** *******************************************************************************/
 165:Generated_Source\PSoC4/Pin_3.c **** uint8 Pin_3_ReadDataReg(void)
 166:Generated_Source\PSoC4/Pin_3.c **** {
 137              		.loc 1 166 0
 138              		.cfi_startproc
 139              		@ args = 0, pretend = 0, frame = 0
 140              		@ frame_needed = 0, uses_anonymous_args = 0
 141              		@ link register save eliminated.
 167:Generated_Source\PSoC4/Pin_3.c ****     return (uint8)((Pin_3_DR & Pin_3_MASK) >> Pin_3_SHIFT);
 142              		.loc 1 167 0
 143 0000 024B     		ldr	r3, .L11
 144 0002 1868     		ldr	r0, [r3]
 145 0004 8009     		lsrs	r0, r0, #6
 146 0006 0323     		movs	r3, #3
 147 0008 1840     		ands	r0, r3
 168:Generated_Source\PSoC4/Pin_3.c **** }
 148              		.loc 1 168 0
 149              		@ sp needed
 150 000a 7047     		bx	lr
 151              	.L12:
 152              		.align	2
 153              	.L11:
 154 000c 00000440 		.word	1074003968
 155              		.cfi_endproc
 156              	.LFE3:
 157              		.size	Pin_3_ReadDataReg, .-Pin_3_ReadDataReg
 158              		.section	.text.Pin_3_SetInterruptMode,"ax",%progbits
 159              		.align	2
 160              		.global	Pin_3_SetInterruptMode
 161              		.code	16
 162              		.thumb_func
 163              		.type	Pin_3_SetInterruptMode, %function
 164              	Pin_3_SetInterruptMode:
 165              	.LFB4:
 169:Generated_Source\PSoC4/Pin_3.c **** 
 170:Generated_Source\PSoC4/Pin_3.c **** 
 171:Generated_Source\PSoC4/Pin_3.c **** /*******************************************************************************
 172:Generated_Source\PSoC4/Pin_3.c **** * Function Name: Pin_3_SetInterruptMode
 173:Generated_Source\PSoC4/Pin_3.c **** ****************************************************************************//**
 174:Generated_Source\PSoC4/Pin_3.c **** *
 175:Generated_Source\PSoC4/Pin_3.c **** * \brief Configures the interrupt mode for each of the Pins component's
 176:Generated_Source\PSoC4/Pin_3.c **** *  pins. Alternatively you may set the interrupt mode for all the pins
 177:Generated_Source\PSoC4/Pin_3.c **** *  specified in the Pins component.
ARM GAS  C:\Users\Castro\AppData\Local\Temp\cc4j37Mm.s 			page 7


 178:Generated_Source\PSoC4/Pin_3.c **** *
 179:Generated_Source\PSoC4/Pin_3.c **** *  <b>Note</b> The interrupt is port-wide and therefore any enabled pin
 180:Generated_Source\PSoC4/Pin_3.c **** *  interrupt may trigger it.
 181:Generated_Source\PSoC4/Pin_3.c **** *
 182:Generated_Source\PSoC4/Pin_3.c **** * \param position
 183:Generated_Source\PSoC4/Pin_3.c **** *  The pin position as listed in the Pins component. You may OR these to be 
 184:Generated_Source\PSoC4/Pin_3.c **** *  able to configure the interrupt mode of multiple pins within a Pins 
 185:Generated_Source\PSoC4/Pin_3.c **** *  component. Or you may use Pin_3_INTR_ALL to configure the
 186:Generated_Source\PSoC4/Pin_3.c **** *  interrupt mode of all the pins in the Pins component.       
 187:Generated_Source\PSoC4/Pin_3.c **** *  - Pin_3_0_INTR       (First pin in the list)
 188:Generated_Source\PSoC4/Pin_3.c **** *  - Pin_3_1_INTR       (Second pin in the list)
 189:Generated_Source\PSoC4/Pin_3.c **** *  - ...
 190:Generated_Source\PSoC4/Pin_3.c **** *  - Pin_3_INTR_ALL     (All pins in Pins component)
 191:Generated_Source\PSoC4/Pin_3.c **** *
 192:Generated_Source\PSoC4/Pin_3.c **** * \param mode
 193:Generated_Source\PSoC4/Pin_3.c **** *  Interrupt mode for the selected pins. Valid options are documented in
 194:Generated_Source\PSoC4/Pin_3.c **** *  \ref intrMode.
 195:Generated_Source\PSoC4/Pin_3.c **** *
 196:Generated_Source\PSoC4/Pin_3.c **** * \return 
 197:Generated_Source\PSoC4/Pin_3.c **** *  None
 198:Generated_Source\PSoC4/Pin_3.c **** *  
 199:Generated_Source\PSoC4/Pin_3.c **** * \sideeffect
 200:Generated_Source\PSoC4/Pin_3.c **** *  It is recommended that the interrupt be disabled before calling this 
 201:Generated_Source\PSoC4/Pin_3.c **** *  function to avoid unintended interrupt requests. Note that the interrupt
 202:Generated_Source\PSoC4/Pin_3.c **** *  type is port wide, and therefore will trigger for any enabled pin on the 
 203:Generated_Source\PSoC4/Pin_3.c **** *  port.
 204:Generated_Source\PSoC4/Pin_3.c **** *
 205:Generated_Source\PSoC4/Pin_3.c **** * \funcusage
 206:Generated_Source\PSoC4/Pin_3.c **** *  \snippet Pin_3_SUT.c usage_Pin_3_SetInterruptMode
 207:Generated_Source\PSoC4/Pin_3.c **** *******************************************************************************/
 208:Generated_Source\PSoC4/Pin_3.c **** void Pin_3_SetInterruptMode(uint16 position, uint16 mode)
 209:Generated_Source\PSoC4/Pin_3.c **** {
 166              		.loc 1 209 0
 167              		.cfi_startproc
 168              		@ args = 0, pretend = 0, frame = 0
 169              		@ frame_needed = 0, uses_anonymous_args = 0
 170              		@ link register save eliminated.
 171              	.LVL6:
 210:Generated_Source\PSoC4/Pin_3.c ****     uint32 intrCfg;
 211:Generated_Source\PSoC4/Pin_3.c ****     
 212:Generated_Source\PSoC4/Pin_3.c ****     intrCfg =  Pin_3_INTCFG & (uint32)(~(uint32)position);
 172              		.loc 1 212 0
 173 0000 034A     		ldr	r2, .L14
 174 0002 1368     		ldr	r3, [r2]
 175 0004 8343     		bics	r3, r0
 176              	.LVL7:
 213:Generated_Source\PSoC4/Pin_3.c ****     Pin_3_INTCFG = intrCfg | ((uint32)position & (uint32)mode);
 177              		.loc 1 213 0
 178 0006 0840     		ands	r0, r1
 179              	.LVL8:
 180 0008 1843     		orrs	r0, r3
 181 000a 1060     		str	r0, [r2]
 214:Generated_Source\PSoC4/Pin_3.c **** }
 182              		.loc 1 214 0
 183              		@ sp needed
 184 000c 7047     		bx	lr
 185              	.L15:
ARM GAS  C:\Users\Castro\AppData\Local\Temp\cc4j37Mm.s 			page 8


 186 000e C046     		.align	2
 187              	.L14:
 188 0010 0C000440 		.word	1074003980
 189              		.cfi_endproc
 190              	.LFE4:
 191              		.size	Pin_3_SetInterruptMode, .-Pin_3_SetInterruptMode
 192              		.section	.text.Pin_3_ClearInterrupt,"ax",%progbits
 193              		.align	2
 194              		.global	Pin_3_ClearInterrupt
 195              		.code	16
 196              		.thumb_func
 197              		.type	Pin_3_ClearInterrupt, %function
 198              	Pin_3_ClearInterrupt:
 199              	.LFB5:
 215:Generated_Source\PSoC4/Pin_3.c **** 
 216:Generated_Source\PSoC4/Pin_3.c **** 
 217:Generated_Source\PSoC4/Pin_3.c **** /*******************************************************************************
 218:Generated_Source\PSoC4/Pin_3.c **** * Function Name: Pin_3_ClearInterrupt
 219:Generated_Source\PSoC4/Pin_3.c **** ****************************************************************************//**
 220:Generated_Source\PSoC4/Pin_3.c **** *
 221:Generated_Source\PSoC4/Pin_3.c **** * \brief Clears any active interrupts attached with the component and returns 
 222:Generated_Source\PSoC4/Pin_3.c **** *  the value of the interrupt status register allowing determination of which
 223:Generated_Source\PSoC4/Pin_3.c **** *  pins generated an interrupt event.
 224:Generated_Source\PSoC4/Pin_3.c **** *
 225:Generated_Source\PSoC4/Pin_3.c **** * \return 
 226:Generated_Source\PSoC4/Pin_3.c **** *  The right-shifted current value of the interrupt status register. Each pin 
 227:Generated_Source\PSoC4/Pin_3.c **** *  has one bit set if it generated an interrupt event. For example, bit 0 is 
 228:Generated_Source\PSoC4/Pin_3.c **** *  for pin 0 and bit 1 is for pin 1 of the Pins component.
 229:Generated_Source\PSoC4/Pin_3.c **** *  
 230:Generated_Source\PSoC4/Pin_3.c **** * \sideeffect
 231:Generated_Source\PSoC4/Pin_3.c **** *  Clears all bits of the physical port's interrupt status register, not just
 232:Generated_Source\PSoC4/Pin_3.c **** *  those associated with the Pins component.
 233:Generated_Source\PSoC4/Pin_3.c **** *
 234:Generated_Source\PSoC4/Pin_3.c **** * \funcusage
 235:Generated_Source\PSoC4/Pin_3.c **** *  \snippet Pin_3_SUT.c usage_Pin_3_ClearInterrupt
 236:Generated_Source\PSoC4/Pin_3.c **** *******************************************************************************/
 237:Generated_Source\PSoC4/Pin_3.c **** uint8 Pin_3_ClearInterrupt(void)
 238:Generated_Source\PSoC4/Pin_3.c **** {
 200              		.loc 1 238 0
 201              		.cfi_startproc
 202              		@ args = 0, pretend = 0, frame = 0
 203              		@ frame_needed = 0, uses_anonymous_args = 0
 204              		@ link register save eliminated.
 239:Generated_Source\PSoC4/Pin_3.c **** 	uint8 maskedStatus = (uint8)(Pin_3_INTSTAT & Pin_3_MASK);
 205              		.loc 1 239 0
 206 0000 034B     		ldr	r3, .L17
 207 0002 1868     		ldr	r0, [r3]
 208 0004 C0B2     		uxtb	r0, r0
 209 0006 3F22     		movs	r2, #63
 210 0008 9043     		bics	r0, r2
 211              	.LVL9:
 240:Generated_Source\PSoC4/Pin_3.c **** 	Pin_3_INTSTAT = maskedStatus;
 212              		.loc 1 240 0
 213 000a 1860     		str	r0, [r3]
 241:Generated_Source\PSoC4/Pin_3.c ****     return maskedStatus >> Pin_3_SHIFT;
 214              		.loc 1 241 0
 215 000c 8009     		lsrs	r0, r0, #6
ARM GAS  C:\Users\Castro\AppData\Local\Temp\cc4j37Mm.s 			page 9


 216              	.LVL10:
 242:Generated_Source\PSoC4/Pin_3.c **** }
 217              		.loc 1 242 0
 218              		@ sp needed
 219 000e 7047     		bx	lr
 220              	.L18:
 221              		.align	2
 222              	.L17:
 223 0010 10000440 		.word	1074003984
 224              		.cfi_endproc
 225              	.LFE5:
 226              		.size	Pin_3_ClearInterrupt, .-Pin_3_ClearInterrupt
 227              		.text
 228              	.Letext0:
 229              		.file 2 "Generated_Source\\PSoC4\\cytypes.h"
 230              		.section	.debug_info,"",%progbits
 231              	.Ldebug_info0:
 232 0000 99010000 		.4byte	0x199
 233 0004 0400     		.2byte	0x4
 234 0006 00000000 		.4byte	.Ldebug_abbrev0
 235 000a 04       		.byte	0x4
 236 000b 01       		.uleb128 0x1
 237 000c 55010000 		.4byte	.LASF28
 238 0010 0C       		.byte	0xc
 239 0011 1A010000 		.4byte	.LASF29
 240 0015 30000000 		.4byte	.LASF30
 241 0019 00000000 		.4byte	.Ldebug_ranges0+0
 242 001d 00000000 		.4byte	0
 243 0021 00000000 		.4byte	.Ldebug_line0
 244 0025 02       		.uleb128 0x2
 245 0026 01       		.byte	0x1
 246 0027 06       		.byte	0x6
 247 0028 2F020000 		.4byte	.LASF0
 248 002c 02       		.uleb128 0x2
 249 002d 01       		.byte	0x1
 250 002e 08       		.byte	0x8
 251 002f 77000000 		.4byte	.LASF1
 252 0033 02       		.uleb128 0x2
 253 0034 02       		.byte	0x2
 254 0035 05       		.byte	0x5
 255 0036 16020000 		.4byte	.LASF2
 256 003a 02       		.uleb128 0x2
 257 003b 02       		.byte	0x2
 258 003c 07       		.byte	0x7
 259 003d 9D000000 		.4byte	.LASF3
 260 0041 02       		.uleb128 0x2
 261 0042 04       		.byte	0x4
 262 0043 05       		.byte	0x5
 263 0044 26020000 		.4byte	.LASF4
 264 0048 02       		.uleb128 0x2
 265 0049 04       		.byte	0x4
 266 004a 07       		.byte	0x7
 267 004b 8B000000 		.4byte	.LASF5
 268 004f 02       		.uleb128 0x2
 269 0050 08       		.byte	0x8
 270 0051 05       		.byte	0x5
 271 0052 F6010000 		.4byte	.LASF6
ARM GAS  C:\Users\Castro\AppData\Local\Temp\cc4j37Mm.s 			page 10


 272 0056 02       		.uleb128 0x2
 273 0057 08       		.byte	0x8
 274 0058 07       		.byte	0x7
 275 0059 39010000 		.4byte	.LASF7
 276 005d 03       		.uleb128 0x3
 277 005e 04       		.byte	0x4
 278 005f 05       		.byte	0x5
 279 0060 696E7400 		.ascii	"int\000"
 280 0064 02       		.uleb128 0x2
 281 0065 04       		.byte	0x4
 282 0066 07       		.byte	0x7
 283 0067 0D010000 		.4byte	.LASF8
 284 006b 04       		.uleb128 0x4
 285 006c 20020000 		.4byte	.LASF9
 286 0070 02       		.byte	0x2
 287 0071 E401     		.2byte	0x1e4
 288 0073 2C000000 		.4byte	0x2c
 289 0077 04       		.uleb128 0x4
 290 0078 EE000000 		.4byte	.LASF10
 291 007c 02       		.byte	0x2
 292 007d E501     		.2byte	0x1e5
 293 007f 3A000000 		.4byte	0x3a
 294 0083 04       		.uleb128 0x4
 295 0084 FE000000 		.4byte	.LASF11
 296 0088 02       		.byte	0x2
 297 0089 E601     		.2byte	0x1e6
 298 008b 48000000 		.4byte	0x48
 299 008f 02       		.uleb128 0x2
 300 0090 04       		.byte	0x4
 301 0091 04       		.byte	0x4
 302 0092 2A000000 		.4byte	.LASF12
 303 0096 02       		.uleb128 0x2
 304 0097 08       		.byte	0x8
 305 0098 04       		.byte	0x4
 306 0099 E7000000 		.4byte	.LASF13
 307 009d 02       		.uleb128 0x2
 308 009e 01       		.byte	0x1
 309 009f 08       		.byte	0x8
 310 00a0 11020000 		.4byte	.LASF14
 311 00a4 04       		.uleb128 0x4
 312 00a5 00000000 		.4byte	.LASF15
 313 00a9 02       		.byte	0x2
 314 00aa 9002     		.2byte	0x290
 315 00ac B0000000 		.4byte	0xb0
 316 00b0 05       		.uleb128 0x5
 317 00b1 83000000 		.4byte	0x83
 318 00b5 06       		.uleb128 0x6
 319 00b6 E3010000 		.4byte	.LASF16
 320 00ba 01       		.byte	0x1
 321 00bb 48       		.byte	0x48
 322 00bc 00000000 		.4byte	.LFB0
 323 00c0 28000000 		.4byte	.LFE0-.LFB0
 324 00c4 01       		.uleb128 0x1
 325 00c5 9C       		.byte	0x9c
 326 00c6 DA000000 		.4byte	0xda
 327 00ca 07       		.uleb128 0x7
 328 00cb 50010000 		.4byte	.LASF18
ARM GAS  C:\Users\Castro\AppData\Local\Temp\cc4j37Mm.s 			page 11


 329 00cf 01       		.byte	0x1
 330 00d0 48       		.byte	0x48
 331 00d1 6B000000 		.4byte	0x6b
 332 00d5 00000000 		.4byte	.LLST0
 333 00d9 00       		.byte	0
 334 00da 06       		.uleb128 0x6
 335 00db 0C000000 		.4byte	.LASF17
 336 00df 01       		.byte	0x1
 337 00e0 70       		.byte	0x70
 338 00e1 00000000 		.4byte	.LFB1
 339 00e5 18000000 		.4byte	.LFE1-.LFB1
 340 00e9 01       		.uleb128 0x1
 341 00ea 9C       		.byte	0x9c
 342 00eb 0E010000 		.4byte	0x10e
 343 00ef 07       		.uleb128 0x7
 344 00f0 06000000 		.4byte	.LASF19
 345 00f4 01       		.byte	0x1
 346 00f5 70       		.byte	0x70
 347 00f6 6B000000 		.4byte	0x6b
 348 00fa 21000000 		.4byte	.LLST1
 349 00fe 08       		.uleb128 0x8
 350 00ff 85000000 		.4byte	.LASF24
 351 0103 01       		.byte	0x1
 352 0104 72       		.byte	0x72
 353 0105 6B000000 		.4byte	0x6b
 354 0109 42000000 		.4byte	.LLST2
 355 010d 00       		.byte	0
 356 010e 09       		.uleb128 0x9
 357 010f B0000000 		.4byte	.LASF20
 358 0113 01       		.byte	0x1
 359 0114 89       		.byte	0x89
 360 0115 6B000000 		.4byte	0x6b
 361 0119 00000000 		.4byte	.LFB2
 362 011d 10000000 		.4byte	.LFE2-.LFB2
 363 0121 01       		.uleb128 0x1
 364 0122 9C       		.byte	0x9c
 365 0123 09       		.uleb128 0x9
 366 0124 18000000 		.4byte	.LASF21
 367 0128 01       		.byte	0x1
 368 0129 A5       		.byte	0xa5
 369 012a 6B000000 		.4byte	0x6b
 370 012e 00000000 		.4byte	.LFB3
 371 0132 10000000 		.4byte	.LFE3-.LFB3
 372 0136 01       		.uleb128 0x1
 373 0137 9C       		.byte	0x9c
 374 0138 06       		.uleb128 0x6
 375 0139 BB000000 		.4byte	.LASF22
 376 013d 01       		.byte	0x1
 377 013e D0       		.byte	0xd0
 378 013f 00000000 		.4byte	.LFB4
 379 0143 14000000 		.4byte	.LFE4-.LFB4
 380 0147 01       		.uleb128 0x1
 381 0148 9C       		.byte	0x9c
 382 0149 77010000 		.4byte	0x177
 383 014d 07       		.uleb128 0x7
 384 014e F5000000 		.4byte	.LASF23
 385 0152 01       		.byte	0x1
ARM GAS  C:\Users\Castro\AppData\Local\Temp\cc4j37Mm.s 			page 12


 386 0153 D0       		.byte	0xd0
 387 0154 77000000 		.4byte	0x77
 388 0158 60000000 		.4byte	.LLST3
 389 015c 0A       		.uleb128 0xa
 390 015d 50010000 		.4byte	.LASF18
 391 0161 01       		.byte	0x1
 392 0162 D0       		.byte	0xd0
 393 0163 77000000 		.4byte	0x77
 394 0167 01       		.uleb128 0x1
 395 0168 51       		.byte	0x51
 396 0169 0B       		.uleb128 0xb
 397 016a 05010000 		.4byte	.LASF25
 398 016e 01       		.byte	0x1
 399 016f D2       		.byte	0xd2
 400 0170 83000000 		.4byte	0x83
 401 0174 01       		.uleb128 0x1
 402 0175 53       		.byte	0x53
 403 0176 00       		.byte	0
 404 0177 0C       		.uleb128 0xc
 405 0178 D2000000 		.4byte	.LASF26
 406 017c 01       		.byte	0x1
 407 017d ED       		.byte	0xed
 408 017e 6B000000 		.4byte	0x6b
 409 0182 00000000 		.4byte	.LFB5
 410 0186 14000000 		.4byte	.LFE5-.LFB5
 411 018a 01       		.uleb128 0x1
 412 018b 9C       		.byte	0x9c
 413 018c 08       		.uleb128 0x8
 414 018d 04020000 		.4byte	.LASF27
 415 0191 01       		.byte	0x1
 416 0192 EF       		.byte	0xef
 417 0193 6B000000 		.4byte	0x6b
 418 0197 81000000 		.4byte	.LLST4
 419 019b 00       		.byte	0
 420 019c 00       		.byte	0
 421              		.section	.debug_abbrev,"",%progbits
 422              	.Ldebug_abbrev0:
 423 0000 01       		.uleb128 0x1
 424 0001 11       		.uleb128 0x11
 425 0002 01       		.byte	0x1
 426 0003 25       		.uleb128 0x25
 427 0004 0E       		.uleb128 0xe
 428 0005 13       		.uleb128 0x13
 429 0006 0B       		.uleb128 0xb
 430 0007 03       		.uleb128 0x3
 431 0008 0E       		.uleb128 0xe
 432 0009 1B       		.uleb128 0x1b
 433 000a 0E       		.uleb128 0xe
 434 000b 55       		.uleb128 0x55
 435 000c 17       		.uleb128 0x17
 436 000d 11       		.uleb128 0x11
 437 000e 01       		.uleb128 0x1
 438 000f 10       		.uleb128 0x10
 439 0010 17       		.uleb128 0x17
 440 0011 00       		.byte	0
 441 0012 00       		.byte	0
 442 0013 02       		.uleb128 0x2
ARM GAS  C:\Users\Castro\AppData\Local\Temp\cc4j37Mm.s 			page 13


 443 0014 24       		.uleb128 0x24
 444 0015 00       		.byte	0
 445 0016 0B       		.uleb128 0xb
 446 0017 0B       		.uleb128 0xb
 447 0018 3E       		.uleb128 0x3e
 448 0019 0B       		.uleb128 0xb
 449 001a 03       		.uleb128 0x3
 450 001b 0E       		.uleb128 0xe
 451 001c 00       		.byte	0
 452 001d 00       		.byte	0
 453 001e 03       		.uleb128 0x3
 454 001f 24       		.uleb128 0x24
 455 0020 00       		.byte	0
 456 0021 0B       		.uleb128 0xb
 457 0022 0B       		.uleb128 0xb
 458 0023 3E       		.uleb128 0x3e
 459 0024 0B       		.uleb128 0xb
 460 0025 03       		.uleb128 0x3
 461 0026 08       		.uleb128 0x8
 462 0027 00       		.byte	0
 463 0028 00       		.byte	0
 464 0029 04       		.uleb128 0x4
 465 002a 16       		.uleb128 0x16
 466 002b 00       		.byte	0
 467 002c 03       		.uleb128 0x3
 468 002d 0E       		.uleb128 0xe
 469 002e 3A       		.uleb128 0x3a
 470 002f 0B       		.uleb128 0xb
 471 0030 3B       		.uleb128 0x3b
 472 0031 05       		.uleb128 0x5
 473 0032 49       		.uleb128 0x49
 474 0033 13       		.uleb128 0x13
 475 0034 00       		.byte	0
 476 0035 00       		.byte	0
 477 0036 05       		.uleb128 0x5
 478 0037 35       		.uleb128 0x35
 479 0038 00       		.byte	0
 480 0039 49       		.uleb128 0x49
 481 003a 13       		.uleb128 0x13
 482 003b 00       		.byte	0
 483 003c 00       		.byte	0
 484 003d 06       		.uleb128 0x6
 485 003e 2E       		.uleb128 0x2e
 486 003f 01       		.byte	0x1
 487 0040 3F       		.uleb128 0x3f
 488 0041 19       		.uleb128 0x19
 489 0042 03       		.uleb128 0x3
 490 0043 0E       		.uleb128 0xe
 491 0044 3A       		.uleb128 0x3a
 492 0045 0B       		.uleb128 0xb
 493 0046 3B       		.uleb128 0x3b
 494 0047 0B       		.uleb128 0xb
 495 0048 27       		.uleb128 0x27
 496 0049 19       		.uleb128 0x19
 497 004a 11       		.uleb128 0x11
 498 004b 01       		.uleb128 0x1
 499 004c 12       		.uleb128 0x12
ARM GAS  C:\Users\Castro\AppData\Local\Temp\cc4j37Mm.s 			page 14


 500 004d 06       		.uleb128 0x6
 501 004e 40       		.uleb128 0x40
 502 004f 18       		.uleb128 0x18
 503 0050 9742     		.uleb128 0x2117
 504 0052 19       		.uleb128 0x19
 505 0053 01       		.uleb128 0x1
 506 0054 13       		.uleb128 0x13
 507 0055 00       		.byte	0
 508 0056 00       		.byte	0
 509 0057 07       		.uleb128 0x7
 510 0058 05       		.uleb128 0x5
 511 0059 00       		.byte	0
 512 005a 03       		.uleb128 0x3
 513 005b 0E       		.uleb128 0xe
 514 005c 3A       		.uleb128 0x3a
 515 005d 0B       		.uleb128 0xb
 516 005e 3B       		.uleb128 0x3b
 517 005f 0B       		.uleb128 0xb
 518 0060 49       		.uleb128 0x49
 519 0061 13       		.uleb128 0x13
 520 0062 02       		.uleb128 0x2
 521 0063 17       		.uleb128 0x17
 522 0064 00       		.byte	0
 523 0065 00       		.byte	0
 524 0066 08       		.uleb128 0x8
 525 0067 34       		.uleb128 0x34
 526 0068 00       		.byte	0
 527 0069 03       		.uleb128 0x3
 528 006a 0E       		.uleb128 0xe
 529 006b 3A       		.uleb128 0x3a
 530 006c 0B       		.uleb128 0xb
 531 006d 3B       		.uleb128 0x3b
 532 006e 0B       		.uleb128 0xb
 533 006f 49       		.uleb128 0x49
 534 0070 13       		.uleb128 0x13
 535 0071 02       		.uleb128 0x2
 536 0072 17       		.uleb128 0x17
 537 0073 00       		.byte	0
 538 0074 00       		.byte	0
 539 0075 09       		.uleb128 0x9
 540 0076 2E       		.uleb128 0x2e
 541 0077 00       		.byte	0
 542 0078 3F       		.uleb128 0x3f
 543 0079 19       		.uleb128 0x19
 544 007a 03       		.uleb128 0x3
 545 007b 0E       		.uleb128 0xe
 546 007c 3A       		.uleb128 0x3a
 547 007d 0B       		.uleb128 0xb
 548 007e 3B       		.uleb128 0x3b
 549 007f 0B       		.uleb128 0xb
 550 0080 27       		.uleb128 0x27
 551 0081 19       		.uleb128 0x19
 552 0082 49       		.uleb128 0x49
 553 0083 13       		.uleb128 0x13
 554 0084 11       		.uleb128 0x11
 555 0085 01       		.uleb128 0x1
 556 0086 12       		.uleb128 0x12
ARM GAS  C:\Users\Castro\AppData\Local\Temp\cc4j37Mm.s 			page 15


 557 0087 06       		.uleb128 0x6
 558 0088 40       		.uleb128 0x40
 559 0089 18       		.uleb128 0x18
 560 008a 9742     		.uleb128 0x2117
 561 008c 19       		.uleb128 0x19
 562 008d 00       		.byte	0
 563 008e 00       		.byte	0
 564 008f 0A       		.uleb128 0xa
 565 0090 05       		.uleb128 0x5
 566 0091 00       		.byte	0
 567 0092 03       		.uleb128 0x3
 568 0093 0E       		.uleb128 0xe
 569 0094 3A       		.uleb128 0x3a
 570 0095 0B       		.uleb128 0xb
 571 0096 3B       		.uleb128 0x3b
 572 0097 0B       		.uleb128 0xb
 573 0098 49       		.uleb128 0x49
 574 0099 13       		.uleb128 0x13
 575 009a 02       		.uleb128 0x2
 576 009b 18       		.uleb128 0x18
 577 009c 00       		.byte	0
 578 009d 00       		.byte	0
 579 009e 0B       		.uleb128 0xb
 580 009f 34       		.uleb128 0x34
 581 00a0 00       		.byte	0
 582 00a1 03       		.uleb128 0x3
 583 00a2 0E       		.uleb128 0xe
 584 00a3 3A       		.uleb128 0x3a
 585 00a4 0B       		.uleb128 0xb
 586 00a5 3B       		.uleb128 0x3b
 587 00a6 0B       		.uleb128 0xb
 588 00a7 49       		.uleb128 0x49
 589 00a8 13       		.uleb128 0x13
 590 00a9 02       		.uleb128 0x2
 591 00aa 18       		.uleb128 0x18
 592 00ab 00       		.byte	0
 593 00ac 00       		.byte	0
 594 00ad 0C       		.uleb128 0xc
 595 00ae 2E       		.uleb128 0x2e
 596 00af 01       		.byte	0x1
 597 00b0 3F       		.uleb128 0x3f
 598 00b1 19       		.uleb128 0x19
 599 00b2 03       		.uleb128 0x3
 600 00b3 0E       		.uleb128 0xe
 601 00b4 3A       		.uleb128 0x3a
 602 00b5 0B       		.uleb128 0xb
 603 00b6 3B       		.uleb128 0x3b
 604 00b7 0B       		.uleb128 0xb
 605 00b8 27       		.uleb128 0x27
 606 00b9 19       		.uleb128 0x19
 607 00ba 49       		.uleb128 0x49
 608 00bb 13       		.uleb128 0x13
 609 00bc 11       		.uleb128 0x11
 610 00bd 01       		.uleb128 0x1
 611 00be 12       		.uleb128 0x12
 612 00bf 06       		.uleb128 0x6
 613 00c0 40       		.uleb128 0x40
ARM GAS  C:\Users\Castro\AppData\Local\Temp\cc4j37Mm.s 			page 16


 614 00c1 18       		.uleb128 0x18
 615 00c2 9742     		.uleb128 0x2117
 616 00c4 19       		.uleb128 0x19
 617 00c5 00       		.byte	0
 618 00c6 00       		.byte	0
 619 00c7 00       		.byte	0
 620              		.section	.debug_loc,"",%progbits
 621              	.Ldebug_loc0:
 622              	.LLST0:
 623 0000 00000000 		.4byte	.LVL0
 624 0004 16000000 		.4byte	.LVL1
 625 0008 0100     		.2byte	0x1
 626 000a 50       		.byte	0x50
 627 000b 16000000 		.4byte	.LVL1
 628 000f 28000000 		.4byte	.LFE0
 629 0013 0400     		.2byte	0x4
 630 0015 F3       		.byte	0xf3
 631 0016 01       		.uleb128 0x1
 632 0017 50       		.byte	0x50
 633 0018 9F       		.byte	0x9f
 634 0019 00000000 		.4byte	0
 635 001d 00000000 		.4byte	0
 636              	.LLST1:
 637 0021 00000000 		.4byte	.LVL2
 638 0025 0C000000 		.4byte	.LVL4
 639 0029 0100     		.2byte	0x1
 640 002b 50       		.byte	0x50
 641 002c 0C000000 		.4byte	.LVL4
 642 0030 18000000 		.4byte	.LFE1
 643 0034 0400     		.2byte	0x4
 644 0036 F3       		.byte	0xf3
 645 0037 01       		.uleb128 0x1
 646 0038 50       		.byte	0x50
 647 0039 9F       		.byte	0x9f
 648 003a 00000000 		.4byte	0
 649 003e 00000000 		.4byte	0
 650              	.LLST2:
 651 0042 08000000 		.4byte	.LVL3
 652 0046 0E000000 		.4byte	.LVL5
 653 004a 0100     		.2byte	0x1
 654 004c 52       		.byte	0x52
 655 004d 0E000000 		.4byte	.LVL5
 656 0051 18000000 		.4byte	.LFE1
 657 0055 0100     		.2byte	0x1
 658 0057 50       		.byte	0x50
 659 0058 00000000 		.4byte	0
 660 005c 00000000 		.4byte	0
 661              	.LLST3:
 662 0060 00000000 		.4byte	.LVL6
 663 0064 08000000 		.4byte	.LVL8
 664 0068 0100     		.2byte	0x1
 665 006a 50       		.byte	0x50
 666 006b 08000000 		.4byte	.LVL8
 667 006f 14000000 		.4byte	.LFE4
 668 0073 0400     		.2byte	0x4
 669 0075 F3       		.byte	0xf3
 670 0076 01       		.uleb128 0x1
ARM GAS  C:\Users\Castro\AppData\Local\Temp\cc4j37Mm.s 			page 17


 671 0077 50       		.byte	0x50
 672 0078 9F       		.byte	0x9f
 673 0079 00000000 		.4byte	0
 674 007d 00000000 		.4byte	0
 675              	.LLST4:
 676 0081 0A000000 		.4byte	.LVL9
 677 0085 0E000000 		.4byte	.LVL10
 678 0089 0100     		.2byte	0x1
 679 008b 50       		.byte	0x50
 680 008c 0E000000 		.4byte	.LVL10
 681 0090 14000000 		.4byte	.LFE5
 682 0094 0400     		.2byte	0x4
 683 0096 73       		.byte	0x73
 684 0097 00       		.sleb128 0
 685 0098 06       		.byte	0x6
 686 0099 9F       		.byte	0x9f
 687 009a 00000000 		.4byte	0
 688 009e 00000000 		.4byte	0
 689              		.section	.debug_aranges,"",%progbits
 690 0000 44000000 		.4byte	0x44
 691 0004 0200     		.2byte	0x2
 692 0006 00000000 		.4byte	.Ldebug_info0
 693 000a 04       		.byte	0x4
 694 000b 00       		.byte	0
 695 000c 0000     		.2byte	0
 696 000e 0000     		.2byte	0
 697 0010 00000000 		.4byte	.LFB0
 698 0014 28000000 		.4byte	.LFE0-.LFB0
 699 0018 00000000 		.4byte	.LFB1
 700 001c 18000000 		.4byte	.LFE1-.LFB1
 701 0020 00000000 		.4byte	.LFB2
 702 0024 10000000 		.4byte	.LFE2-.LFB2
 703 0028 00000000 		.4byte	.LFB3
 704 002c 10000000 		.4byte	.LFE3-.LFB3
 705 0030 00000000 		.4byte	.LFB4
 706 0034 14000000 		.4byte	.LFE4-.LFB4
 707 0038 00000000 		.4byte	.LFB5
 708 003c 14000000 		.4byte	.LFE5-.LFB5
 709 0040 00000000 		.4byte	0
 710 0044 00000000 		.4byte	0
 711              		.section	.debug_ranges,"",%progbits
 712              	.Ldebug_ranges0:
 713 0000 00000000 		.4byte	.LFB0
 714 0004 28000000 		.4byte	.LFE0
 715 0008 00000000 		.4byte	.LFB1
 716 000c 18000000 		.4byte	.LFE1
 717 0010 00000000 		.4byte	.LFB2
 718 0014 10000000 		.4byte	.LFE2
 719 0018 00000000 		.4byte	.LFB3
 720 001c 10000000 		.4byte	.LFE3
 721 0020 00000000 		.4byte	.LFB4
 722 0024 14000000 		.4byte	.LFE4
 723 0028 00000000 		.4byte	.LFB5
 724 002c 14000000 		.4byte	.LFE5
 725 0030 00000000 		.4byte	0
 726 0034 00000000 		.4byte	0
 727              		.section	.debug_line,"",%progbits
ARM GAS  C:\Users\Castro\AppData\Local\Temp\cc4j37Mm.s 			page 18


 728              	.Ldebug_line0:
 729 0000 BA000000 		.section	.debug_str,"MS",%progbits,1
 729      02004200 
 729      00000201 
 729      FB0E0D00 
 729      01010101 
 730              	.LASF15:
 731 0000 72656733 		.ascii	"reg32\000"
 731      3200
 732              	.LASF19:
 733 0006 76616C75 		.ascii	"value\000"
 733      6500
 734              	.LASF17:
 735 000c 50696E5F 		.ascii	"Pin_3_Write\000"
 735      335F5772 
 735      69746500 
 736              	.LASF21:
 737 0018 50696E5F 		.ascii	"Pin_3_ReadDataReg\000"
 737      335F5265 
 737      61644461 
 737      74615265 
 737      6700
 738              	.LASF12:
 739 002a 666C6F61 		.ascii	"float\000"
 739      7400
 740              	.LASF30:
 741 0030 453A5C4C 		.ascii	"E:\\Logica Secuencial\\Exposicion\\distorsion\\Work"
 741      6F676963 
 741      61205365 
 741      6375656E 
 741      6369616C 
 742 005f 73706163 		.ascii	"spaceDAC\\Design01.cydsn\000"
 742      65444143 
 742      5C446573 
 742      69676E30 
 742      312E6379 
 743              	.LASF1:
 744 0077 756E7369 		.ascii	"unsigned char\000"
 744      676E6564 
 744      20636861 
 744      7200
 745              	.LASF24:
 746 0085 64725661 		.ascii	"drVal\000"
 746      6C00
 747              	.LASF5:
 748 008b 6C6F6E67 		.ascii	"long unsigned int\000"
 748      20756E73 
 748      69676E65 
 748      6420696E 
 748      7400
 749              	.LASF3:
 750 009d 73686F72 		.ascii	"short unsigned int\000"
 750      7420756E 
 750      7369676E 
 750      65642069 
 750      6E7400
 751              	.LASF20:
ARM GAS  C:\Users\Castro\AppData\Local\Temp\cc4j37Mm.s 			page 19


 752 00b0 50696E5F 		.ascii	"Pin_3_Read\000"
 752      335F5265 
 752      616400
 753              	.LASF22:
 754 00bb 50696E5F 		.ascii	"Pin_3_SetInterruptMode\000"
 754      335F5365 
 754      74496E74 
 754      65727275 
 754      70744D6F 
 755              	.LASF26:
 756 00d2 50696E5F 		.ascii	"Pin_3_ClearInterrupt\000"
 756      335F436C 
 756      65617249 
 756      6E746572 
 756      72757074 
 757              	.LASF13:
 758 00e7 646F7562 		.ascii	"double\000"
 758      6C6500
 759              	.LASF10:
 760 00ee 75696E74 		.ascii	"uint16\000"
 760      313600
 761              	.LASF23:
 762 00f5 706F7369 		.ascii	"position\000"
 762      74696F6E 
 762      00
 763              	.LASF11:
 764 00fe 75696E74 		.ascii	"uint32\000"
 764      333200
 765              	.LASF25:
 766 0105 696E7472 		.ascii	"intrCfg\000"
 766      43666700 
 767              	.LASF8:
 768 010d 756E7369 		.ascii	"unsigned int\000"
 768      676E6564 
 768      20696E74 
 768      00
 769              	.LASF29:
 770 011a 47656E65 		.ascii	"Generated_Source\\PSoC4\\Pin_3.c\000"
 770      72617465 
 770      645F536F 
 770      75726365 
 770      5C50536F 
 771              	.LASF7:
 772 0139 6C6F6E67 		.ascii	"long long unsigned int\000"
 772      206C6F6E 
 772      6720756E 
 772      7369676E 
 772      65642069 
 773              	.LASF18:
 774 0150 6D6F6465 		.ascii	"mode\000"
 774      00
 775              	.LASF28:
 776 0155 474E5520 		.ascii	"GNU C11 5.4.1 20160609 (release) [ARM/embedded-5-br"
 776      43313120 
 776      352E342E 
 776      31203230 
 776      31363036 
ARM GAS  C:\Users\Castro\AppData\Local\Temp\cc4j37Mm.s 			page 20


 777 0188 616E6368 		.ascii	"anch revision 237715] -mcpu=cortex-m0 -mthumb -g -O"
 777      20726576 
 777      6973696F 
 777      6E203233 
 777      37373135 
 778 01bb 67202D66 		.ascii	"g -ffunction-sections -ffat-lto-objects\000"
 778      66756E63 
 778      74696F6E 
 778      2D736563 
 778      74696F6E 
 779              	.LASF16:
 780 01e3 50696E5F 		.ascii	"Pin_3_SetDriveMode\000"
 780      335F5365 
 780      74447269 
 780      76654D6F 
 780      646500
 781              	.LASF6:
 782 01f6 6C6F6E67 		.ascii	"long long int\000"
 782      206C6F6E 
 782      6720696E 
 782      7400
 783              	.LASF27:
 784 0204 6D61736B 		.ascii	"maskedStatus\000"
 784      65645374 
 784      61747573 
 784      00
 785              	.LASF14:
 786 0211 63686172 		.ascii	"char\000"
 786      00
 787              	.LASF2:
 788 0216 73686F72 		.ascii	"short int\000"
 788      7420696E 
 788      7400
 789              	.LASF9:
 790 0220 75696E74 		.ascii	"uint8\000"
 790      3800
 791              	.LASF4:
 792 0226 6C6F6E67 		.ascii	"long int\000"
 792      20696E74 
 792      00
 793              	.LASF0:
 794 022f 7369676E 		.ascii	"signed char\000"
 794      65642063 
 794      68617200 
 795              		.ident	"GCC: (GNU Tools for ARM Embedded Processors) 5.4.1 20160609 (release) [ARM/embedded-5-bran
